<html>
<body>
<pre>
<h1>礦ision Build Log</h1>
<h2>Tool Versions:</h2>
IDE-Version: μVision V5.14.0.0
Copyright (C) 2015 ARM Ltd and ARM Germany GmbH. All rights reserved.
License Information: alientek ALIENTEK, alientek, LIC=P6F30-B6QWQ-NSTYQ-NADBU-EHBEX-H88UC
 
Tool Versions:
Toolchain:       MDK-ARM Professional  Version: 5.14.0.0
Toolchain Path:  E:\ruanjian\MDK5\ARM\ARMCC\Bin
C Compiler:      Armcc.exe V5.05 update 1 (build 106)
Assembler:       Armasm.exe V5.05 update 1 (build 106)
Linker/Locator:  ArmLink.exe V5.05 update 1 (build 106)
Library Manager: ArmAr.exe V5.05 update 1 (build 106)
Hex Converter:   FromElf.exe V5.05 update 1 (build 106)
CPU DLL:         SARMCM3.DLL V5.14.0.0
Dialog DLL:      DCM.DLL V1.13.1.0
Target DLL:      STLink\ST-LINKIII-KEIL_SWO.dll V2.0.14.0_KEIL
Dialog DLL:      TCM.DLL V1.14.4.0
 
<h2>Project:</h2>
C:\Users\Administrator\Desktop\小便携程序\1\Application\STM32Cube_FW_L1_V1.6.0\Projects\STM32L15xC-IAP\Templates\MDK-ARM\Project.uvprojx
Project File Date:  07/25/2017

<h2>Output:</h2>
Build target 'STM32L152C-Discovery'
compiling stm32l152c_discovery.c...
compiling main.c...
compiling stm32l1xx_it.c...
compiling stm32l1xx_hal_msp.c...
compiling common.c...
compiling flash_if.c...
..\Src\flash_if.c(197): warning:  #177-D: variable "ProtectedPAGE" was declared but never referenced
    uint32_t ProtectedPAGE=0;     
..\Src\flash_if.c: 1 warning, 0 errors
compiling menu.c...
compiling ymodem.c...
compiling system_stm32l1xx.c...
assembling startup_stm32l152xc.s...
compiling stm32l1xx_hal_opamp_ex.c...
compiling stm32l1xx_hal_smartcard.c...
compiling stm32l1xx_hal_cryp.c...
compiling stm32l1xx_hal_uart.c...
compiling stm32l1xx_hal_rcc.c...
compiling stm32l1xx_hal_irda.c...
compiling stm32l1xx_hal_rtc_ex.c...
compiling stm32l1xx_hal_flash_ex.c...
compiling stm32l1xx_hal_i2s.c...
compiling stm32l1xx_hal_iwdg.c...
compiling stm32l1xx_hal_flash.c...
compiling stm32l1xx_hal_comp.c...
compiling stm32l1xx_hal_tim.c...
compiling stm32l1xx_ll_sdmmc.c...
compiling stm32l1xx_hal_rcc_ex.c...
compiling stm32l1xx_hal_dma.c...
compiling stm32l1xx_hal_sram.c...
compiling stm32l1xx_hal_cortex.c...
compiling stm32l1xx_hal_dac.c...
compiling stm32l1xx_hal_pcd_ex.c...
compiling stm32l1xx_hal_gpio.c...
compiling stm32l1xx_hal_pcd.c...
compiling stm32l1xx_hal_tim_ex.c...
compiling stm32l1xx_hal_usart.c...
compiling stm32l1xx_hal_lcd.c...
compiling stm32l1xx_hal.c...
compiling stm32l1xx_hal_flash_ramfunc.c...
compiling stm32l1xx_hal_cryp_ex.c...
compiling stm32l1xx_hal_pwr.c...
compiling stm32l1xx_hal_opamp.c...
compiling stm32l1xx_hal_sd.c...
compiling stm32l1xx_ll_fsmc.c...
compiling stm32l1xx_hal_nor.c...
compiling stm32l1xx_hal_wwdg.c...
compiling stm32l1xx_hal_crc.c...
compiling stm32l1xx_hal_i2c.c...
compiling stm32l1xx_hal_rtc.c...
compiling stm32l1xx_hal_spi_ex.c...
compiling stm32l1xx_hal_dac_ex.c...
compiling stm32l1xx_hal_pwr_ex.c...
compiling stm32l1xx_hal_adc_ex.c...
compiling stm32l1xx_hal_spi.c...
compiling stm32l1xx_hal_adc.c...
linking...
Program Size: Code=10748 RO-data=824 RW-data=20 ZI-data=2340  
FromELF: creating hex file...
"STM32L152C-Discovery\STM32L152C-Discovery.axf" - 0 Error(s), 1 Warning(s).

<h2>Software Packages used:</h2>

Package Vendor: ARM
                http://www.keil.com/pack/ARM.CMSIS.4.2.0.pack
                ARM::CMSIS:CORE:3.40.0
                CMSIS (Cortex Microcontroller Software Interface Standard)
   * Component: CORE Version: 3.40.0

<h2>Collection of Component include folders:</h2>
  C:\Users\Administrator\Desktop\小便携程序\1\Application\STM32Cube_FW_L1_V1.6.0\Projects\STM32L15xC-IAP\Templates\MDK-ARM\RTE
  E:\ruanjian\MDK5\ARM\PACK\ARM\CMSIS\4.2.0\CMSIS\Include
  E:\ruanjian\MDK5\ARM\PACK\Keil\STM32L1xx_DFP\1.1.0

<h2>Collection of Component Files used:</h2>

   * Component: ARM::CMSIS:CORE:3.40.0
      Source file:   CMSIS\UserCodeTemplates\ARM\ITM_Retarget.c
</pre>
</body>
</html>
