Component: ARM Compiler 5.05 update 1 (build 106) Tool: armlink [4d0efa]

==============================================================================

Section Cross References

    tasks.o(i.prvAddCurrentTaskToDelayedList) refers to list.o(i.vListInsert) for vListInsert
    tasks.o(i.prvAddCurrentTaskToDelayedList) refers to tasks.o(.data) for .data
    tasks.o(i.prvCheckTasksWaitingTermination) refers to tasks.o(i.vTaskSuspendAll) for vTaskSuspendAll
    tasks.o(i.prvCheckTasksWaitingTermination) refers to tasks.o(i.xTaskResumeAll) for xTaskResumeAll
    tasks.o(i.prvCheckTasksWaitingTermination) refers to port.o(i.vPortEnterCritical) for vPortEnterCritical
    tasks.o(i.prvCheckTasksWaitingTermination) refers to list.o(i.uxListRemove) for uxListRemove
    tasks.o(i.prvCheckTasksWaitingTermination) refers to port.o(i.vPortExitCritical) for vPortExitCritical
    tasks.o(i.prvCheckTasksWaitingTermination) refers to heap_4.o(i.vPortFree) for vPortFree
    tasks.o(i.prvCheckTasksWaitingTermination) refers to tasks.o(.bss) for .bss
    tasks.o(i.prvCheckTasksWaitingTermination) refers to tasks.o(.data) for .data
    tasks.o(i.prvIdleTask) refers to tasks.o(i.prvCheckTasksWaitingTermination) for prvCheckTasksWaitingTermination
    tasks.o(i.prvIdleTask) refers to port.o(i.vPortYield) for vPortYield
    tasks.o(i.prvIdleTask) refers to tasks.o(.bss) for .bss
    tasks.o(i.prvResetNextTaskUnblockTime) refers to tasks.o(.data) for .data
    tasks.o(i.pvTaskIncrementMutexHeldCount) refers to tasks.o(.data) for .data
    tasks.o(i.ulTaskNotifyTake) refers to port.o(i.vPortEnterCritical) for vPortEnterCritical
    tasks.o(i.ulTaskNotifyTake) refers to list.o(i.uxListRemove) for uxListRemove
    tasks.o(i.ulTaskNotifyTake) refers to tasks.o(i.prvAddCurrentTaskToDelayedList) for prvAddCurrentTaskToDelayedList
    tasks.o(i.ulTaskNotifyTake) refers to port.o(i.vPortYield) for vPortYield
    tasks.o(i.ulTaskNotifyTake) refers to port.o(i.vPortExitCritical) for vPortExitCritical
    tasks.o(i.ulTaskNotifyTake) refers to tasks.o(.data) for .data
    tasks.o(i.uxTaskGetNumberOfTasks) refers to tasks.o(.data) for .data
    tasks.o(i.uxTaskGetSystemState) refers to tasks.o(i.vTaskSuspendAll) for vTaskSuspendAll
    tasks.o(i.uxTaskGetSystemState) refers to tasks.o(i.prvListTaskWithinSingleList) for prvListTaskWithinSingleList
    tasks.o(i.uxTaskGetSystemState) refers to tasks.o(i.xTaskResumeAll) for xTaskResumeAll
    tasks.o(i.uxTaskGetSystemState) refers to tasks.o(.data) for .data
    tasks.o(i.uxTaskGetSystemState) refers to tasks.o(.bss) for .bss
    tasks.o(i.uxTaskPriorityGet) refers to port.o(i.vPortEnterCritical) for vPortEnterCritical
    tasks.o(i.uxTaskPriorityGet) refers to port.o(i.vPortExitCritical) for vPortExitCritical
    tasks.o(i.uxTaskPriorityGet) refers to tasks.o(.data) for .data
    tasks.o(i.uxTaskPriorityGetFromISR) refers to port.o(i.vPortValidateInterruptPriority) for vPortValidateInterruptPriority
    tasks.o(i.uxTaskPriorityGetFromISR) refers to port.o(.emb_text) for ulPortSetInterruptMask
    tasks.o(i.uxTaskPriorityGetFromISR) refers to tasks.o(.data) for .data
    tasks.o(i.uxTaskResetEventItemValue) refers to tasks.o(.data) for .data
    tasks.o(i.vTaskDelay) refers to port.o(.emb_text) for ulPortSetInterruptMask
    tasks.o(i.vTaskDelay) refers to tasks.o(i.vTaskSuspendAll) for vTaskSuspendAll
    tasks.o(i.vTaskDelay) refers to list.o(i.uxListRemove) for uxListRemove
    tasks.o(i.vTaskDelay) refers to tasks.o(i.prvAddCurrentTaskToDelayedList) for prvAddCurrentTaskToDelayedList
    tasks.o(i.vTaskDelay) refers to tasks.o(i.xTaskResumeAll) for xTaskResumeAll
    tasks.o(i.vTaskDelay) refers to port.o(i.vPortYield) for vPortYield
    tasks.o(i.vTaskDelay) refers to tasks.o(.data) for .data
    tasks.o(i.vTaskDelete) refers to port.o(i.vPortEnterCritical) for vPortEnterCritical
    tasks.o(i.vTaskDelete) refers to list.o(i.uxListRemove) for uxListRemove
    tasks.o(i.vTaskDelete) refers to list.o(i.vListInsertEnd) for vListInsertEnd
    tasks.o(i.vTaskDelete) refers to port.o(i.vPortExitCritical) for vPortExitCritical
    tasks.o(i.vTaskDelete) refers to port.o(.emb_text) for ulPortSetInterruptMask
    tasks.o(i.vTaskDelete) refers to port.o(i.vPortYield) for vPortYield
    tasks.o(i.vTaskDelete) refers to tasks.o(i.prvResetNextTaskUnblockTime) for prvResetNextTaskUnblockTime
    tasks.o(i.vTaskDelete) refers to tasks.o(.data) for .data
    tasks.o(i.vTaskDelete) refers to tasks.o(.bss) for .bss
    tasks.o(i.vTaskEndScheduler) refers to port.o(.emb_text) for ulPortSetInterruptMask
    tasks.o(i.vTaskEndScheduler) refers to port.o(i.vPortEndScheduler) for vPortEndScheduler
    tasks.o(i.vTaskEndScheduler) refers to tasks.o(.data) for .data
    tasks.o(i.vTaskMissedYield) refers to tasks.o(.data) for .data
    tasks.o(i.vTaskNotifyGiveFromISR) refers to port.o(i.vPortValidateInterruptPriority) for vPortValidateInterruptPriority
[...]
    queue.o(i.xQueueTakeMutexRecursive) refers to queue.o(i.xQueueGenericReceive) for xQueueGenericReceive
    heap_4.o(i.prvHeapInit) refers to heap_4.o(.bss) for .bss
    heap_4.o(i.prvHeapInit) refers to heap_4.o(.data) for .data
    heap_4.o(i.prvInsertBlockIntoFreeList) refers to heap_4.o(.data) for .data
    heap_4.o(i.pvPortMalloc) refers to tasks.o(i.vTaskSuspendAll) for vTaskSuspendAll
    heap_4.o(i.pvPortMalloc) refers to heap_4.o(i.prvHeapInit) for prvHeapInit
    heap_4.o(i.pvPortMalloc) refers to port.o(.emb_text) for ulPortSetInterruptMask
    heap_4.o(i.pvPortMalloc) refers to heap_4.o(i.prvInsertBlockIntoFreeList) for prvInsertBlockIntoFreeList
    heap_4.o(i.pvPortMalloc) refers to tasks.o(i.xTaskResumeAll) for xTaskResumeAll
    heap_4.o(i.pvPortMalloc) refers to heap_4.o(.data) for .data
    heap_4.o(i.vPortFree) refers to port.o(.emb_text) for ulPortSetInterruptMask
    heap_4.o(i.vPortFree) refers to tasks.o(i.vTaskSuspendAll) for vTaskSuspendAll
    heap_4.o(i.vPortFree) refers to heap_4.o(i.prvInsertBlockIntoFreeList) for prvInsertBlockIntoFreeList
    heap_4.o(i.vPortFree) refers to tasks.o(i.xTaskResumeAll) for xTaskResumeAll
    heap_4.o(i.vPortFree) refers to heap_4.o(.data) for .data
    heap_4.o(i.xPortGetFreeHeapSize) refers to heap_4.o(.data) for .data
    heap_4.o(i.xPortGetMinimumEverFreeHeapSize) refers to heap_4.o(.data) for .data
    port.o(.emb_text) refers to tasks.o(i.vTaskSwitchContext) for vTaskSwitchContext
    port.o(.emb_text) refers to tasks.o(.data) for pxCurrentTCB
    port.o(i.prvTaskExitError) refers to port.o(.emb_text) for ulPortSetInterruptMask
    port.o(i.prvTaskExitError) refers to port.o(.data) for .data
    port.o(i.pxPortInitialiseStack) refers to port.o(i.prvTaskExitError) for prvTaskExitError
    port.o(i.vPortEndScheduler) refers to port.o(.emb_text) for ulPortSetInterruptMask
    port.o(i.vPortEndScheduler) refers to port.o(.data) for .data
    port.o(i.vPortEnterCritical) refers to port.o(.emb_text) for ulPortSetInterruptMask
    port.o(i.vPortEnterCritical) refers to port.o(.data) for .data
    port.o(i.vPortExitCritical) refers to port.o(.emb_text) for vPortClearInterruptMask
    port.o(i.vPortExitCritical) refers to port.o(.data) for .data
    port.o(i.vPortSetupTimerInterrupt) refers to system_stm32l1xx.o(.data) for SystemCoreClock
    port.o(i.vPortValidateInterruptPriority) refers to port.o(.emb_text) for vPortGetIPSR
    port.o(i.vPortValidateInterruptPriority) refers to port.o(.data) for .data
    port.o(i.xPortStartScheduler) refers to port.o(i.vPortSetupTimerInterrupt) for vPortSetupTimerInterrupt
    port.o(i.xPortStartScheduler) refers to port.o(.emb_text) for __asm___6_port_c_39a90d8d__prvStartFirstTask
    port.o(i.xPortStartScheduler) refers to port.o(.data) for .data
    port.o(i.xPortSysTickHandler) refers to port.o(.emb_text) for ulPortSetInterruptMask
    port.o(i.xPortSysTickHandler) refers to tasks.o(i.xTaskIncrementTick) for xTaskIncrementTick
    cmsis_os.o(i.osDelay) refers to tasks.o(i.vTaskDelay) for vTaskDelay
    cmsis_os.o(i.osKernelRunning) refers to tasks.o(i.xTaskGetSchedulerState) for xTaskGetSchedulerState
    cmsis_os.o(i.osKernelStart) refers to tasks.o(i.vTaskStartScheduler) for vTaskStartScheduler
    cmsis_os.o(i.osKernelSysTick) refers to cmsis_os.o(i.inHandlerMode) for inHandlerMode
    cmsis_os.o(i.osKernelSysTick) refers to tasks.o(i.xTaskGetTickCountFromISR) for xTaskGetTickCountFromISR
    cmsis_os.o(i.osKernelSysTick) refers to tasks.o(i.xTaskGetTickCount) for xTaskGetTickCount
    cmsis_os.o(i.osMailAlloc) refers to cmsis_os.o(i.osPoolAlloc) for osPoolAlloc
    cmsis_os.o(i.osMailCAlloc) refers to cmsis_os.o(i.osMailAlloc) for osMailAlloc
    cmsis_os.o(i.osMailCreate) refers to heap_4.o(i.pvPortMalloc) for pvPortMalloc
    cmsis_os.o(i.osMailCreate) refers to queue.o(i.xQueueGenericCreate) for xQueueGenericCreate
    cmsis_os.o(i.osMailCreate) refers to cmsis_os.o(i.osPoolCreate) for osPoolCreate
    cmsis_os.o(i.osMailCreate) refers to heap_4.o(i.vPortFree) for vPortFree
    cmsis_os.o(i.osMailFree) refers to cmsis_os.o(i.osPoolFree) for osPoolFree
    cmsis_os.o(i.osMailGet) refers to cmsis_os.o(i.inHandlerMode) for inHandlerMode
    cmsis_os.o(i.osMailGet) refers to queue.o(i.xQueueReceiveFromISR) for xQueueReceiveFromISR
    cmsis_os.o(i.osMailGet) refers to queue.o(i.xQueueGenericReceive) for xQueueGenericReceive
    cmsis_os.o(i.osMailPut) refers to cmsis_os.o(i.inHandlerMode) for inHandlerMode
    cmsis_os.o(i.osMailPut) refers to queue.o(i.xQueueGenericSendFromISR) for xQueueGenericSendFromISR
    cmsis_os.o(i.osMailPut) refers to queue.o(i.xQueueGenericSend) for xQueueGenericSend
    cmsis_os.o(i.osMessageCreate) refers to queue.o(i.xQueueGenericCreate) for xQueueGenericCreate
    cmsis_os.o(i.osMessageGet) refers to cmsis_os.o(i.inHandlerMode) for inHandlerMode
    cmsis_os.o(i.osMessageGet) refers to queue.o(i.xQueueReceiveFromISR) for xQueueReceiveFromISR
    cmsis_os.o(i.osMessageGet) refers to queue.o(i.xQueueGenericReceive) for xQueueGenericReceive
    cmsis_os.o(i.osMessagePeek) refers to queue.o(i.xQueueGenericReceive) for xQueueGenericReceive
    cmsis_os.o(i.osMessagePut) refers to cmsis_os.o(i.inHandlerMode) for inHandlerMode
    cmsis_os.o(i.osMessagePut) refers to queue.o(i.xQueueGenericSendFromISR) for xQueueGenericSendFromISR
    cmsis_os.o(i.osMessagePut) refers to queue.o(i.xQueueGenericSend) for xQueueGenericSend
    cmsis_os.o(i.osMutexCreate) refers to queue.o(i.xQueueCreateMutex) for xQueueCreateMutex
    cmsis_os.o(i.osMutexDelete) refers to cmsis_os.o(i.inHandlerMode) for inHandlerMode
    cmsis_os.o(i.osMutexDelete) refers to queue.o(i.vQueueDelete) for vQueueDelete
    cmsis_os.o(i.osMutexRelease) refers to cmsis_os.o(i.inHandlerMode) for inHandlerMode
    cmsis_os.o(i.osMutexRelease) refers to queue.o(i.xQueueGiveFromISR) for xQueueGiveFromISR
    cmsis_os.o(i.osMutexRelease) refers to queue.o(i.xQueueGenericSend) for xQueueGenericSend
    cmsis_os.o(i.osMutexWait) refers to cmsis_os.o(i.inHandlerMode) for inHandlerMode
    cmsis_os.o(i.osMutexWait) refers to queue.o(i.xQueueReceiveFromISR) for xQueueReceiveFromISR
    cmsis_os.o(i.osMutexWait) refers to queue.o(i.xQueueGenericReceive) for xQueueGenericReceive
    cmsis_os.o(i.osPoolAlloc) refers to cmsis_os.o(i.inHandlerMode) for inHandlerMode
    cmsis_os.o(i.osPoolAlloc) refers to port.o(.emb_text) for ulPortSetInterruptMask
    cmsis_os.o(i.osPoolAlloc) refers to port.o(i.vPortEnterCritical) for vPortEnterCritical
    cmsis_os.o(i.osPoolAlloc) refers to port.o(i.vPortExitCritical) for vPortExitCritical
    cmsis_os.o(i.osPoolCAlloc) refers to cmsis_os.o(i.osPoolAlloc) for osPoolAlloc
    cmsis_os.o(i.osPoolCreate) refers to heap_4.o(i.pvPortMalloc) for pvPortMalloc
    cmsis_os.o(i.osPoolCreate) refers to heap_4.o(i.vPortFree) for vPortFree
    cmsis_os.o(i.osRecursiveMutexCreate) refers to queue.o(i.xQueueCreateMutex) for xQueueCreateMutex
    cmsis_os.o(i.osRecursiveMutexRelease) refers to queue.o(i.xQueueGiveMutexRecursive) for xQueueGiveMutexRecursive
    cmsis_os.o(i.osRecursiveMutexWait) refers to queue.o(i.xQueueTakeMutexRecursive) for xQueueTakeMutexRecursive
    cmsis_os.o(i.osSemaphoreCreate) refers to queue.o(i.xQueueCreateCountingSemaphore) for xQueueCreateCountingSemaphore
    cmsis_os.o(i.osSemaphoreCreate) refers to queue.o(i.xQueueGenericCreate) for xQueueGenericCreate
    cmsis_os.o(i.osSemaphoreCreate) refers to queue.o(i.xQueueGenericSend) for xQueueGenericSend
    cmsis_os.o(i.osSemaphoreDelete) refers to cmsis_os.o(i.inHandlerMode) for inHandlerMode
    cmsis_os.o(i.osSemaphoreDelete) refers to queue.o(i.vQueueDelete) for vQueueDelete
    cmsis_os.o(i.osSemaphoreRelease) refers to cmsis_os.o(i.inHandlerMode) for inHandlerMode
    cmsis_os.o(i.osSemaphoreRelease) refers to queue.o(i.xQueueGiveFromISR) for xQueueGiveFromISR
    cmsis_os.o(i.osSemaphoreRelease) refers to queue.o(i.xQueueGenericSend) for xQueueGenericSend
    cmsis_os.o(i.osSemaphoreWait) refers to cmsis_os.o(i.inHandlerMode) for inHandlerMode
    cmsis_os.o(i.osSemaphoreWait) refers to queue.o(i.xQueueReceiveFromISR) for xQueueReceiveFromISR
    cmsis_os.o(i.osSemaphoreWait) refers to queue.o(i.xQueueGenericReceive) for xQueueGenericReceive
    cmsis_os.o(i.osSignalSet) refers to cmsis_os.o(i.inHandlerMode) for inHandlerMode
    cmsis_os.o(i.osSignalSet) refers to tasks.o(i.xTaskGenericNotifyFromISR) for xTaskGenericNotifyFromISR
    cmsis_os.o(i.osSignalSet) refers to tasks.o(i.xTaskGenericNotify) for xTaskGenericNotify
    cmsis_os.o(i.osSignalWait) refers to cmsis_os.o(i.inHandlerMode) for inHandlerMode
    cmsis_os.o(i.osSignalWait) refers to tasks.o(i.xTaskNotifyWait) for xTaskNotifyWait
    cmsis_os.o(i.osSystickHandler) refers to tasks.o(i.xTaskGetSchedulerState) for xTaskGetSchedulerState
    cmsis_os.o(i.osSystickHandler) refers to port.o(i.xPortSysTickHandler) for xPortSysTickHandler
    cmsis_os.o(i.osThreadCreate) refers to cmsis_os.o(i.makeFreeRtosPriority) for makeFreeRtosPriority
    cmsis_os.o(i.osThreadCreate) refers to tasks.o(i.xTaskGenericCreate) for xTaskGenericCreate
    cmsis_os.o(i.osThreadGetId) refers to tasks.o(i.xTaskGetCurrentTaskHandle) for xTaskGetCurrentTaskHandle
    cmsis_os.o(i.osThreadGetPriority) refers to cmsis_os.o(i.inHandlerMode) for inHandlerMode
    cmsis_os.o(i.osThreadGetPriority) refers to tasks.o(i.uxTaskPriorityGetFromISR) for uxTaskPriorityGetFromISR
    cmsis_os.o(i.osThreadGetPriority) refers to tasks.o(i.uxTaskPriorityGet) for uxTaskPriorityGet
    cmsis_os.o(i.osThreadGetPriority) refers to cmsis_os.o(i.makeCmsisPriority) for makeCmsisPriority
    cmsis_os.o(i.osThreadResumeAll) refers to tasks.o(i.xTaskResumeAll) for xTaskResumeAll
    cmsis_os.o(i.osThreadSetPriority) refers to cmsis_os.o(i.makeFreeRtosPriority) for makeFreeRtosPriority
    cmsis_os.o(i.osThreadSetPriority) refers to tasks.o(i.vTaskPrioritySet) for vTaskPrioritySet
    cmsis_os.o(i.osThreadSuspendAll) refers to tasks.o(i.vTaskSuspendAll) for vTaskSuspendAll
    cmsis_os.o(i.osThreadTerminate) refers to tasks.o(i.vTaskDelete) for vTaskDelete
    cmsis_os.o(i.osThreadYield) refers to port.o(i.vPortYield) for vPortYield
    system_stm32l1xx.o(i.SystemCoreClockUpdate) refers to system_stm32l1xx.o(.data) for .data
    system_stm32l1xx.o(i.SystemCoreClockUpdate) refers to system_stm32l1xx.o(.constdata) for .constdata
    stm32l152d_eval.o(i.BSP_JOY_GetState) refers to stm32l1xx_hal_gpio.o(i.HAL_GPIO_ReadPin) for HAL_GPIO_ReadPin
    stm32l152d_eval.o(i.BSP_JOY_GetState) refers to stm32l152d_eval.o(.constdata) for .constdata
    stm32l152d_eval.o(i.BSP_JOY_GetState) refers to stm32l152d_eval.o(.data) for .data
    stm32l152d_eval.o(i.BSP_JOY_Init) refers to memseta.o(.text) for __aeabi_memclr4
    stm32l152d_eval.o(i.BSP_JOY_Init) refers to stm32l1xx_hal_gpio.o(i.HAL_GPIO_Init) for HAL_GPIO_Init
    stm32l152d_eval.o(i.BSP_JOY_Init) refers to stm32l1xx_hal_cortex.o(i.HAL_NVIC_SetPriority) for HAL_NVIC_SetPriority
    stm32l152d_eval.o(i.BSP_JOY_Init) refers to stm32l1xx_hal_cortex.o(i.HAL_NVIC_EnableIRQ) for HAL_NVIC_EnableIRQ
    stm32l152d_eval.o(i.BSP_JOY_Init) refers to stm32l152d_eval.o(.data) for .data
    stm32l152d_eval.o(i.BSP_JOY_Init) refers to stm32l152d_eval.o(.constdata) for .constdata
    stm32l152d_eval.o(i.BSP_LED_Init) refers to memseta.o(.text) for __aeabi_memclr4
    stm32l152d_eval.o(i.BSP_LED_Init) refers to stm32l1xx_hal_gpio.o(i.HAL_GPIO_Init) for HAL_GPIO_Init
    stm32l152d_eval.o(i.BSP_LED_Init) refers to stm32l1xx_hal_gpio.o(i.HAL_GPIO_WritePin) for HAL_GPIO_WritePin
    stm32l152d_eval.o(i.BSP_LED_Init) refers to stm32l152d_eval.o(.constdata) for .constdata
    stm32l152d_eval.o(i.BSP_LED_Init) refers to stm32l152d_eval.o(.data) for .data
    stm32l152d_eval.o(i.BSP_LED_Off) refers to stm32l1xx_hal_gpio.o(i.HAL_GPIO_WritePin) for HAL_GPIO_WritePin
    stm32l152d_eval.o(i.BSP_LED_Off) refers to stm32l152d_eval.o(.constdata) for .constdata
    stm32l152d_eval.o(i.BSP_LED_Off) refers to stm32l152d_eval.o(.data) for .data
    stm32l152d_eval.o(i.BSP_LED_On) refers to stm32l1xx_hal_gpio.o(i.HAL_GPIO_WritePin) for HAL_GPIO_WritePin
    stm32l152d_eval.o(i.BSP_LED_On) refers to stm32l152d_eval.o(.constdata) for .constdata
    stm32l152d_eval.o(i.BSP_LED_On) refers to stm32l152d_eval.o(.data) for .data
    stm32l152d_eval.o(i.BSP_LED_Toggle) refers to stm32l1xx_hal_gpio.o(i.HAL_GPIO_TogglePin) for HAL_GPIO_TogglePin
    stm32l152d_eval.o(i.BSP_LED_Toggle) refers to stm32l152d_eval.o(.constdata) for .constdata
    stm32l152d_eval.o(i.BSP_LED_Toggle) refers to stm32l152d_eval.o(.data) for .data
    stm32l152d_eval.o(i.BSP_PB_GetState) refers to stm32l1xx_hal_gpio.o(i.HAL_GPIO_ReadPin) for HAL_GPIO_ReadPin
    stm32l152d_eval.o(i.BSP_PB_GetState) refers to stm32l152d_eval.o(.constdata) for .constdata
    stm32l152d_eval.o(i.BSP_PB_GetState) refers to stm32l152d_eval.o(.data) for .data
    stm32l152d_eval.o(i.BSP_PB_Init) refers to memseta.o(.text) for __aeabi_memclr4
    stm32l152d_eval.o(i.BSP_PB_Init) refers to stm32l1xx_hal_gpio.o(i.HAL_GPIO_Init) for HAL_GPIO_Init
    stm32l152d_eval.o(i.BSP_PB_Init) refers to stm32l1xx_hal_cortex.o(i.HAL_NVIC_SetPriority) for HAL_NVIC_SetPriority
    stm32l152d_eval.o(i.BSP_PB_Init) refers to stm32l1xx_hal_cortex.o(i.HAL_NVIC_EnableIRQ) for HAL_NVIC_EnableIRQ
    stm32l152d_eval.o(i.BSP_PB_Init) refers to stm32l152d_eval.o(.constdata) for .constdata
    stm32l152d_eval.o(i.BSP_PB_Init) refers to stm32l152d_eval.o(.data) for .data
    stm32l1xx_hal_rcc.o(i.HAL_RCC_ClockConfig) refers to stm32l1xx_hal.o(i.HAL_GetTick) for HAL_GetTick
    stm32l1xx_hal_rcc.o(i.HAL_RCC_ClockConfig) refers to stm32l1xx_hal_rcc.o(i.HAL_RCC_GetSysClockFreq) for HAL_RCC_GetSysClockFreq
    stm32l1xx_hal_rcc.o(i.HAL_RCC_ClockConfig) refers to stm32l1xx_hal.o(i.HAL_InitTick) for HAL_InitTick
    stm32l1xx_hal_rcc.o(i.HAL_RCC_ClockConfig) refers to system_stm32l1xx.o(.constdata) for AHBPrescTable
    stm32l1xx_hal_rcc.o(i.HAL_RCC_ClockConfig) refers to system_stm32l1xx.o(.data) for SystemCoreClock
    stm32l1xx_hal_rcc.o(i.HAL_RCC_DeInit) refers to system_stm32l1xx.o(.data) for SystemCoreClock
    stm32l1xx_hal_rcc.o(i.HAL_RCC_GetHCLKFreq) refers to system_stm32l1xx.o(.data) for SystemCoreClock
    stm32l1xx_hal_rcc.o(i.HAL_RCC_GetPCLK1Freq) refers to system_stm32l1xx.o(.data) for SystemCoreClock
    stm32l1xx_hal_rcc.o(i.HAL_RCC_GetPCLK1Freq) refers to system_stm32l1xx.o(.constdata) for APBPrescTable
    stm32l1xx_hal_rcc.o(i.HAL_RCC_GetPCLK2Freq) refers to system_stm32l1xx.o(.data) for SystemCoreClock
    stm32l1xx_hal_rcc.o(i.HAL_RCC_GetPCLK2Freq) refers to system_stm32l1xx.o(.constdata) for APBPrescTable
    stm32l1xx_hal_rcc.o(i.HAL_RCC_GetSysClockFreq) refers to system_stm32l1xx.o(.constdata) for PLLMulTable
    stm32l1xx_hal_rcc.o(i.HAL_RCC_MCOConfig) refers to memseta.o(.text) for __aeabi_memclr4
    stm32l1xx_hal_rcc.o(i.HAL_RCC_MCOConfig) refers to stm32l1xx_hal_gpio.o(i.HAL_GPIO_Init) for HAL_GPIO_Init
    stm32l1xx_hal_rcc.o(i.HAL_RCC_NMI_IRQHandler) refers to stm32l1xx_hal_rcc.o(i.HAL_RCC_CSSCallback) for HAL_RCC_CSSCallback
    stm32l1xx_hal_rcc.o(i.HAL_RCC_OscConfig) refers to stm32l1xx_hal.o(i.HAL_GetTick) for HAL_GetTick
    stm32l1xx_hal_rcc.o(i.HAL_RCC_OscConfig) refers to stm32l1xx_hal_rcc.o(i.RCC_SetFlashLatencyFromMSIRange) for RCC_SetFlashLatencyFromMSIRange
    stm32l1xx_hal_rcc.o(i.HAL_RCC_OscConfig) refers to stm32l1xx_hal.o(i.HAL_InitTick) for HAL_InitTick
    stm32l1xx_hal_rcc.o(i.HAL_RCC_OscConfig) refers to system_stm32l1xx.o(.constdata) for AHBPrescTable
    stm32l1xx_hal_rcc.o(i.HAL_RCC_OscConfig) refers to system_stm32l1xx.o(.data) for SystemCoreClock
    stm32l1xx_hal_rcc.o(i.RCC_SetFlashLatencyFromMSIRange) refers to stm32l1xx_hal_pwr_ex.o(i.HAL_PWREx_GetVoltageRange) for HAL_PWREx_GetVoltageRange
    stm32l1xx_hal_gpio.o(i.HAL_GPIO_EXTI_IRQHandler) refers to stm32l1xx_hal_gpio.o(i.HAL_GPIO_EXTI_Callback) for HAL_GPIO_EXTI_Callback
    stm32l1xx_hal.o(i.HAL_DeInit) refers to stm32l1xx_hal.o(i.HAL_MspDeInit) for HAL_MspDeInit
    stm32l1xx_hal.o(i.HAL_Delay) refers to stm32l1xx_hal.o(i.HAL_GetTick) for HAL_GetTick
    stm32l1xx_hal.o(i.HAL_GetTick) refers to stm32l1xx_hal.o(.data) for .data
    stm32l1xx_hal.o(i.HAL_IncTick) refers to stm32l1xx_hal.o(.data) for .data
    stm32l1xx_hal.o(i.HAL_Init) refers to stm32l1xx_hal_cortex.o(i.HAL_NVIC_SetPriorityGrouping) for HAL_NVIC_SetPriorityGrouping
    stm32l1xx_hal.o(i.HAL_Init) refers to stm32l1xx_hal.o(i.HAL_InitTick) for HAL_InitTick
    stm32l1xx_hal.o(i.HAL_Init) refers to stm32l1xx_hal.o(i.HAL_MspInit) for HAL_MspInit
    stm32l1xx_hal.o(i.HAL_InitTick) refers to stm32l1xx_hal_cortex.o(i.HAL_SYSTICK_Config) for HAL_SYSTICK_Config
    stm32l1xx_hal.o(i.HAL_InitTick) refers to stm32l1xx_hal_cortex.o(i.HAL_NVIC_SetPriority) for HAL_NVIC_SetPriority
    stm32l1xx_hal.o(i.HAL_InitTick) refers to system_stm32l1xx.o(.data) for SystemCoreClock
    stm32l1xx_hal_cortex.o(i.HAL_NVIC_SetPriority) refers to stm32l1xx_hal_cortex.o(i.NVIC_SetPriority) for NVIC_SetPriority
    stm32l1xx_hal_cortex.o(i.HAL_SYSTICK_Config) refers to stm32l1xx_hal_cortex.o(i.NVIC_SetPriority) for NVIC_SetPriority
    stm32l1xx_hal_cortex.o(i.HAL_SYSTICK_IRQHandler) refers to stm32l1xx_hal_cortex.o(i.HAL_SYSTICK_Callback) for HAL_SYSTICK_Callback
    stm32l1xx_hal_pwr.o(i.HAL_PWR_PVD_IRQHandler) refers to stm32l1xx_hal_pwr.o(i.HAL_PWR_PVDCallback) for HAL_PWR_PVDCallback
    main.o(i.MailQueueConsumer) refers to cmsis_os.o(i.osMailGet) for osMailGet
    main.o(i.MailQueueConsumer) refers to stm32l152d_eval.o(i.BSP_LED_Toggle) for BSP_LED_Toggle
    main.o(i.MailQueueConsumer) refers to cmsis_os.o(i.osMailFree) for osMailFree
    main.o(i.MailQueueConsumer) refers to main.o(.data) for .data
    main.o(i.MailQueueProducer) refers to cmsis_os.o(i.osMailAlloc) for osMailAlloc
    main.o(i.MailQueueProducer) refers to cmsis_os.o(i.osMailPut) for osMailPut
    main.o(i.MailQueueProducer) refers to stm32l152d_eval.o(i.BSP_LED_Toggle) for BSP_LED_Toggle
    main.o(i.MailQueueProducer) refers to cmsis_os.o(i.osDelay) for osDelay
    main.o(i.MailQueueProducer) refers to main.o(.data) for .data
    main.o(i.SystemClock_Config) refers to memseta.o(.text) for __aeabi_memclr4
    main.o(i.SystemClock_Config) refers to stm32l1xx_hal_rcc.o(i.HAL_RCC_OscConfig) for HAL_RCC_OscConfig
    main.o(i.SystemClock_Config) refers to stm32l1xx_hal_rcc.o(i.HAL_RCC_ClockConfig) for HAL_RCC_ClockConfig
    main.o(i.main) refers to stm32l1xx_hal.o(i.HAL_Init) for HAL_Init
    main.o(i.main) refers to main.o(i.SystemClock_Config) for SystemClock_Config
    main.o(i.main) refers to stm32l152d_eval.o(i.BSP_LED_Init) for BSP_LED_Init
    main.o(i.main) refers to cmsis_os.o(i.osMailCreate) for osMailCreate
    main.o(i.main) refers to memcpya.o(.text) for __aeabi_memcpy4
    main.o(i.main) refers to cmsis_os.o(i.osThreadCreate) for osThreadCreate
    main.o(i.main) refers to cmsis_os.o(i.osKernelStart) for osKernelStart
    main.o(i.main) refers to main.o(.constdata) for .constdata
    main.o(i.main) refers to main.o(.data) for .data
    main.o(.constdata) refers to main.o(.conststring) for .conststring
    main.o(.constdata) refers to main.o(i.MailQueueConsumer) for MailQueueConsumer
    main.o(.constdata) refers to main.o(i.MailQueueProducer) for MailQueueProducer
    stm32l1xx_it.o(i.SysTick_Handler) refers to stm32l1xx_hal.o(i.HAL_IncTick) for HAL_IncTick
    stm32l1xx_it.o(i.SysTick_Handler) refers to cmsis_os.o(i.osSystickHandler) for osSystickHandler
    startup_stm32l152xd.o(RESET) refers to startup_stm32l152xd.o(STACK) for __initial_sp
    startup_stm32l152xd.o(RESET) refers to startup_stm32l152xd.o(.text) for Reset_Handler
    startup_stm32l152xd.o(RESET) refers to stm32l1xx_it.o(i.NMI_Handler) for NMI_Handler
    startup_stm32l152xd.o(RESET) refers to stm32l1xx_it.o(i.HardFault_Handler) for HardFault_Handler
    startup_stm32l152xd.o(RESET) refers to stm32l1xx_it.o(i.MemManage_Handler) for MemManage_Handler
    startup_stm32l152xd.o(RESET) refers to stm32l1xx_it.o(i.BusFault_Handler) for BusFault_Handler
    startup_stm32l152xd.o(RESET) refers to stm32l1xx_it.o(i.UsageFault_Handler) for UsageFault_Handler
    startup_stm32l152xd.o(RESET) refers to port.o(.emb_text) for SVC_Handler
    startup_stm32l152xd.o(RESET) refers to stm32l1xx_it.o(i.DebugMon_Handler) for DebugMon_Handler
    startup_stm32l152xd.o(RESET) refers to stm32l1xx_it.o(i.SysTick_Handler) for SysTick_Handler
    startup_stm32l152xd.o(.text) refers to system_stm32l1xx.o(i.SystemInit) for SystemInit
    startup_stm32l152xd.o(.text) refers to entry.o(.ARM.Collect$$$$00000000) for __main
    entry.o(.ARM.Collect$$$$00000000) refers (Special) to entry10a.o(.ARM.Collect$$$$0000000D) for __rt_final_cpp
    entry.o(.ARM.Collect$$$$00000000) refers (Special) to entry11a.o(.ARM.Collect$$$$0000000F) for __rt_final_exit
    entry.o(.ARM.Collect$$$$00000000) refers (Special) to entry7b.o(.ARM.Collect$$$$00000008) for _main_clock
    entry.o(.ARM.Collect$$$$00000000) refers (Special) to entry8b.o(.ARM.Collect$$$$0000000A) for _main_cpp_init
    entry.o(.ARM.Collect$$$$00000000) refers (Special) to entry9a.o(.ARM.Collect$$$$0000000B) for _main_init
    entry.o(.ARM.Collect$$$$00000000) refers (Special) to entry5.o(.ARM.Collect$$$$00000004) for _main_scatterload
    entry.o(.ARM.Collect$$$$00000000) refers (Special) to entry2.o(.ARM.Collect$$$$00000001) for _main_stk
    entry2.o(.ARM.Collect$$$$00000001) refers to entry2.o(.ARM.Collect$$$$00002712) for __lit__00000000
    entry2.o(.ARM.Collect$$$$00002712) refers to startup_stm32l152xd.o(STACK) for __initial_sp
    entry2.o(__vectab_stack_and_reset_area) refers to startup_stm32l152xd.o(STACK) for __initial_sp
    entry2.o(__vectab_stack_and_reset_area) refers to entry.o(.ARM.Collect$$$$00000000) for __main
    entry5.o(.ARM.Collect$$$$00000004) refers to init.o(.text) for __scatterload
    entry9a.o(.ARM.Collect$$$$0000000B) refers to main.o(i.main) for main
    entry9b.o(.ARM.Collect$$$$0000000C) refers to main.o(i.main) for main
    init.o(.text) refers to entry5.o(.ARM.Collect$$$$00000004) for __main_after_scatterload


==============================================================================

Removing Unused input sections from the image.

    Removing tasks.o(i.prvListTaskWithinSingleList), (130 bytes).
    Removing tasks.o(i.ulTaskNotifyTake), (116 bytes).
    Removing tasks.o(i.uxTaskGetNumberOfTasks), (12 bytes).
    Removing tasks.o(i.uxTaskGetSystemState), (132 bytes).
    Removing tasks.o(i.uxTaskGetTaskNumber), (8 bytes).
    Removing tasks.o(i.uxTaskPriorityGet), (28 bytes).
    Removing tasks.o(i.uxTaskPriorityGetFromISR), (32 bytes).
    Removing tasks.o(i.uxTaskResetEventItemValue), (24 bytes).
    Removing tasks.o(i.vTaskDelete), (140 bytes).
    Removing tasks.o(i.vTaskEndScheduler), (24 bytes).
    Removing tasks.o(i.vTaskNotifyGiveFromISR), (144 bytes).
    Removing tasks.o(i.vTaskPlaceOnUnorderedEventList), (84 bytes).
    Removing tasks.o(i.vTaskPrioritySet), (168 bytes).
    Removing tasks.o(i.vTaskSetTaskNumber), (8 bytes).
    Removing tasks.o(i.xTaskGenericNotify), (168 bytes).
    Removing tasks.o(i.xTaskGenericNotifyFromISR), (204 bytes).
    Removing tasks.o(i.xTaskGetCurrentTaskHandle), (12 bytes).
    Removing tasks.o(i.xTaskGetTickCount), (12 bytes).
    Removing tasks.o(i.xTaskGetTickCountFromISR), (16 bytes).
    Removing tasks.o(i.xTaskNotifyStateClear), (48 bytes).
    Removing tasks.o(i.xTaskNotifyWait), (148 bytes).
    Removing tasks.o(i.xTaskRemoveFromUnorderedEventList), (100 bytes).
    Removing queue.o(i.ucQueueGetQueueType), (6 bytes).
    Removing queue.o(i.uxQueueGetQueueNumber), (4 bytes).
    Removing queue.o(i.uxQueueMessagesWaiting), (26 bytes).
    Removing queue.o(i.uxQueueMessagesWaitingFromISR), (14 bytes).
    Removing queue.o(i.uxQueueSpacesAvailable), (30 bytes).
    Removing queue.o(i.vQueueAddToRegistry), (40 bytes).
    Removing queue.o(i.vQueueDelete), (26 bytes).
    Removing queue.o(i.vQueueSetQueueNumber), (4 bytes).
    Removing queue.o(i.vQueueUnregisterQueue), (36 bytes).
    Removing queue.o(i.xQueueCreateCountingSemaphore), (42 bytes).
    Removing queue.o(i.xQueueCreateMutex), (74 bytes).
    Removing queue.o(i.xQueueGiveFromISR), (118 bytes).
    Removing queue.o(i.xQueueGiveMutexRecursive), (52 bytes).
    Removing queue.o(i.xQueueIsQueueEmptyFromISR), (22 bytes).
    Removing queue.o(i.xQueueIsQueueFullFromISR), (26 bytes).
    Removing queue.o(i.xQueuePeekFromISR), (82 bytes).
    Removing queue.o(i.xQueueTakeMutexRecursive), (58 bytes).
    Removing queue.o(.bss), (64 bytes).
    Removing heap_4.o(i.vPortInitialiseBlocks), (2 bytes).
    Removing heap_4.o(i.xPortGetFreeHeapSize), (12 bytes).
    Removing heap_4.o(i.xPortGetMinimumEverFreeHeapSize), (12 bytes).
    Removing port.o(i.vPortEndScheduler), (24 bytes).
    Removing cmsis_os.o(i.makeCmsisPriority), (14 bytes).
    Removing cmsis_os.o(i.osDelayUntil), (4 bytes).
    Removing cmsis_os.o(i.osKernelRunning), (18 bytes).
    Removing cmsis_os.o(i.osKernelSysTick), (24 bytes).
    Removing cmsis_os.o(i.osMailCAlloc), (24 bytes).
    Removing cmsis_os.o(i.osMessageCreate), (8 bytes).
    Removing cmsis_os.o(i.osMessageGet), (144 bytes).
    Removing cmsis_os.o(i.osMessagePeek), (78 bytes).
    Removing cmsis_os.o(i.osMessagePut), (84 bytes).
    Removing cmsis_os.o(i.osMutexCreate), (6 bytes).
    Removing cmsis_os.o(i.osMutexDelete), (24 bytes).
    Removing cmsis_os.o(i.osMutexRelease), (72 bytes).
    Removing cmsis_os.o(i.osMutexWait), (96 bytes).
    Removing cmsis_os.o(i.osPoolCAlloc), (16 bytes).
    Removing cmsis_os.o(i.osRecursiveMutexCreate), (6 bytes).
    Removing cmsis_os.o(i.osRecursiveMutexRelease), (18 bytes).
    Removing cmsis_os.o(i.osRecursiveMutexWait), (42 bytes).
    Removing cmsis_os.o(i.osSemaphoreCreate), (46 bytes).
    Removing cmsis_os.o(i.osSemaphoreDelete), (24 bytes).
    Removing cmsis_os.o(i.osSemaphoreRelease), (72 bytes).
    Removing cmsis_os.o(i.osSemaphoreWait), (96 bytes).
    Removing cmsis_os.o(i.osSignalSet), (80 bytes).
    Removing cmsis_os.o(i.osSignalWait), (86 bytes).
    Removing cmsis_os.o(i.osThreadGetId), (4 bytes).
    Removing cmsis_os.o(i.osThreadGetPriority), (32 bytes).
    Removing cmsis_os.o(i.osThreadList), (4 bytes).
    Removing cmsis_os.o(i.osThreadResume), (4 bytes).
    Removing cmsis_os.o(i.osThreadResumeAll), (18 bytes).
    Removing cmsis_os.o(i.osThreadSetPriority), (22 bytes).
    Removing cmsis_os.o(i.osThreadSuspend), (4 bytes).
    Removing cmsis_os.o(i.osThreadSuspendAll), (10 bytes).
    Removing cmsis_os.o(i.osThreadTerminate), (10 bytes).
    Removing cmsis_os.o(i.osThreadYield), (10 bytes).
    Removing cmsis_os.o(i.osTimerCreate), (4 bytes).
    Removing cmsis_os.o(i.osTimerDelete), (4 bytes).
    Removing cmsis_os.o(i.osTimerStart), (4 bytes).
    Removing cmsis_os.o(i.osTimerStop), (4 bytes).
    Removing system_stm32l1xx.o(.rev16_text), (4 bytes).
    Removing system_stm32l1xx.o(.revsh_text), (4 bytes).
    Removing system_stm32l1xx.o(.rrx_text), (6 bytes).
    Removing system_stm32l1xx.o(i.SystemCoreClockUpdate), (144 bytes).
    Removing system_stm32l1xx.o(.constdata), (8 bytes).
    Removing stm32l152d_eval.o(.rev16_text), (4 bytes).
    Removing stm32l152d_eval.o(.revsh_text), (4 bytes).
    Removing stm32l152d_eval.o(.rrx_text), (6 bytes).
    Removing stm32l152d_eval.o(i.BSP_GetVersion), (8 bytes).
    Removing stm32l152d_eval.o(i.BSP_JOY_GetState), (48 bytes).
    Removing stm32l152d_eval.o(i.BSP_JOY_Init), (180 bytes).
    Removing stm32l152d_eval.o(i.BSP_LED_Off), (28 bytes).
    Removing stm32l152d_eval.o(i.BSP_LED_On), (28 bytes).
    Removing stm32l152d_eval.o(i.BSP_PB_GetState), (24 bytes).
    Removing stm32l152d_eval.o(i.BSP_PB_Init), (176 bytes).
    Removing stm32l152d_eval.o(.constdata), (2 bytes).
    Removing stm32l152d_eval.o(.constdata), (2 bytes).
    Removing stm32l152d_eval.o(.constdata), (2 bytes).
    Removing stm32l152d_eval.o(.constdata), (2 bytes).
    Removing stm32l152d_eval.o(.data), (4 bytes).
    Removing stm32l152d_eval.o(.data), (4 bytes).
    Removing stm32l152d_eval.o(.data), (4 bytes).
    Removing stm32l1xx_hal_rcc.o(.rev16_text), (4 bytes).
    Removing stm32l1xx_hal_rcc.o(.revsh_text), (4 bytes).
    Removing stm32l1xx_hal_rcc.o(.rrx_text), (6 bytes).
    Removing stm32l1xx_hal_rcc.o(i.HAL_RCC_CSSCallback), (2 bytes).
    Removing stm32l1xx_hal_rcc.o(i.HAL_RCC_DeInit), (112 bytes).
    Removing stm32l1xx_hal_rcc.o(i.HAL_RCC_DisableCSS), (28 bytes).
    Removing stm32l1xx_hal_rcc.o(i.HAL_RCC_EnableCSS), (24 bytes).
    Removing stm32l1xx_hal_rcc.o(i.HAL_RCC_GetClockConfig), (64 bytes).
    Removing stm32l1xx_hal_rcc.o(i.HAL_RCC_GetHCLKFreq), (12 bytes).
    Removing stm32l1xx_hal_rcc.o(i.HAL_RCC_GetOscConfig), (208 bytes).
    Removing stm32l1xx_hal_rcc.o(i.HAL_RCC_GetPCLK1Freq), (48 bytes).
    Removing stm32l1xx_hal_rcc.o(i.HAL_RCC_GetPCLK2Freq), (48 bytes).
    Removing stm32l1xx_hal_rcc.o(i.HAL_RCC_MCOConfig), (88 bytes).
    Removing stm32l1xx_hal_rcc.o(i.HAL_RCC_NMI_IRQHandler), (28 bytes).
    Removing stm32l1xx_hal_gpio.o(.rev16_text), (4 bytes).
    Removing stm32l1xx_hal_gpio.o(.revsh_text), (4 bytes).
    Removing stm32l1xx_hal_gpio.o(.rrx_text), (6 bytes).
    Removing stm32l1xx_hal_gpio.o(i.HAL_GPIO_DeInit), (328 bytes).
    Removing stm32l1xx_hal_gpio.o(i.HAL_GPIO_EXTI_Callback), (2 bytes).
    Removing stm32l1xx_hal_gpio.o(i.HAL_GPIO_EXTI_IRQHandler), (24 bytes).
    Removing stm32l1xx_hal_gpio.o(i.HAL_GPIO_LockPin), (34 bytes).
    Removing stm32l1xx_hal_gpio.o(i.HAL_GPIO_ReadPin), (10 bytes).
    Removing stm32l1xx_hal.o(.rev16_text), (4 bytes).
    Removing stm32l1xx_hal.o(.revsh_text), (4 bytes).
    Removing stm32l1xx_hal.o(.rrx_text), (6 bytes).
    Removing stm32l1xx_hal.o(i.HAL_DBGMCU_DisableDBGSleepMode), (16 bytes).
    Removing stm32l1xx_hal.o(i.HAL_DBGMCU_DisableDBGStandbyMode), (16 bytes).
    Removing stm32l1xx_hal.o(i.HAL_DBGMCU_DisableDBGStopMode), (16 bytes).
    Removing stm32l1xx_hal.o(i.HAL_DBGMCU_EnableDBGSleepMode), (16 bytes).
    Removing stm32l1xx_hal.o(i.HAL_DBGMCU_EnableDBGStandbyMode), (16 bytes).
    Removing stm32l1xx_hal.o(i.HAL_DBGMCU_EnableDBGStopMode), (16 bytes).
    Removing stm32l1xx_hal.o(i.HAL_DeInit), (40 bytes).
    Removing stm32l1xx_hal.o(i.HAL_Delay), (22 bytes).
    Removing stm32l1xx_hal.o(i.HAL_GetDEVID), (16 bytes).
    Removing stm32l1xx_hal.o(i.HAL_GetHalVersion), (6 bytes).
    Removing stm32l1xx_hal.o(i.HAL_GetREVID), (12 bytes).
    Removing stm32l1xx_hal.o(i.HAL_MspDeInit), (2 bytes).
    Removing stm32l1xx_hal.o(i.HAL_ResumeTick), (14 bytes).
    Removing stm32l1xx_hal.o(i.HAL_SuspendTick), (14 bytes).
    Removing stm32l1xx_hal_cortex.o(.rev16_text), (4 bytes).
    Removing stm32l1xx_hal_cortex.o(.revsh_text), (4 bytes).
    Removing stm32l1xx_hal_cortex.o(.rrx_text), (6 bytes).
    Removing stm32l1xx_hal_cortex.o(i.HAL_MPU_ConfigRegion), (84 bytes).
    Removing stm32l1xx_hal_cortex.o(i.HAL_NVIC_ClearPendingIRQ), (22 bytes).
    Removing stm32l1xx_hal_cortex.o(i.HAL_NVIC_DisableIRQ), (22 bytes).
    Removing stm32l1xx_hal_cortex.o(i.HAL_NVIC_EnableIRQ), (22 bytes).
    Removing stm32l1xx_hal_cortex.o(i.HAL_NVIC_GetActive), (32 bytes).
    Removing stm32l1xx_hal_cortex.o(i.HAL_NVIC_GetPendingIRQ), (32 bytes).
    Removing stm32l1xx_hal_cortex.o(i.HAL_NVIC_GetPriority), (82 bytes).
    Removing stm32l1xx_hal_cortex.o(i.HAL_NVIC_GetPriorityGrouping), (16 bytes).
    Removing stm32l1xx_hal_cortex.o(i.HAL_NVIC_SetPendingIRQ), (22 bytes).
    Removing stm32l1xx_hal_cortex.o(i.HAL_NVIC_SystemReset), (32 bytes).
    Removing stm32l1xx_hal_cortex.o(i.HAL_SYSTICK_CLKSourceConfig), (24 bytes).
    Removing stm32l1xx_hal_cortex.o(i.HAL_SYSTICK_Callback), (2 bytes).
    Removing stm32l1xx_hal_cortex.o(i.HAL_SYSTICK_IRQHandler), (8 bytes).
    Removing stm32l1xx_hal_pwr.o(.rev16_text), (4 bytes).
    Removing stm32l1xx_hal_pwr.o(.revsh_text), (4 bytes).
    Removing stm32l1xx_hal_pwr.o(.rrx_text), (6 bytes).
    Removing stm32l1xx_hal_pwr.o(i.HAL_PWR_ConfigPVD), (124 bytes).
    Removing stm32l1xx_hal_pwr.o(i.HAL_PWR_DeInit), (24 bytes).
    Removing stm32l1xx_hal_pwr.o(i.HAL_PWR_DisableBkUpAccess), (28 bytes).
    Removing stm32l1xx_hal_pwr.o(i.HAL_PWR_DisablePVD), (24 bytes).
    Removing stm32l1xx_hal_pwr.o(i.HAL_PWR_DisableSEVOnPend), (16 bytes).
    Removing stm32l1xx_hal_pwr.o(i.HAL_PWR_DisableSleepOnExit), (16 bytes).
    Removing stm32l1xx_hal_pwr.o(i.HAL_PWR_DisableWakeUpPin), (28 bytes).
    Removing stm32l1xx_hal_pwr.o(i.HAL_PWR_EnableBkUpAccess), (24 bytes).
    Removing stm32l1xx_hal_pwr.o(i.HAL_PWR_EnablePVD), (24 bytes).
    Removing stm32l1xx_hal_pwr.o(i.HAL_PWR_EnableSEVOnPend), (16 bytes).
    Removing stm32l1xx_hal_pwr.o(i.HAL_PWR_EnableSleepOnExit), (16 bytes).
    Removing stm32l1xx_hal_pwr.o(i.HAL_PWR_EnableWakeUpPin), (28 bytes).
    Removing stm32l1xx_hal_pwr.o(i.HAL_PWR_EnterSLEEPMode), (48 bytes).
    Removing stm32l1xx_hal_pwr.o(i.HAL_PWR_EnterSTANDBYMode), (32 bytes).
    Removing stm32l1xx_hal_pwr.o(i.HAL_PWR_EnterSTOPMode), (56 bytes).
    Removing stm32l1xx_hal_pwr.o(i.HAL_PWR_PVDCallback), (2 bytes).
    Removing stm32l1xx_hal_pwr.o(i.HAL_PWR_PVD_IRQHandler), (28 bytes).
    Removing stm32l1xx_hal_pwr_ex.o(.rev16_text), (4 bytes).
    Removing stm32l1xx_hal_pwr_ex.o(.revsh_text), (4 bytes).
    Removing stm32l1xx_hal_pwr_ex.o(.rrx_text), (6 bytes).
    Removing stm32l1xx_hal_pwr_ex.o(i.HAL_PWREx_DisableFastWakeUp), (28 bytes).
    Removing stm32l1xx_hal_pwr_ex.o(i.HAL_PWREx_DisableLowPowerRunMode), (44 bytes).
    Removing stm32l1xx_hal_pwr_ex.o(i.HAL_PWREx_DisableUltraLowPower), (28 bytes).
    Removing stm32l1xx_hal_pwr_ex.o(i.HAL_PWREx_EnableFastWakeUp), (24 bytes).
    Removing stm32l1xx_hal_pwr_ex.o(i.HAL_PWREx_EnableLowPowerRunMode), (36 bytes).
    Removing stm32l1xx_hal_pwr_ex.o(i.HAL_PWREx_EnableUltraLowPower), (24 bytes).
    Removing main.o(.rev16_text), (4 bytes).
    Removing main.o(.revsh_text), (4 bytes).
    Removing main.o(.rrx_text), (6 bytes).
    Removing stm32l1xx_it.o(.rev16_text), (4 bytes).
    Removing stm32l1xx_it.o(.revsh_text), (4 bytes).
    Removing stm32l1xx_it.o(.rrx_text), (6 bytes).
    Removing startup_stm32l152xd.o(HEAP), (512 bytes).

194 unused section(s) (total 7464 bytes) removed from the image.

==============================================================================

Image Symbol Table

    Local Symbols

    Symbol Name                              Value     Ov Type        Size  Object(Section)

    ../clib/microlib/init/entry.s            0x00000000   Number         0  entry10a.o ABSOLUTE
    ../clib/microlib/init/entry.s            0x00000000   Number         0  entry9b.o ABSOLUTE
    ../clib/microlib/init/entry.s            0x00000000   Number         0  entry9a.o ABSOLUTE
    ../clib/microlib/init/entry.s            0x00000000   Number         0  entry8b.o ABSOLUTE
    ../clib/microlib/init/entry.s            0x00000000   Number         0  entry8a.o ABSOLUTE
    ../clib/microlib/init/entry.s            0x00000000   Number         0  entry5.o ABSOLUTE
    ../clib/microlib/init/entry.s            0x00000000   Number         0  entry2.o ABSOLUTE
    ../clib/microlib/init/entry.s            0x00000000   Number         0  entry7b.o ABSOLUTE
    ../clib/microlib/init/entry.s            0x00000000   Number         0  entry7a.o ABSOLUTE
    ../clib/microlib/init/entry.s            0x00000000   Number         0  entry11b.o ABSOLUTE
    ../clib/microlib/init/entry.s            0x00000000   Number         0  entry11a.o ABSOLUTE
    ../clib/microlib/init/entry.s            0x00000000   Number         0  entry10b.o ABSOLUTE
    ../clib/microlib/init/entry.s            0x00000000   Number         0  entry.o ABSOLUTE
    ../clib/microlib/string/memcpy.c         0x00000000   Number         0  memcpya.o ABSOLUTE
    ../clib/microlib/string/memcpy.c         0x00000000   Number         0  memcpyb.o ABSOLUTE
    ../clib/microlib/string/memset.c         0x00000000   Number         0  memseta.o ABSOLUTE
    ..\..\..\..\..\..\Drivers\BSP\STM32L152D_EVAL\stm32l152d_eval.c 0x00000000   Number         0  stm32l152d_eval.o ABSOLUTE
    ..\..\..\..\..\..\Drivers\STM32L1xx_HAL_Driver\Src\stm32l1xx_hal.c 0x00000000   Number         0  stm32l1xx_hal.o ABSOLUTE
    ..\..\..\..\..\..\Drivers\STM32L1xx_HAL_Driver\Src\stm32l1xx_hal_cortex.c 0x00000000   Number         0  stm32l1xx_hal_cortex.o ABSOLUTE
    ..\..\..\..\..\..\Drivers\STM32L1xx_HAL_Driver\Src\stm32l1xx_hal_gpio.c 0x00000000   Number         0  stm32l1xx_hal_gpio.o ABSOLUTE
    ..\..\..\..\..\..\Drivers\STM32L1xx_HAL_Driver\Src\stm32l1xx_hal_pwr.c 0x00000000   Number         0  stm32l1xx_hal_pwr.o ABSOLUTE
    ..\..\..\..\..\..\Drivers\STM32L1xx_HAL_Driver\Src\stm32l1xx_hal_pwr_ex.c 0x00000000   Number         0  stm32l1xx_hal_pwr_ex.o ABSOLUTE
    ..\..\..\..\..\..\Drivers\STM32L1xx_HAL_Driver\Src\stm32l1xx_hal_rcc.c 0x00000000   Number         0  stm32l1xx_hal_rcc.o ABSOLUTE
    ..\..\..\..\..\..\Middlewares\Third_Party\FreeRTOS\Source\CMSIS_RTOS\cmsis_os.c 0x00000000   Number         0  cmsis_os.o ABSOLUTE
    ..\..\..\..\..\..\Middlewares\Third_Party\FreeRTOS\Source\list.c 0x00000000   Number         0  list.o ABSOLUTE
    ..\..\..\..\..\..\Middlewares\Third_Party\FreeRTOS\Source\portable\MemMang\heap_4.c 0x00000000   Number         0  heap_4.o ABSOLUTE
    ..\..\..\..\..\..\Middlewares\Third_Party\FreeRTOS\Source\portable\RVDS\ARM_CM3\port.c 0x00000000   Number         0  port.o ABSOLUTE
    ..\..\..\..\..\..\Middlewares\Third_Party\FreeRTOS\Source\queue.c 0x00000000   Number         0  queue.o ABSOLUTE
    ..\..\..\..\..\..\Middlewares\Third_Party\FreeRTOS\Source\tasks.c 0x00000000   Number         0  tasks.o ABSOLUTE
    ..\..\..\..\..\..\Middlewares\Third_Party\FreeRTOS\Source\timers.c 0x00000000   Number         0  timers.o ABSOLUTE
    ..\Src\main.c                            0x00000000   Number         0  main.o ABSOLUTE
    ..\Src\stm32l1xx_it.c                    0x00000000   Number         0  stm32l1xx_it.o ABSOLUTE
    ..\Src\system_stm32l1xx.c                0x00000000   Number         0  system_stm32l1xx.o ABSOLUTE
    ..\\..\\..\\..\\..\\..\\Drivers\\BSP\\STM32L152D_EVAL\\stm32l152d_eval.c 0x00000000   Number         0  stm32l152d_eval.o ABSOLUTE
    ..\\..\\..\\..\\..\\..\\Drivers\\STM32L1xx_HAL_Driver\\Src\\stm32l1xx_hal.c 0x00000000   Number         0  stm32l1xx_hal.o ABSOLUTE
    ..\\..\\..\\..\\..\\..\\Drivers\\STM32L1xx_HAL_Driver\\Src\\stm32l1xx_hal_cortex.c 0x00000000   Number         0  stm32l1xx_hal_cortex.o ABSOLUTE
    ..\\..\\..\\..\\..\\..\\Drivers\\STM32L1xx_HAL_Driver\\Src\\stm32l1xx_hal_gpio.c 0x00000000   Number         0  stm32l1xx_hal_gpio.o ABSOLUTE
    ..\\..\\..\\..\\..\\..\\Drivers\\STM32L1xx_HAL_Driver\\Src\\stm32l1xx_hal_pwr.c 0x00000000   Number         0  stm32l1xx_hal_pwr.o ABSOLUTE
    ..\\..\\..\\..\\..\\..\\Drivers\\STM32L1xx_HAL_Driver\\Src\\stm32l1xx_hal_pwr_ex.c 0x00000000   Number         0  stm32l1xx_hal_pwr_ex.o ABSOLUTE
    ..\\..\\..\\..\\..\\..\\Drivers\\STM32L1xx_HAL_Driver\\Src\\stm32l1xx_hal_rcc.c 0x00000000   Number         0  stm32l1xx_hal_rcc.o ABSOLUTE
    ..\\..\\..\\..\\..\\..\\Middlewares\\Third_Party\\FreeRTOS\\Source\\portable\\RVDS\\ARM_CM3\\port.c 0x00000000   Number         0  port.o ABSOLUTE
    ..\\Src\\main.c                          0x00000000   Number         0  main.o ABSOLUTE
    ..\\Src\\stm32l1xx_it.c                  0x00000000   Number         0  stm32l1xx_it.o ABSOLUTE
    ..\\Src\\system_stm32l1xx.c              0x00000000   Number         0  system_stm32l1xx.o ABSOLUTE
    dc.s                                     0x00000000   Number         0  dc.o ABSOLUTE
    handlers.s                               0x00000000   Number         0  handlers.o ABSOLUTE
    init.s                                   0x00000000   Number         0  init.o ABSOLUTE
    startup_stm32l152xd.s                    0x00000000   Number         0  startup_stm32l152xd.o ABSOLUTE
    RESET                                    0x08000000   Section      292  startup_stm32l152xd.o(RESET)
    .ARM.Collect$$$$00000000                 0x08000124   Section        0  entry.o(.ARM.Collect$$$$00000000)
    .ARM.Collect$$$$00000001                 0x08000124   Section        4  entry2.o(.ARM.Collect$$$$00000001)
    .ARM.Collect$$$$00000004                 0x08000128   Section        4  entry5.o(.ARM.Collect$$$$00000004)
    .ARM.Collect$$$$00000008                 0x0800012c   Section        0  entry7b.o(.ARM.Collect$$$$00000008)
    .ARM.Collect$$$$0000000A                 0x0800012c   Section        0  entry8b.o(.ARM.Collect$$$$0000000A)
    .ARM.Collect$$$$0000000B                 0x0800012c   Section        8  entry9a.o(.ARM.Collect$$$$0000000B)
    .ARM.Collect$$$$0000000D                 0x08000134   Section        0  entry10a.o(.ARM.Collect$$$$0000000D)
    .ARM.Collect$$$$0000000F                 0x08000134   Section        0  entry11a.o(.ARM.Collect$$$$0000000F)
    .ARM.Collect$$$$00002712                 0x08000134   Section        4  entry2.o(.ARM.Collect$$$$00002712)
    __lit__00000000                          0x08000134   Data           4  entry2.o(.ARM.Collect$$$$00002712)
    .emb_text                                0x08000138   Section      162  port.o(.emb_text)
    .text                                    0x080001dc   Section       36  startup_stm32l152xd.o(.text)
    .text                                    0x08000200   Section        0  memcpya.o(.text)
    .text                                    0x08000224   Section        0  memseta.o(.text)
    .text                                    0x08000248   Section       36  init.o(.text)
    i.BSP_LED_Init                           0x0800026c   Section        0  stm32l152d_eval.o(i.BSP_LED_Init)
    i.BSP_LED_Toggle                         0x080002ec   Section        0  stm32l152d_eval.o(i.BSP_LED_Toggle)
    i.BusFault_Handler                       0x08000304   Section        0  stm32l1xx_it.o(i.BusFault_Handler)
    i.DebugMon_Handler                       0x08000306   Section        0  stm32l1xx_it.o(i.DebugMon_Handler)
    i.HAL_GPIO_Init                          0x08000308   Section        0  stm32l1xx_hal_gpio.o(i.HAL_GPIO_Init)
    i.HAL_GPIO_TogglePin                     0x080004b8   Section        0  stm32l1xx_hal_gpio.o(i.HAL_GPIO_TogglePin)
    i.HAL_GPIO_WritePin                      0x080004c0   Section        0  stm32l1xx_hal_gpio.o(i.HAL_GPIO_WritePin)
    i.HAL_GetTick                            0x080004cc   Section        0  stm32l1xx_hal.o(i.HAL_GetTick)
    i.HAL_IncTick                            0x080004d8   Section        0  stm32l1xx_hal.o(i.HAL_IncTick)
    i.HAL_Init                               0x080004e8   Section        0  stm32l1xx_hal.o(i.HAL_Init)
    i.HAL_InitTick                           0x08000514   Section        0  stm32l1xx_hal.o(i.HAL_InitTick)
    i.HAL_MspInit                            0x0800053c   Section        0  stm32l1xx_hal.o(i.HAL_MspInit)
    i.HAL_NVIC_SetPriority                   0x08000540   Section        0  stm32l1xx_hal_cortex.o(i.HAL_NVIC_SetPriority)
    i.HAL_NVIC_SetPriorityGrouping           0x08000580   Section        0  stm32l1xx_hal_cortex.o(i.HAL_NVIC_SetPriorityGrouping)
    i.HAL_PWREx_GetVoltageRange              0x080005a4   Section        0  stm32l1xx_hal_pwr_ex.o(i.HAL_PWREx_GetVoltageRange)
    i.HAL_RCC_ClockConfig                    0x080005b4   Section        0  stm32l1xx_hal_rcc.o(i.HAL_RCC_ClockConfig)
    i.HAL_RCC_GetSysClockFreq                0x08000788   Section        0  stm32l1xx_hal_rcc.o(i.HAL_RCC_GetSysClockFreq)
    i.HAL_RCC_OscConfig                      0x08000814   Section        0  stm32l1xx_hal_rcc.o(i.HAL_RCC_OscConfig)
    i.HAL_SYSTICK_Config                     0x08000f64   Section        0  stm32l1xx_hal_cortex.o(i.HAL_SYSTICK_Config)
    i.HardFault_Handler                      0x08000f8c   Section        0  stm32l1xx_it.o(i.HardFault_Handler)
    i.MailQueueConsumer                      0x08000f90   Section        0  main.o(i.MailQueueConsumer)
    MailQueueConsumer                        0x08000f91   Thumb Code    90  main.o(i.MailQueueConsumer)
    i.MailQueueProducer                      0x08000ff0   Section        0  main.o(i.MailQueueProducer)
    MailQueueProducer                        0x08000ff1   Thumb Code    76  main.o(i.MailQueueProducer)
    i.MemManage_Handler                      0x08001040   Section        0  stm32l1xx_it.o(i.MemManage_Handler)
    i.NMI_Handler                            0x08001042   Section        0  stm32l1xx_it.o(i.NMI_Handler)
    i.NVIC_SetPriority                       0x08001044   Section        0  stm32l1xx_hal_cortex.o(i.NVIC_SetPriority)
    NVIC_SetPriority                         0x08001045   Thumb Code    32  stm32l1xx_hal_cortex.o(i.NVIC_SetPriority)
    i.RCC_SetFlashLatencyFromMSIRange        0x08001064   Section        0  stm32l1xx_hal_rcc.o(i.RCC_SetFlashLatencyFromMSIRange)
    RCC_SetFlashLatencyFromMSIRange          0x08001065   Thumb Code   112  stm32l1xx_hal_rcc.o(i.RCC_SetFlashLatencyFromMSIRange)
    i.SysTick_Handler                        0x080010dc   Section        0  stm32l1xx_it.o(i.SysTick_Handler)
    i.SystemClock_Config                     0x080010ec   Section        0  main.o(i.SystemClock_Config)
    SystemClock_Config                       0x080010ed   Thumb Code   126  main.o(i.SystemClock_Config)
    i.SystemInit                             0x08001174   Section        0  system_stm32l1xx.o(i.SystemInit)
    i.UsageFault_Handler                     0x080011c4   Section        0  stm32l1xx_it.o(i.UsageFault_Handler)
    i.__scatterload_copy                     0x080011c6   Section       14  handlers.o(i.__scatterload_copy)
    i.__scatterload_null                     0x080011d4   Section        2  handlers.o(i.__scatterload_null)
    i.__scatterload_zeroinit                 0x080011d6   Section       14  handlers.o(i.__scatterload_zeroinit)
    i.inHandlerMode                          0x080011e4   Section        0  cmsis_os.o(i.inHandlerMode)
    inHandlerMode                            0x080011e5   Thumb Code    12  cmsis_os.o(i.inHandlerMode)
    i.main                                   0x080011f0   Section        0  main.o(i.main)
    i.makeFreeRtosPriority                   0x08001258   Section        0  cmsis_os.o(i.makeFreeRtosPriority)
    makeFreeRtosPriority                     0x08001259   Thumb Code    12  cmsis_os.o(i.makeFreeRtosPriority)
    i.osDelay                                0x08001264   Section        0  cmsis_os.o(i.osDelay)
    i.osKernelStart                          0x08001272   Section        0  cmsis_os.o(i.osKernelStart)
    i.osMailAlloc                            0x0800127c   Section        0  cmsis_os.o(i.osMailAlloc)
    i.osMailCreate                           0x08001288   Section        0  cmsis_os.o(i.osMailCreate)
    i.osMailFree                             0x080012e4   Section        0  cmsis_os.o(i.osMailFree)
    i.osMailGet                              0x080012f0   Section        0  cmsis_os.o(i.osMailGet)
    i.osMailPut                              0x0800137c   Section        0  cmsis_os.o(i.osMailPut)
    i.osPoolAlloc                            0x080013d0   Section        0  cmsis_os.o(i.osPoolAlloc)
    i.osPoolCreate                           0x08001430   Section        0  cmsis_os.o(i.osPoolCreate)
    i.osPoolFree                             0x0800148e   Section        0  cmsis_os.o(i.osPoolFree)
    i.osSystickHandler                       0x080014be   Section        0  cmsis_os.o(i.osSystickHandler)
    i.osThreadCreate                         0x080014d2   Section        0  cmsis_os.o(i.osThreadCreate)
    i.prvAddCurrentTaskToDelayedList         0x0800150c   Section        0  tasks.o(i.prvAddCurrentTaskToDelayedList)
    prvAddCurrentTaskToDelayedList           0x0800150d   Thumb Code    48  tasks.o(i.prvAddCurrentTaskToDelayedList)
    i.prvCheckTasksWaitingTermination        0x08001540   Section        0  tasks.o(i.prvCheckTasksWaitingTermination)
    prvCheckTasksWaitingTermination          0x08001541   Thumb Code    76  tasks.o(i.prvCheckTasksWaitingTermination)
    i.prvCopyDataFromQueue                   0x08001594   Section        0  queue.o(i.prvCopyDataFromQueue)
    prvCopyDataFromQueue                     0x08001595   Thumb Code    38  queue.o(i.prvCopyDataFromQueue)
    i.prvCopyDataToQueue                     0x080015ba   Section        0  queue.o(i.prvCopyDataToQueue)
    prvCopyDataToQueue                       0x080015bb   Thumb Code   110  queue.o(i.prvCopyDataToQueue)
    i.prvHeapInit                            0x08001628   Section        0  heap_4.o(i.prvHeapInit)
    prvHeapInit                              0x08001629   Thumb Code    66  heap_4.o(i.prvHeapInit)
    i.prvIdleTask                            0x08001674   Section        0  tasks.o(i.prvIdleTask)
    prvIdleTask                              0x08001675   Thumb Code    20  tasks.o(i.prvIdleTask)
    i.prvInsertBlockIntoFreeList             0x0800168c   Section        0  heap_4.o(i.prvInsertBlockIntoFreeList)
    prvInsertBlockIntoFreeList               0x0800168d   Thumb Code    72  heap_4.o(i.prvInsertBlockIntoFreeList)
    i.prvResetNextTaskUnblockTime            0x080016d8   Section        0  tasks.o(i.prvResetNextTaskUnblockTime)
    prvResetNextTaskUnblockTime              0x080016d9   Thumb Code    26  tasks.o(i.prvResetNextTaskUnblockTime)
    i.prvTaskExitError                       0x080016f8   Section        0  port.o(i.prvTaskExitError)
    prvTaskExitError                         0x080016f9   Thumb Code    20  port.o(i.prvTaskExitError)
    i.prvUnlockQueue                         0x08001710   Section        0  queue.o(i.prvUnlockQueue)
    prvUnlockQueue                           0x08001711   Thumb Code   100  queue.o(i.prvUnlockQueue)
    i.pvPortMalloc                           0x08001774   Section        0  heap_4.o(i.pvPortMalloc)
    i.pvTaskIncrementMutexHeldCount          0x08001830   Section        0  tasks.o(i.pvTaskIncrementMutexHeldCount)
    i.pxPortInitialiseStack                  0x08001848   Section        0  port.o(i.pxPortInitialiseStack)
    i.uxListRemove                           0x08001868   Section        0  list.o(i.uxListRemove)
    i.vListInitialise                        0x0800188c   Section        0  list.o(i.vListInitialise)
    i.vListInitialiseItem                    0x080018a2   Section        0  list.o(i.vListInitialiseItem)
    i.vListInsert                            0x080018a8   Section        0  list.o(i.vListInsert)
    i.vListInsertEnd                         0x080018d8   Section        0  list.o(i.vListInsertEnd)
    i.vPortEnterCritical                     0x080018f0   Section        0  port.o(i.vPortEnterCritical)
    i.vPortExitCritical                      0x08001924   Section        0  port.o(i.vPortExitCritical)
    i.vPortFree                              0x08001948   Section        0  heap_4.o(i.vPortFree)
    i.vPortSetupTimerInterrupt               0x08001990   Section        0  port.o(i.vPortSetupTimerInterrupt)
    i.vPortValidateInterruptPriority         0x080019b0   Section        0  port.o(i.vPortValidateInterruptPriority)
    i.vPortYield                             0x080019f0   Section        0  port.o(i.vPortYield)
    i.vTaskDelay                             0x08001a08   Section        0  tasks.o(i.vTaskDelay)
    i.vTaskMissedYield                       0x08001a58   Section        0  tasks.o(i.vTaskMissedYield)
    i.vTaskPlaceOnEventList                  0x08001a64   Section        0  tasks.o(i.vTaskPlaceOnEventList)
    i.vTaskPriorityInherit                   0x08001aa8   Section        0  tasks.o(i.vTaskPriorityInherit)
    i.vTaskSetTimeOutState                   0x08001b2c   Section        0  tasks.o(i.vTaskSetTimeOutState)
    i.vTaskStartScheduler                    0x08001b48   Section        0  tasks.o(i.vTaskStartScheduler)
    i.vTaskSuspendAll                        0x08001b9c   Section        0  tasks.o(i.vTaskSuspendAll)
    i.vTaskSwitchContext                     0x08001bac   Section        0  tasks.o(i.vTaskSwitchContext)
    i.xPortStartScheduler                    0x08001c00   Section        0  port.o(i.xPortStartScheduler)
    i.xPortSysTickHandler                    0x08001c74   Section        0  port.o(i.xPortSysTickHandler)
    i.xQueueGenericCreate                    0x08001c98   Section        0  queue.o(i.xQueueGenericCreate)
    i.xQueueGenericReceive                   0x08001ce8   Section        0  queue.o(i.xQueueGenericReceive)
    i.xQueueGenericReset                     0x08001e16   Section        0  queue.o(i.xQueueGenericReset)
    i.xQueueGenericSend                      0x08001e80   Section        0  queue.o(i.xQueueGenericSend)
    i.xQueueGenericSendFromISR               0x08001f94   Section        0  queue.o(i.xQueueGenericSendFromISR)
    i.xQueueReceiveFromISR                   0x08002020   Section        0  queue.o(i.xQueueReceiveFromISR)
    i.xTaskCheckForTimeOut                   0x08002098   Section        0  tasks.o(i.xTaskCheckForTimeOut)
    i.xTaskGenericCreate                     0x080020ec   Section        0  tasks.o(i.xTaskGenericCreate)
    i.xTaskGetSchedulerState                 0x08002270   Section        0  tasks.o(i.xTaskGetSchedulerState)
    i.xTaskIncrementTick                     0x0800228c   Section        0  tasks.o(i.xTaskIncrementTick)
    i.xTaskPriorityDisinherit                0x0800234c   Section        0  tasks.o(i.xTaskPriorityDisinherit)
    i.xTaskRemoveFromEventList               0x080023d0   Section        0  tasks.o(i.xTaskRemoveFromEventList)
    i.xTaskResumeAll                         0x0800243c   Section        0  tasks.o(i.xTaskResumeAll)
    .constdata                               0x080024e8   Section       25  system_stm32l1xx.o(.constdata)
    .constdata                               0x08002502   Section       42  stm32l152d_eval.o(.constdata)
    .constdata                               0x0800252c   Section       52  main.o(.constdata)
    .conststring                             0x08002560   Section       14  main.o(.conststring)
    .data                                    0x20000000   Section       56  tasks.o(.data)
    uxTasksDeleted                           0x20000004   Data           4  tasks.o(.data)
    uxCurrentNumberOfTasks                   0x20000008   Data           4  tasks.o(.data)
    xTickCount                               0x2000000c   Data           4  tasks.o(.data)
    uxTopReadyPriority                       0x20000010   Data           4  tasks.o(.data)
    xSchedulerRunning                        0x20000014   Data           4  tasks.o(.data)
    uxPendedTicks                            0x20000018   Data           4  tasks.o(.data)
    xYieldPending                            0x2000001c   Data           4  tasks.o(.data)
    xNumOfOverflows                          0x20000020   Data           4  tasks.o(.data)
    uxTaskNumber                             0x20000024   Data           4  tasks.o(.data)
    xNextTaskUnblockTime                     0x20000028   Data           4  tasks.o(.data)
    uxSchedulerSuspended                     0x2000002c   Data           4  tasks.o(.data)
    pxDelayedTaskList                        0x20000030   Data           4  tasks.o(.data)
    pxOverflowDelayedTaskList                0x20000034   Data           4  tasks.o(.data)
    .data                                    0x20000038   Section       24  heap_4.o(.data)
    pxEnd                                    0x20000038   Data           4  heap_4.o(.data)
    xFreeBytesRemaining                      0x2000003c   Data           4  heap_4.o(.data)
    xMinimumEverFreeBytesRemaining           0x20000040   Data           4  heap_4.o(.data)
    xBlockAllocatedBit                       0x20000044   Data           4  heap_4.o(.data)
    xStart                                   0x20000048   Data           8  heap_4.o(.data)
    .data                                    0x20000050   Section       12  port.o(.data)
    ucMaxSysCallPriority                     0x20000050   Data           1  port.o(.data)
    uxCriticalNesting                        0x20000054   Data           4  port.o(.data)
    ulMaxPRIGROUPValue                       0x20000058   Data           4  port.o(.data)
    .data                                    0x2000005c   Section        4  system_stm32l1xx.o(.data)
    .data                                    0x20000060   Section       60  stm32l152d_eval.o(.data)
    .data                                    0x2000009c   Section        4  stm32l1xx_hal.o(.data)
    .data                                    0x200000a0   Section       24  main.o(.data)
    .bss                                     0x200000b8   Section      220  tasks.o(.bss)
    pxReadyTasksLists                        0x200000b8   Data         140  tasks.o(.bss)
    xDelayedTaskList1                        0x20000144   Data          20  tasks.o(.bss)
    xDelayedTaskList2                        0x20000158   Data          20  tasks.o(.bss)
    xPendingReadyList                        0x2000016c   Data          20  tasks.o(.bss)
    xTasksWaitingTermination                 0x20000180   Data          20  tasks.o(.bss)
    .bss                                     0x20000194   Section     3072  heap_4.o(.bss)
    ucHeap                                   0x20000194   Data        3072  heap_4.o(.bss)
    STACK                                    0x20000d98   Section     1024  startup_stm32l152xd.o(STACK)

    Global Symbols

    Symbol Name                              Value     Ov Type        Size  Object(Section)

    BuildAttributes$$THM_ISAv4$P$D$K$B$S$PE$A:L22UL41UL21$X:L11$S22US41US21$IEEE1$IW$USESV6$~STKCKD$USESV7$~SHL$OSPACE$EBA8$MICROLIB$REQ8$PRES8$EABIv2 0x00000000   Number         0  anon$$obj.o ABSOLUTE
    __ARM_use_no_argv                        0x00000000   Number         0  main.o ABSOLUTE
    __cpp_initialize__aeabi_                  - Undefined Weak Reference
    __cxa_finalize                            - Undefined Weak Reference
    __decompress                              - Undefined Weak Reference
    _clock_init                               - Undefined Weak Reference
    _microlib_exit                            - Undefined Weak Reference
    __Vectors_Size                           0x00000124   Number         0  startup_stm32l152xd.o ABSOLUTE
    __Vectors                                0x08000000   Data           4  startup_stm32l152xd.o(RESET)
    __Vectors_End                            0x08000124   Data           0  startup_stm32l152xd.o(RESET)
    __main                                   0x08000125   Thumb Code     0  entry.o(.ARM.Collect$$$$00000000)
    _main_stk                                0x08000125   Thumb Code     0  entry2.o(.ARM.Collect$$$$00000001)
    _main_scatterload                        0x08000129   Thumb Code     0  entry5.o(.ARM.Collect$$$$00000004)
    __main_after_scatterload                 0x0800012d   Thumb Code     0  entry5.o(.ARM.Collect$$$$00000004)
    _main_clock                              0x0800012d   Thumb Code     0  entry7b.o(.ARM.Collect$$$$00000008)
    _main_cpp_init                           0x0800012d   Thumb Code     0  entry8b.o(.ARM.Collect$$$$0000000A)
    _main_init                               0x0800012d   Thumb Code     0  entry9a.o(.ARM.Collect$$$$0000000B)
    __rt_final_cpp                           0x08000135   Thumb Code     0  entry10a.o(.ARM.Collect$$$$0000000D)
    __rt_final_exit                          0x08000135   Thumb Code     0  entry11a.o(.ARM.Collect$$$$0000000F)
    SVC_Handler                              0x08000139   Thumb Code    32  port.o(.emb_text)
    __asm___6_port_c_39a90d8d__prvStartFirstTask 0x0800015d   Thumb Code    28  port.o(.emb_text)
    PendSV_Handler                           0x0800017d   Thumb Code    64  port.o(.emb_text)
    ulPortSetInterruptMask                   0x080001c1   Thumb Code    14  port.o(.emb_text)
    vPortClearInterruptMask                  0x080001cf   Thumb Code     6  port.o(.emb_text)
    vPortGetIPSR                             0x080001d5   Thumb Code     6  port.o(.emb_text)
    Reset_Handler                            0x080001dd   Thumb Code     8  startup_stm32l152xd.o(.text)
    ADC1_IRQHandler                          0x080001f7   Thumb Code     0  startup_stm32l152xd.o(.text)
    COMP_ACQ_IRQHandler                      0x080001f7   Thumb Code     0  startup_stm32l152xd.o(.text)
    COMP_IRQHandler                          0x080001f7   Thumb Code     0  startup_stm32l152xd.o(.text)
    DAC_IRQHandler                           0x080001f7   Thumb Code     0  startup_stm32l152xd.o(.text)
    DMA1_Channel1_IRQHandler                 0x080001f7   Thumb Code     0  startup_stm32l152xd.o(.text)
    DMA1_Channel2_IRQHandler                 0x080001f7   Thumb Code     0  startup_stm32l152xd.o(.text)
    DMA1_Channel3_IRQHandler                 0x080001f7   Thumb Code     0  startup_stm32l152xd.o(.text)
    DMA1_Channel4_IRQHandler                 0x080001f7   Thumb Code     0  startup_stm32l152xd.o(.text)
    DMA1_Channel5_IRQHandler                 0x080001f7   Thumb Code     0  startup_stm32l152xd.o(.text)
    DMA1_Channel6_IRQHandler                 0x080001f7   Thumb Code     0  startup_stm32l152xd.o(.text)
    DMA1_Channel7_IRQHandler                 0x080001f7   Thumb Code     0  startup_stm32l152xd.o(.text)
    DMA2_Channel1_IRQHandler                 0x080001f7   Thumb Code     0  startup_stm32l152xd.o(.text)
    DMA2_Channel2_IRQHandler                 0x080001f7   Thumb Code     0  startup_stm32l152xd.o(.text)
    DMA2_Channel3_IRQHandler                 0x080001f7   Thumb Code     0  startup_stm32l152xd.o(.text)
    DMA2_Channel4_IRQHandler                 0x080001f7   Thumb Code     0  startup_stm32l152xd.o(.text)
    DMA2_Channel5_IRQHandler                 0x080001f7   Thumb Code     0  startup_stm32l152xd.o(.text)
    EXTI0_IRQHandler                         0x080001f7   Thumb Code     0  startup_stm32l152xd.o(.text)
    EXTI15_10_IRQHandler                     0x080001f7   Thumb Code     0  startup_stm32l152xd.o(.text)
    EXTI1_IRQHandler                         0x080001f7   Thumb Code     0  startup_stm32l152xd.o(.text)
    EXTI2_IRQHandler                         0x080001f7   Thumb Code     0  startup_stm32l152xd.o(.text)
    EXTI3_IRQHandler                         0x080001f7   Thumb Code     0  startup_stm32l152xd.o(.text)
    EXTI4_IRQHandler                         0x080001f7   Thumb Code     0  startup_stm32l152xd.o(.text)
    EXTI9_5_IRQHandler                       0x080001f7   Thumb Code     0  startup_stm32l152xd.o(.text)
    FLASH_IRQHandler                         0x080001f7   Thumb Code     0  startup_stm32l152xd.o(.text)
    I2C1_ER_IRQHandler                       0x080001f7   Thumb Code     0  startup_stm32l152xd.o(.text)
    I2C1_EV_IRQHandler                       0x080001f7   Thumb Code     0  startup_stm32l152xd.o(.text)
    I2C2_ER_IRQHandler                       0x080001f7   Thumb Code     0  startup_stm32l152xd.o(.text)
    I2C2_EV_IRQHandler                       0x080001f7   Thumb Code     0  startup_stm32l152xd.o(.text)
    LCD_IRQHandler                           0x080001f7   Thumb Code     0  startup_stm32l152xd.o(.text)
    PVD_IRQHandler                           0x080001f7   Thumb Code     0  startup_stm32l152xd.o(.text)
    RCC_IRQHandler                           0x080001f7   Thumb Code     0  startup_stm32l152xd.o(.text)
    RTC_Alarm_IRQHandler                     0x080001f7   Thumb Code     0  startup_stm32l152xd.o(.text)
    RTC_WKUP_IRQHandler                      0x080001f7   Thumb Code     0  startup_stm32l152xd.o(.text)
    SDIO_IRQHandler                          0x080001f7   Thumb Code     0  startup_stm32l152xd.o(.text)
    SPI1_IRQHandler                          0x080001f7   Thumb Code     0  startup_stm32l152xd.o(.text)
    SPI2_IRQHandler                          0x080001f7   Thumb Code     0  startup_stm32l152xd.o(.text)
    SPI3_IRQHandler                          0x080001f7   Thumb Code     0  startup_stm32l152xd.o(.text)
    TAMPER_STAMP_IRQHandler                  0x080001f7   Thumb Code     0  startup_stm32l152xd.o(.text)
    TIM10_IRQHandler                         0x080001f7   Thumb Code     0  startup_stm32l152xd.o(.text)
    TIM11_IRQHandler                         0x080001f7   Thumb Code     0  startup_stm32l152xd.o(.text)
    TIM2_IRQHandler                          0x080001f7   Thumb Code     0  startup_stm32l152xd.o(.text)
    TIM3_IRQHandler                          0x080001f7   Thumb Code     0  startup_stm32l152xd.o(.text)
    TIM4_IRQHandler                          0x080001f7   Thumb Code     0  startup_stm32l152xd.o(.text)
    TIM5_IRQHandler                          0x080001f7   Thumb Code     0  startup_stm32l152xd.o(.text)
    TIM6_IRQHandler                          0x080001f7   Thumb Code     0  startup_stm32l152xd.o(.text)
    TIM7_IRQHandler                          0x080001f7   Thumb Code     0  startup_stm32l152xd.o(.text)
    TIM9_IRQHandler                          0x080001f7   Thumb Code     0  startup_stm32l152xd.o(.text)
    UART4_IRQHandler                         0x080001f7   Thumb Code     0  startup_stm32l152xd.o(.text)
    UART5_IRQHandler                         0x080001f7   Thumb Code     0  startup_stm32l152xd.o(.text)
    USART1_IRQHandler                        0x080001f7   Thumb Code     0  startup_stm32l152xd.o(.text)
    USART2_IRQHandler                        0x080001f7   Thumb Code     0  startup_stm32l152xd.o(.text)
    USART3_IRQHandler                        0x080001f7   Thumb Code     0  startup_stm32l152xd.o(.text)
    USB_FS_WKUP_IRQHandler                   0x080001f7   Thumb Code     0  startup_stm32l152xd.o(.text)
    USB_HP_IRQHandler                        0x080001f7   Thumb Code     0  startup_stm32l152xd.o(.text)
    USB_LP_IRQHandler                        0x080001f7   Thumb Code     0  startup_stm32l152xd.o(.text)
    WWDG_IRQHandler                          0x080001f7   Thumb Code     0  startup_stm32l152xd.o(.text)
    __aeabi_memcpy                           0x08000201   Thumb Code    36  memcpya.o(.text)
    __aeabi_memcpy4                          0x08000201   Thumb Code     0  memcpya.o(.text)
    __aeabi_memcpy8                          0x08000201   Thumb Code     0  memcpya.o(.text)
    __aeabi_memset                           0x08000225   Thumb Code    14  memseta.o(.text)
    __aeabi_memset4                          0x08000225   Thumb Code     0  memseta.o(.text)
    __aeabi_memset8                          0x08000225   Thumb Code     0  memseta.o(.text)
    __aeabi_memclr                           0x08000233   Thumb Code     4  memseta.o(.text)
    __aeabi_memclr4                          0x08000233   Thumb Code     0  memseta.o(.text)
    __aeabi_memclr8                          0x08000233   Thumb Code     0  memseta.o(.text)
    _memset$wrapper                          0x08000237   Thumb Code    18  memseta.o(.text)
    __scatterload                            0x08000249   Thumb Code    28  init.o(.text)
    __scatterload_rt2                        0x08000249   Thumb Code     0  init.o(.text)
    BSP_LED_Init                             0x0800026d   Thumb Code   114  stm32l152d_eval.o(i.BSP_LED_Init)
    BSP_LED_Toggle                           0x080002ed   Thumb Code    16  stm32l152d_eval.o(i.BSP_LED_Toggle)
    BusFault_Handler                         0x08000305   Thumb Code     2  stm32l1xx_it.o(i.BusFault_Handler)
    DebugMon_Handler                         0x08000307   Thumb Code     2  stm32l1xx_it.o(i.DebugMon_Handler)
    HAL_GPIO_Init                            0x08000309   Thumb Code   392  stm32l1xx_hal_gpio.o(i.HAL_GPIO_Init)
    HAL_GPIO_TogglePin                       0x080004b9   Thumb Code     8  stm32l1xx_hal_gpio.o(i.HAL_GPIO_TogglePin)
    HAL_GPIO_WritePin                        0x080004c1   Thumb Code    10  stm32l1xx_hal_gpio.o(i.HAL_GPIO_WritePin)
    HAL_GetTick                              0x080004cd   Thumb Code     6  stm32l1xx_hal.o(i.HAL_GetTick)
    HAL_IncTick                              0x080004d9   Thumb Code    10  stm32l1xx_hal.o(i.HAL_IncTick)
    HAL_Init                                 0x080004e9   Thumb Code    40  stm32l1xx_hal.o(i.HAL_Init)
    HAL_InitTick                             0x08000515   Thumb Code    34  stm32l1xx_hal.o(i.HAL_InitTick)
    HAL_MspInit                              0x0800053d   Thumb Code     2  stm32l1xx_hal.o(i.HAL_MspInit)
    HAL_NVIC_SetPriority                     0x08000541   Thumb Code    60  stm32l1xx_hal_cortex.o(i.HAL_NVIC_SetPriority)
    HAL_NVIC_SetPriorityGrouping             0x08000581   Thumb Code    26  stm32l1xx_hal_cortex.o(i.HAL_NVIC_SetPriorityGrouping)
    HAL_PWREx_GetVoltageRange                0x080005a5   Thumb Code    10  stm32l1xx_hal_pwr_ex.o(i.HAL_PWREx_GetVoltageRange)
    HAL_RCC_ClockConfig                      0x080005b5   Thumb Code   450  stm32l1xx_hal_rcc.o(i.HAL_RCC_ClockConfig)
    HAL_RCC_GetSysClockFreq                  0x08000789   Thumb Code   122  stm32l1xx_hal_rcc.o(i.HAL_RCC_GetSysClockFreq)
    HAL_RCC_OscConfig                        0x08000815   Thumb Code  1860  stm32l1xx_hal_rcc.o(i.HAL_RCC_OscConfig)
    HAL_SYSTICK_Config                       0x08000f65   Thumb Code    40  stm32l1xx_hal_cortex.o(i.HAL_SYSTICK_Config)
    HardFault_Handler                        0x08000f8d   Thumb Code     2  stm32l1xx_it.o(i.HardFault_Handler)
    MemManage_Handler                        0x08001041   Thumb Code     2  stm32l1xx_it.o(i.MemManage_Handler)
    NMI_Handler                              0x08001043   Thumb Code     2  stm32l1xx_it.o(i.NMI_Handler)
    SysTick_Handler                          0x080010dd   Thumb Code    14  stm32l1xx_it.o(i.SysTick_Handler)
    SystemInit                               0x08001175   Thumb Code    62  system_stm32l1xx.o(i.SystemInit)
    UsageFault_Handler                       0x080011c5   Thumb Code     2  stm32l1xx_it.o(i.UsageFault_Handler)
    __scatterload_copy                       0x080011c7   Thumb Code    14  handlers.o(i.__scatterload_copy)
    __scatterload_null                       0x080011d5   Thumb Code     2  handlers.o(i.__scatterload_null)
    __scatterload_zeroinit                   0x080011d7   Thumb Code    14  handlers.o(i.__scatterload_zeroinit)
    main                                     0x080011f1   Thumb Code    94  main.o(i.main)
    osDelay                                  0x08001265   Thumb Code    14  cmsis_os.o(i.osDelay)
    osKernelStart                            0x08001273   Thumb Code    10  cmsis_os.o(i.osKernelStart)
    osMailAlloc                              0x0800127d   Thumb Code    12  cmsis_os.o(i.osMailAlloc)
    osMailCreate                             0x08001289   Thumb Code    92  cmsis_os.o(i.osMailCreate)
    osMailFree                               0x080012e5   Thumb Code    12  cmsis_os.o(i.osMailFree)
    osMailGet                                0x080012f1   Thumb Code   134  cmsis_os.o(i.osMailGet)
    osMailPut                                0x0800137d   Thumb Code    80  cmsis_os.o(i.osMailPut)
    osPoolAlloc                              0x080013d1   Thumb Code    96  cmsis_os.o(i.osPoolAlloc)
    osPoolCreate                             0x08001431   Thumb Code    94  cmsis_os.o(i.osPoolCreate)
    osPoolFree                               0x0800148f   Thumb Code    48  cmsis_os.o(i.osPoolFree)
    osSystickHandler                         0x080014bf   Thumb Code    20  cmsis_os.o(i.osSystickHandler)
    osThreadCreate                           0x080014d3   Thumb Code    56  cmsis_os.o(i.osThreadCreate)
    pvPortMalloc                             0x08001775   Thumb Code   182  heap_4.o(i.pvPortMalloc)
    pvTaskIncrementMutexHeldCount            0x08001831   Thumb Code    18  tasks.o(i.pvTaskIncrementMutexHeldCount)
    pxPortInitialiseStack                    0x08001849   Thumb Code    28  port.o(i.pxPortInitialiseStack)
    uxListRemove                             0x08001869   Thumb Code    36  list.o(i.uxListRemove)
    vListInitialise                          0x0800188d   Thumb Code    22  list.o(i.vListInitialise)
    vListInitialiseItem                      0x080018a3   Thumb Code     6  list.o(i.vListInitialiseItem)
    vListInsert                              0x080018a9   Thumb Code    48  list.o(i.vListInsert)
    vListInsertEnd                           0x080018d9   Thumb Code    24  list.o(i.vListInsertEnd)
    vPortEnterCritical                       0x080018f1   Thumb Code    44  port.o(i.vPortEnterCritical)
    vPortExitCritical                        0x08001925   Thumb Code    30  port.o(i.vPortExitCritical)
    vPortFree                                0x08001949   Thumb Code    68  heap_4.o(i.vPortFree)
    vPortSetupTimerInterrupt                 0x08001991   Thumb Code    26  port.o(i.vPortSetupTimerInterrupt)
    vPortValidateInterruptPriority           0x080019b1   Thumb Code    54  port.o(i.vPortValidateInterruptPriority)
    vPortYield                               0x080019f1   Thumb Code    18  port.o(i.vPortYield)
    vTaskDelay                               0x08001a09   Thumb Code    76  tasks.o(i.vTaskDelay)
    vTaskMissedYield                         0x08001a59   Thumb Code     8  tasks.o(i.vTaskMissedYield)
    vTaskPlaceOnEventList                    0x08001a65   Thumb Code    62  tasks.o(i.vTaskPlaceOnEventList)
    vTaskPriorityInherit                     0x08001aa9   Thumb Code   124  tasks.o(i.vTaskPriorityInherit)
    vTaskSetTimeOutState                     0x08001b2d   Thumb Code    22  tasks.o(i.vTaskSetTimeOutState)
    vTaskStartScheduler                      0x08001b49   Thumb Code    66  tasks.o(i.vTaskStartScheduler)
    vTaskSuspendAll                          0x08001b9d   Thumb Code    10  tasks.o(i.vTaskSuspendAll)
    vTaskSwitchContext                       0x08001bad   Thumb Code    74  tasks.o(i.vTaskSwitchContext)
    xPortStartScheduler                      0x08001c01   Thumb Code   102  port.o(i.xPortStartScheduler)
    xPortSysTickHandler                      0x08001c75   Thumb Code    30  port.o(i.xPortSysTickHandler)
    xQueueGenericCreate                      0x08001c99   Thumb Code    80  queue.o(i.xQueueGenericCreate)
    xQueueGenericReceive                     0x08001ce9   Thumb Code   302  queue.o(i.xQueueGenericReceive)
    xQueueGenericReset                       0x08001e17   Thumb Code   106  queue.o(i.xQueueGenericReset)
    xQueueGenericSend                        0x08001e81   Thumb Code   276  queue.o(i.xQueueGenericSend)
    xQueueGenericSendFromISR                 0x08001f95   Thumb Code   140  queue.o(i.xQueueGenericSendFromISR)
    xQueueReceiveFromISR                     0x08002021   Thumb Code   118  queue.o(i.xQueueReceiveFromISR)
    xTaskCheckForTimeOut                     0x08002099   Thumb Code    78  tasks.o(i.xTaskCheckForTimeOut)
    xTaskGenericCreate                       0x080020ed   Thumb Code   380  tasks.o(i.xTaskGenericCreate)
    xTaskGetSchedulerState                   0x08002271   Thumb Code    22  tasks.o(i.xTaskGetSchedulerState)
    xTaskIncrementTick                       0x0800228d   Thumb Code   184  tasks.o(i.xTaskIncrementTick)
    xTaskPriorityDisinherit                  0x0800234d   Thumb Code   124  tasks.o(i.xTaskPriorityDisinherit)
    xTaskRemoveFromEventList                 0x080023d1   Thumb Code    98  tasks.o(i.xTaskRemoveFromEventList)
    xTaskResumeAll                           0x0800243d   Thumb Code   162  tasks.o(i.xTaskResumeAll)
    PLLMulTable                              0x080024e8   Data           9  system_stm32l1xx.o(.constdata)
    AHBPrescTable                            0x080024f1   Data          16  system_stm32l1xx.o(.constdata)
    JOY_IRQn                                 0x08002502   Data           5  stm32l152d_eval.o(.constdata)
    BUTTON_IRQn                              0x08002507   Data           6  stm32l152d_eval.o(.constdata)
    LED_PIN                                  0x0800250e   Data           8  stm32l152d_eval.o(.constdata)
    BUTTON_PIN                               0x08002516   Data          12  stm32l152d_eval.o(.constdata)
    JOY_PIN                                  0x08002522   Data          10  stm32l152d_eval.o(.constdata)
    Region$$Table$$Base                      0x08002570   Number         0  anon$$obj.o(Region$$Table)
    Region$$Table$$Limit                     0x08002590   Number         0  anon$$obj.o(Region$$Table)
    pxCurrentTCB                             0x20000000   Data           4  tasks.o(.data)
    SystemCoreClock                          0x2000005c   Data           4  system_stm32l1xx.o(.data)
    LED_PORT                                 0x20000060   Data          16  stm32l152d_eval.o(.data)
    BUTTON_PORT                              0x20000070   Data          24  stm32l152d_eval.o(.data)
    JOY_PORT                                 0x20000088   Data          20  stm32l152d_eval.o(.data)
    uwTick                                   0x2000009c   Data           4  stm32l1xx_hal.o(.data)
    ProducerValue3                           0x200000a0   Data           1  main.o(.data)
    ConsumerValue3                           0x200000a1   Data           1  main.o(.data)
    ProducerValue1                           0x200000a4   Data           4  main.o(.data)
    ProducerValue2                           0x200000a8   Data           4  main.o(.data)
    ConsumerValue1                           0x200000ac   Data           4  main.o(.data)
    ConsumerValue2                           0x200000b0   Data           4  main.o(.data)
    mailId                                   0x200000b4   Data           4  main.o(.data)
    __initial_sp                             0x20001198   Data           0  startup_stm32l152xd.o(STACK)



==============================================================================

Memory Map of the image

  Image Entry point : 0x08000125

  Load Region LR_IROM1 (Base: 0x08000000, Size: 0x00002648, Max: 0x00060000, ABSOLUTE)

    Execution Region ER_IROM1 (Base: 0x08000000, Size: 0x00002590, Max: 0x00060000, ABSOLUTE)

    Base Addr    Size         Type   Attr      Idx    E Section Name        Object

    0x08000000   0x00000124   Data   RO         1900    RESET               startup_stm32l152xd.o
    0x08000124   0x00000000   Code   RO         1905  * .ARM.Collect$$$$00000000  mc_w.l(entry.o)
    0x08000124   0x00000004   Code   RO         1914    .ARM.Collect$$$$00000001  mc_w.l(entry2.o)
    0x08000128   0x00000004   Code   RO         1917    .ARM.Collect$$$$00000004  mc_w.l(entry5.o)
    0x0800012c   0x00000000   Code   RO         1919    .ARM.Collect$$$$00000008  mc_w.l(entry7b.o)
    0x0800012c   0x00000000   Code   RO         1921    .ARM.Collect$$$$0000000A  mc_w.l(entry8b.o)
    0x0800012c   0x00000008   Code   RO         1922    .ARM.Collect$$$$0000000B  mc_w.l(entry9a.o)
    0x08000134   0x00000000   Code   RO         1924    .ARM.Collect$$$$0000000D  mc_w.l(entry10a.o)
    0x08000134   0x00000000   Code   RO         1926    .ARM.Collect$$$$0000000F  mc_w.l(entry11a.o)
    0x08000134   0x00000004   Code   RO         1915    .ARM.Collect$$$$00002712  mc_w.l(entry2.o)
    0x08000138   0x000000a2   Code   RO          561    .emb_text           port.o
    0x080001da   0x00000002   PAD
    0x080001dc   0x00000024   Code   RO         1901    .text               startup_stm32l152xd.o
    0x08000200   0x00000024   Code   RO         1908    .text               mc_w.l(memcpya.o)
    0x08000224   0x00000024   Code   RO         1910    .text               mc_w.l(memseta.o)
    0x08000248   0x00000024   Code   RO         1928    .text               mc_w.l(init.o)
    0x0800026c   0x00000080   Code   RO         1078    i.BSP_LED_Init      stm32l152d_eval.o
    0x080002ec   0x00000018   Code   RO         1081    i.BSP_LED_Toggle    stm32l152d_eval.o
    0x08000304   0x00000002   Code   RO         1835    i.BusFault_Handler  stm32l1xx_it.o
    0x08000306   0x00000002   Code   RO         1836    i.DebugMon_Handler  stm32l1xx_it.o
    0x08000308   0x000001b0   Code   RO         1275    i.HAL_GPIO_Init     stm32l1xx_hal_gpio.o
    0x080004b8   0x00000008   Code   RO         1278    i.HAL_GPIO_TogglePin  stm32l1xx_hal_gpio.o
    0x080004c0   0x0000000a   Code   RO         1279    i.HAL_GPIO_WritePin  stm32l1xx_hal_gpio.o
    0x080004ca   0x00000002   PAD
    0x080004cc   0x0000000c   Code   RO         1349    i.HAL_GetTick       stm32l1xx_hal.o
    0x080004d8   0x00000010   Code   RO         1350    i.HAL_IncTick       stm32l1xx_hal.o
    0x080004e8   0x0000002c   Code   RO         1351    i.HAL_Init          stm32l1xx_hal.o
    0x08000514   0x00000028   Code   RO         1352    i.HAL_InitTick      stm32l1xx_hal.o
    0x0800053c   0x00000002   Code   RO         1354    i.HAL_MspInit       stm32l1xx_hal.o
    0x0800053e   0x00000002   PAD
    0x08000540   0x00000040   Code   RO         1482    i.HAL_NVIC_SetPriority  stm32l1xx_hal_cortex.o
    0x08000580   0x00000024   Code   RO         1483    i.HAL_NVIC_SetPriorityGrouping  stm32l1xx_hal_cortex.o
    0x080005a4   0x00000010   Code   RO         1722    i.HAL_PWREx_GetVoltageRange  stm32l1xx_hal_pwr_ex.o
    0x080005b4   0x000001d4   Code   RO         1166    i.HAL_RCC_ClockConfig  stm32l1xx_hal_rcc.o
    0x08000788   0x0000008c   Code   RO         1175    i.HAL_RCC_GetSysClockFreq  stm32l1xx_hal_rcc.o
    0x08000814   0x00000750   Code   RO         1178    i.HAL_RCC_OscConfig  stm32l1xx_hal_rcc.o
    0x08000f64   0x00000028   Code   RO         1487    i.HAL_SYSTICK_Config  stm32l1xx_hal_cortex.o
    0x08000f8c   0x00000002   Code   RO         1837    i.HardFault_Handler  stm32l1xx_it.o
    0x08000f8e   0x00000002   PAD
    0x08000f90   0x00000060   Code   RO         1776    i.MailQueueConsumer  main.o
    0x08000ff0   0x00000050   Code   RO         1777    i.MailQueueProducer  main.o
    0x08001040   0x00000002   Code   RO         1838    i.MemManage_Handler  stm32l1xx_it.o
    0x08001042   0x00000002   Code   RO         1839    i.NMI_Handler       stm32l1xx_it.o
    0x08001044   0x00000020   Code   RO         1489    i.NVIC_SetPriority  stm32l1xx_hal_cortex.o
    0x08001064   0x00000078   Code   RO         1179    i.RCC_SetFlashLatencyFromMSIRange  stm32l1xx_hal_rcc.o
    0x080010dc   0x0000000e   Code   RO         1840    i.SysTick_Handler   stm32l1xx_it.o
    0x080010ea   0x00000002   PAD
    0x080010ec   0x00000088   Code   RO         1778    i.SystemClock_Config  main.o
    0x08001174   0x00000050   Code   RO          973    i.SystemInit        system_stm32l1xx.o
    0x080011c4   0x00000002   Code   RO         1841    i.UsageFault_Handler  stm32l1xx_it.o
    0x080011c6   0x0000000e   Code   RO         1932    i.__scatterload_copy  mc_w.l(handlers.o)
    0x080011d4   0x00000002   Code   RO         1933    i.__scatterload_null  mc_w.l(handlers.o)
    0x080011d6   0x0000000e   Code   RO         1934    i.__scatterload_zeroinit  mc_w.l(handlers.o)
    0x080011e4   0x0000000c   Code   RO          639    i.inHandlerMode     cmsis_os.o
    0x080011f0   0x00000068   Code   RO         1779    i.main              main.o
    0x08001258   0x0000000c   Code   RO          641    i.makeFreeRtosPriority  cmsis_os.o
    0x08001264   0x0000000e   Code   RO          642    i.osDelay           cmsis_os.o
    0x08001272   0x0000000a   Code   RO          645    i.osKernelStart     cmsis_os.o
    0x0800127c   0x0000000c   Code   RO          647    i.osMailAlloc       cmsis_os.o
    0x08001288   0x0000005c   Code   RO          649    i.osMailCreate      cmsis_os.o
    0x080012e4   0x0000000c   Code   RO          650    i.osMailFree        cmsis_os.o
    0x080012f0   0x0000008c   Code   RO          651    i.osMailGet         cmsis_os.o
    0x0800137c   0x00000054   Code   RO          652    i.osMailPut         cmsis_os.o
    0x080013d0   0x00000060   Code   RO          661    i.osPoolAlloc       cmsis_os.o
    0x08001430   0x0000005e   Code   RO          663    i.osPoolCreate      cmsis_os.o
    0x0800148e   0x00000030   Code   RO          664    i.osPoolFree        cmsis_os.o
    0x080014be   0x00000014   Code   RO          674    i.osSystickHandler  cmsis_os.o
    0x080014d2   0x00000038   Code   RO          675    i.osThreadCreate    cmsis_os.o
    0x0800150a   0x00000002   PAD
    0x0800150c   0x00000034   Code   RO           52    i.prvAddCurrentTaskToDelayedList  tasks.o
    0x08001540   0x00000054   Code   RO           53    i.prvCheckTasksWaitingTermination  tasks.o
    0x08001594   0x00000026   Code   RO          314    i.prvCopyDataFromQueue  queue.o
    0x080015ba   0x0000006e   Code   RO          315    i.prvCopyDataToQueue  queue.o
    0x08001628   0x0000004c   Code   RO          512    i.prvHeapInit       heap_4.o
    0x08001674   0x00000018   Code   RO           54    i.prvIdleTask       tasks.o
    0x0800168c   0x0000004c   Code   RO          513    i.prvInsertBlockIntoFreeList  heap_4.o
    0x080016d8   0x00000020   Code   RO           56    i.prvResetNextTaskUnblockTime  tasks.o
    0x080016f8   0x00000018   Code   RO          562    i.prvTaskExitError  port.o
    0x08001710   0x00000064   Code   RO          316    i.prvUnlockQueue    queue.o
    0x08001774   0x000000bc   Code   RO          514    i.pvPortMalloc      heap_4.o
    0x08001830   0x00000018   Code   RO           57    i.pvTaskIncrementMutexHeldCount  tasks.o
    0x08001848   0x00000020   Code   RO          563    i.pxPortInitialiseStack  port.o
    0x08001868   0x00000024   Code   RO          476    i.uxListRemove      list.o
    0x0800188c   0x00000016   Code   RO          477    i.vListInitialise   list.o
    0x080018a2   0x00000006   Code   RO          478    i.vListInitialiseItem  list.o
    0x080018a8   0x00000030   Code   RO          479    i.vListInsert       list.o
    0x080018d8   0x00000018   Code   RO          480    i.vListInsertEnd    list.o
    0x080018f0   0x00000034   Code   RO          565    i.vPortEnterCritical  port.o
    0x08001924   0x00000024   Code   RO          566    i.vPortExitCritical  port.o
    0x08001948   0x00000048   Code   RO          515    i.vPortFree         heap_4.o
    0x08001990   0x00000020   Code   RO          567    i.vPortSetupTimerInterrupt  port.o
    0x080019b0   0x00000040   Code   RO          568    i.vPortValidateInterruptPriority  port.o
    0x080019f0   0x00000018   Code   RO          569    i.vPortYield        port.o
    0x08001a08   0x00000050   Code   RO           65    i.vTaskDelay        tasks.o
    0x08001a58   0x0000000c   Code   RO           68    i.vTaskMissedYield  tasks.o
    0x08001a64   0x00000044   Code   RO           70    i.vTaskPlaceOnEventList  tasks.o
    0x08001aa8   0x00000084   Code   RO           72    i.vTaskPriorityInherit  tasks.o
    0x08001b2c   0x0000001c   Code   RO           75    i.vTaskSetTimeOutState  tasks.o
    0x08001b48   0x00000054   Code   RO           76    i.vTaskStartScheduler  tasks.o
    0x08001b9c   0x00000010   Code   RO           77    i.vTaskSuspendAll   tasks.o
    0x08001bac   0x00000054   Code   RO           78    i.vTaskSwitchContext  tasks.o
    0x08001c00   0x00000074   Code   RO          570    i.xPortStartScheduler  port.o
    0x08001c74   0x00000024   Code   RO          571    i.xPortSysTickHandler  port.o
    0x08001c98   0x00000050   Code   RO          328    i.xQueueGenericCreate  queue.o
    0x08001ce8   0x0000012e   Code   RO          329    i.xQueueGenericReceive  queue.o
    0x08001e16   0x0000006a   Code   RO          330    i.xQueueGenericReset  queue.o
    0x08001e80   0x00000114   Code   RO          331    i.xQueueGenericSend  queue.o
    0x08001f94   0x0000008c   Code   RO          332    i.xQueueGenericSendFromISR  queue.o
    0x08002020   0x00000076   Code   RO          338    i.xQueueReceiveFromISR  queue.o
    0x08002096   0x00000002   PAD
    0x08002098   0x00000054   Code   RO           79    i.xTaskCheckForTimeOut  tasks.o
    0x080020ec   0x00000184   Code   RO           80    i.xTaskGenericCreate  tasks.o
    0x08002270   0x0000001c   Code   RO           84    i.xTaskGetSchedulerState  tasks.o
    0x0800228c   0x000000c0   Code   RO           87    i.xTaskIncrementTick  tasks.o
    0x0800234c   0x00000084   Code   RO           90    i.xTaskPriorityDisinherit  tasks.o
    0x080023d0   0x0000006c   Code   RO           91    i.xTaskRemoveFromEventList  tasks.o
    0x0800243c   0x000000ac   Code   RO           93    i.xTaskResumeAll    tasks.o
    0x080024e8   0x00000019   Data   RO          974    .constdata          system_stm32l1xx.o
    0x08002501   0x00000001   PAD
    0x08002502   0x0000002a   Data   RO         1084    .constdata          stm32l152d_eval.o
    0x0800252c   0x00000034   Data   RO         1780    .constdata          main.o
    0x08002560   0x0000000e   Data   RO         1781    .conststring        main.o
    0x0800256e   0x00000002   PAD
    0x08002570   0x00000020   Data   RO         1930    Region$$Table       anon$$obj.o


    Execution Region RW_IRAM1 (Base: 0x20000000, Size: 0x00001198, Max: 0x0000c000, ABSOLUTE)

    Base Addr    Size         Type   Attr      Idx    E Section Name        Object

    0x20000000   0x00000038   Data   RW           95    .data               tasks.o
    0x20000038   0x00000018   Data   RW          520    .data               heap_4.o
    0x20000050   0x0000000c   Data   RW          572    .data               port.o
    0x2000005c   0x00000004   Data   RW          976    .data               system_stm32l1xx.o
    0x20000060   0x0000003c   Data   RW         1089    .data               stm32l152d_eval.o
    0x2000009c   0x00000004   Data   RW         1357    .data               stm32l1xx_hal.o
    0x200000a0   0x00000018   Data   RW         1782    .data               main.o
    0x200000b8   0x000000dc   Zero   RW           94    .bss                tasks.o
    0x20000194   0x00000c00   Zero   RW          519    .bss                heap_4.o
    0x20000d94   0x00000004   PAD
    0x20000d98   0x00000400   Zero   RW         1898    STACK               startup_stm32l152xd.o


==============================================================================

Image component sizes


      Code (inc. data)   RO Data    RW Data    ZI Data      Debug   Object Name

       702         10          0          0          0      18826   cmsis_os.o
       412         24          0         24       3072       4595   heap_4.o
       136          0          0          0          0       3822   list.o
       416         30         66         24          0       7486   main.o
       578         76          0         12          0       9762   port.o
      1270          0          0          0          0      10276   queue.o
        36          8        292          0       1024        840   startup_stm32l152xd.o
       152         22         42         60          0      11656   stm32l152d_eval.o
       114         22          0          4          0       4237   stm32l1xx_hal.o
       172         14          0          0          0      26926   stm32l1xx_hal_cortex.o
       450         40          0          0          0       3157   stm32l1xx_hal_gpio.o
        16          6          0          0          0        644   stm32l1xx_hal_pwr_ex.o
      2600         76          0          0          0       5782   stm32l1xx_hal_rcc.o
        26          0          0          0          0       3479   stm32l1xx_it.o
        80         18         25          4          0     382291   system_stm32l1xx.o
      1824        146          0         56        220      19348   tasks.o
         0          0          0          0          0      22356   timers.o

    ----------------------------------------------------------------------
      8998        492        460        184       4320     535483   Object Totals
         0          0         32          0          0          0   (incl. Generated)
        14          0          3          0          4          0   (incl. Padding)

    ----------------------------------------------------------------------

      Code (inc. data)   RO Data    RW Data    ZI Data      Debug   Library Member Name

         0          0          0          0          0          0   entry.o
         0          0          0          0          0          0   entry10a.o
         0          0          0          0          0          0   entry11a.o
         8          4          0          0          0          0   entry2.o
         4          0          0          0          0          0   entry5.o
         0          0          0          0          0          0   entry7b.o
         0          0          0          0          0          0   entry8b.o
         8          4          0          0          0          0   entry9a.o
        30          0          0          0          0          0   handlers.o
        36          8          0          0          0         68   init.o
        36          0          0          0          0         68   memcpya.o
        36          0          0          0          0        108   memseta.o

    ----------------------------------------------------------------------
       158         16          0          0          0        244   Library Totals
         0          0          0          0          0          0   (incl. Padding)

    ----------------------------------------------------------------------

      Code (inc. data)   RO Data    RW Data    ZI Data      Debug   Library Name

       158         16          0          0          0        244   mc_w.l

    ----------------------------------------------------------------------
       158         16          0          0          0        244   Library Totals

    ----------------------------------------------------------------------

==============================================================================


      Code (inc. data)   RO Data    RW Data    ZI Data      Debug   

      9156        508        460        184       4320     531251   Grand Totals
      9156        508        460        184       4320     531251   ELF Image Totals
      9156        508        460        184          0          0   ROM Totals

==============================================================================

    Total RO  Size (Code + RO Data)                 9616 (   9.39kB)
    Total RW  Size (RW Data + ZI Data)              4504 (   4.40kB)
    Total ROM Size (Code + RO Data + RW Data)       9800 (   9.57kB)

==============================================================================

