Component: ARM Compiler 5.05 update 1 (build 106) Tool: armlink [4d0efa]

==============================================================================

Section Cross References

    startup_stm32l152xe.o(RESET) refers to startup_stm32l152xe.o(STACK) for __initial_sp
    startup_stm32l152xe.o(RESET) refers to startup_stm32l152xe.o(.text) for Reset_Handler
    startup_stm32l152xe.o(RESET) refers to stm32l1xx_it.o(i.NMI_Handler) for NMI_Handler
    startup_stm32l152xe.o(RESET) refers to stm32l1xx_it.o(i.HardFault_Handler) for HardFault_Handler
    startup_stm32l152xe.o(RESET) refers to stm32l1xx_it.o(i.MemManage_Handler) for MemManage_Handler
    startup_stm32l152xe.o(RESET) refers to stm32l1xx_it.o(i.BusFault_Handler) for BusFault_Handler
    startup_stm32l152xe.o(RESET) refers to stm32l1xx_it.o(i.UsageFault_Handler) for UsageFault_Handler
    startup_stm32l152xe.o(RESET) refers to stm32l1xx_it.o(i.SVC_Handler) for SVC_Handler
    startup_stm32l152xe.o(RESET) refers to stm32l1xx_it.o(i.DebugMon_Handler) for DebugMon_Handler
    startup_stm32l152xe.o(RESET) refers to stm32l1xx_it.o(i.PendSV_Handler) for PendSV_Handler
    startup_stm32l152xe.o(RESET) refers to stm32l1xx_it.o(i.SysTick_Handler) for SysTick_Handler
    startup_stm32l152xe.o(RESET) refers to stm32l1xx_it.o(i.USB_LP_IRQHandler) for USB_LP_IRQHandler
    startup_stm32l152xe.o(.text) refers to system_stm32l1xx.o(i.SystemInit) for SystemInit
    startup_stm32l152xe.o(.text) refers to entry.o(.ARM.Collect$$$$00000000) for __main
    stm32l1xx_hal_flash.o(i.FLASH_SetErrorCode) refers to stm32l1xx_hal_flash.o(.bss) for .bss
    stm32l1xx_hal_flash.o(i.FLASH_WaitForLastOperation) refers to stm32l1xx_hal.o(i.HAL_GetTick) for HAL_GetTick
    stm32l1xx_hal_flash.o(i.FLASH_WaitForLastOperation) refers to stm32l1xx_hal_flash.o(i.FLASH_SetErrorCode) for FLASH_SetErrorCode
    stm32l1xx_hal_flash.o(i.HAL_FLASH_GetError) refers to stm32l1xx_hal_flash.o(.bss) for .bss
    stm32l1xx_hal_flash.o(i.HAL_FLASH_IRQHandler) refers to stm32l1xx_hal_flash.o(i.FLASH_SetErrorCode) for FLASH_SetErrorCode
    stm32l1xx_hal_flash.o(i.HAL_FLASH_IRQHandler) refers to stm32l1xx_hal_flash.o(i.HAL_FLASH_OperationErrorCallback) for HAL_FLASH_OperationErrorCallback
    stm32l1xx_hal_flash.o(i.HAL_FLASH_IRQHandler) refers to stm32l1xx_hal_flash.o(i.HAL_FLASH_EndOfOperationCallback) for HAL_FLASH_EndOfOperationCallback
    stm32l1xx_hal_flash.o(i.HAL_FLASH_IRQHandler) refers to stm32l1xx_hal_flash_ex.o(i.FLASH_PageErase) for FLASH_PageErase
    stm32l1xx_hal_flash.o(i.HAL_FLASH_IRQHandler) refers to stm32l1xx_hal_flash.o(.bss) for .bss
    stm32l1xx_hal_flash.o(i.HAL_FLASH_OB_Launch) refers to stm32l1xx_hal_flash.o(i.FLASH_WaitForLastOperation) for FLASH_WaitForLastOperation
    stm32l1xx_hal_flash.o(i.HAL_FLASH_Program) refers to stm32l1xx_hal_flash.o(i.FLASH_WaitForLastOperation) for FLASH_WaitForLastOperation
    stm32l1xx_hal_flash.o(i.HAL_FLASH_Program) refers to stm32l1xx_hal_flash.o(.bss) for .bss
    stm32l1xx_hal_flash.o(i.HAL_FLASH_Program_IT) refers to stm32l1xx_hal_flash.o(.bss) for .bss
    stm32l1xx_hal_dma.o(i.HAL_DMA_PollForTransfer) refers to stm32l1xx_hal.o(i.HAL_GetTick) for HAL_GetTick
    stm32l1xx_hal_dma.o(i.HAL_DMA_Start) refers to stm32l1xx_hal_dma.o(i.DMA_SetConfig) for DMA_SetConfig
    stm32l1xx_hal_dma.o(i.HAL_DMA_Start_IT) refers to stm32l1xx_hal_dma.o(i.DMA_SetConfig) for DMA_SetConfig
    stm32l1xx_hal_cortex.o(i.HAL_NVIC_SetPriority) refers to stm32l1xx_hal_cortex.o(i.NVIC_SetPriority) for NVIC_SetPriority
    stm32l1xx_hal_cortex.o(i.HAL_SYSTICK_Config) refers to stm32l1xx_hal_cortex.o(i.NVIC_SetPriority) for NVIC_SetPriority
    stm32l1xx_hal_cortex.o(i.HAL_SYSTICK_IRQHandler) refers to stm32l1xx_hal_cortex.o(i.HAL_SYSTICK_Callback) for HAL_SYSTICK_Callback
    stm32l1xx_hal_gpio.o(i.HAL_GPIO_EXTI_IRQHandler) refers to stm32l1xx_hal_gpio.o(i.HAL_GPIO_EXTI_Callback) for HAL_GPIO_EXTI_Callback
    stm32l1xx_hal_flash_ex.o(i.FLASH_OB_WRPConfig) refers to stm32l1xx_hal_flash.o(i.FLASH_WaitForLastOperation) for FLASH_WaitForLastOperation
    stm32l1xx_hal_flash_ex.o(i.FLASH_OB_WRPConfig) refers to stm32l1xx_hal_flash.o(.bss) for pFlash
    stm32l1xx_hal_flash_ex.o(i.FLASH_PageErase) refers to stm32l1xx_hal_flash.o(.bss) for pFlash
    stm32l1xx_hal_flash_ex.o(i.HAL_FLASHEx_AdvOBProgram) refers to stm32l1xx_hal_flash.o(i.FLASH_WaitForLastOperation) for FLASH_WaitForLastOperation
    stm32l1xx_hal_flash_ex.o(i.HAL_FLASHEx_AdvOBProgram) refers to stm32l1xx_hal_flash.o(.bss) for pFlash
    stm32l1xx_hal_flash_ex.o(i.HAL_FLASHEx_DATAEEPROM_Erase) refers to stm32l1xx_hal_flash.o(i.FLASH_WaitForLastOperation) for FLASH_WaitForLastOperation
    stm32l1xx_hal_flash_ex.o(i.HAL_FLASHEx_DATAEEPROM_Erase) refers to stm32l1xx_hal_flash.o(.bss) for pFlash
    stm32l1xx_hal_flash_ex.o(i.HAL_FLASHEx_DATAEEPROM_Program) refers to stm32l1xx_hal_flash.o(i.FLASH_WaitForLastOperation) for FLASH_WaitForLastOperation
[...]
    stm32l1xx_nucleo.o(i.BSP_LED_Init) refers to stm32l1xx_nucleo.o(.data) for .data
    stm32l1xx_nucleo.o(i.BSP_LED_Off) refers to stm32l1xx_hal_gpio.o(i.HAL_GPIO_WritePin) for HAL_GPIO_WritePin
    stm32l1xx_nucleo.o(i.BSP_LED_Off) refers to stm32l1xx_nucleo.o(.constdata) for .constdata
    stm32l1xx_nucleo.o(i.BSP_LED_Off) refers to stm32l1xx_nucleo.o(.data) for .data
    stm32l1xx_nucleo.o(i.BSP_LED_On) refers to stm32l1xx_hal_gpio.o(i.HAL_GPIO_WritePin) for HAL_GPIO_WritePin
    stm32l1xx_nucleo.o(i.BSP_LED_On) refers to stm32l1xx_nucleo.o(.constdata) for .constdata
    stm32l1xx_nucleo.o(i.BSP_LED_On) refers to stm32l1xx_nucleo.o(.data) for .data
    stm32l1xx_nucleo.o(i.BSP_LED_Toggle) refers to stm32l1xx_hal_gpio.o(i.HAL_GPIO_TogglePin) for HAL_GPIO_TogglePin
    stm32l1xx_nucleo.o(i.BSP_LED_Toggle) refers to stm32l1xx_nucleo.o(.constdata) for .constdata
    stm32l1xx_nucleo.o(i.BSP_LED_Toggle) refers to stm32l1xx_nucleo.o(.data) for .data
    stm32l1xx_nucleo.o(i.BSP_PB_DeInit) refers to stm32l1xx_hal_cortex.o(i.HAL_NVIC_DisableIRQ) for HAL_NVIC_DisableIRQ
    stm32l1xx_nucleo.o(i.BSP_PB_DeInit) refers to stm32l1xx_hal_gpio.o(i.HAL_GPIO_DeInit) for HAL_GPIO_DeInit
    stm32l1xx_nucleo.o(i.BSP_PB_DeInit) refers to stm32l1xx_nucleo.o(.constdata) for .constdata
    stm32l1xx_nucleo.o(i.BSP_PB_DeInit) refers to stm32l1xx_nucleo.o(.data) for .data
    stm32l1xx_nucleo.o(i.BSP_PB_GetState) refers to stm32l1xx_hal_gpio.o(i.HAL_GPIO_ReadPin) for HAL_GPIO_ReadPin
    stm32l1xx_nucleo.o(i.BSP_PB_GetState) refers to stm32l1xx_nucleo.o(.constdata) for .constdata
    stm32l1xx_nucleo.o(i.BSP_PB_GetState) refers to stm32l1xx_nucleo.o(.data) for .data
    stm32l1xx_nucleo.o(i.BSP_PB_Init) refers to stm32l1xx_hal_gpio.o(i.HAL_GPIO_Init) for HAL_GPIO_Init
    stm32l1xx_nucleo.o(i.BSP_PB_Init) refers to stm32l1xx_hal_cortex.o(i.HAL_NVIC_SetPriority) for HAL_NVIC_SetPriority
    stm32l1xx_nucleo.o(i.BSP_PB_Init) refers to stm32l1xx_hal_cortex.o(i.HAL_NVIC_EnableIRQ) for HAL_NVIC_EnableIRQ
    stm32l1xx_nucleo.o(i.BSP_PB_Init) refers to stm32l1xx_nucleo.o(.constdata) for .constdata
    stm32l1xx_nucleo.o(i.BSP_PB_Init) refers to stm32l1xx_nucleo.o(.data) for .data
    entry.o(.ARM.Collect$$$$00000000) refers (Special) to entry10a.o(.ARM.Collect$$$$0000000D) for __rt_final_cpp
    entry.o(.ARM.Collect$$$$00000000) refers (Special) to entry11a.o(.ARM.Collect$$$$0000000F) for __rt_final_exit
    entry.o(.ARM.Collect$$$$00000000) refers (Special) to entry7b.o(.ARM.Collect$$$$00000008) for _main_clock
    entry.o(.ARM.Collect$$$$00000000) refers (Special) to entry8b.o(.ARM.Collect$$$$0000000A) for _main_cpp_init
    entry.o(.ARM.Collect$$$$00000000) refers (Special) to entry9a.o(.ARM.Collect$$$$0000000B) for _main_init
    entry.o(.ARM.Collect$$$$00000000) refers (Special) to entry5.o(.ARM.Collect$$$$00000004) for _main_scatterload
    entry.o(.ARM.Collect$$$$00000000) refers (Special) to entry2.o(.ARM.Collect$$$$00000001) for _main_stk
    entry2.o(.ARM.Collect$$$$00000001) refers to entry2.o(.ARM.Collect$$$$00002712) for __lit__00000000
    entry2.o(.ARM.Collect$$$$00002712) refers to startup_stm32l152xe.o(STACK) for __initial_sp
    entry2.o(__vectab_stack_and_reset_area) refers to startup_stm32l152xe.o(STACK) for __initial_sp
    entry2.o(__vectab_stack_and_reset_area) refers to entry.o(.ARM.Collect$$$$00000000) for __main
    entry5.o(.ARM.Collect$$$$00000004) refers to init.o(.text) for __scatterload
    entry9a.o(.ARM.Collect$$$$0000000B) refers to main.o(i.main) for main
    entry9b.o(.ARM.Collect$$$$0000000C) refers to main.o(i.main) for main
    init.o(.text) refers to entry5.o(.ARM.Collect$$$$00000004) for __main_after_scatterload


==============================================================================

Removing Unused input sections from the image.

    Removing startup_stm32l152xe.o(HEAP), (512 bytes).
    Removing stm32l1xx_hal_flash.o(.rev16_text), (4 bytes).
    Removing stm32l1xx_hal_flash.o(.revsh_text), (4 bytes).
    Removing stm32l1xx_hal_flash.o(.rrx_text), (6 bytes).
    Removing stm32l1xx_hal_flash.o(i.HAL_FLASH_EndOfOperationCallback), (2 bytes).
    Removing stm32l1xx_hal_flash.o(i.HAL_FLASH_GetError), (12 bytes).
    Removing stm32l1xx_hal_flash.o(i.HAL_FLASH_IRQHandler), (212 bytes).
    Removing stm32l1xx_hal_flash.o(i.HAL_FLASH_OB_Launch), (24 bytes).
    Removing stm32l1xx_hal_flash.o(i.HAL_FLASH_OB_Lock), (20 bytes).
    Removing stm32l1xx_hal_flash.o(i.HAL_FLASH_OB_Unlock), (68 bytes).
    Removing stm32l1xx_hal_flash.o(i.HAL_FLASH_OperationErrorCallback), (2 bytes).
    Removing stm32l1xx_hal_flash.o(i.HAL_FLASH_Program_IT), (60 bytes).
    Removing stm32l1xx_hal_dma.o(.rev16_text), (4 bytes).
    Removing stm32l1xx_hal_dma.o(.revsh_text), (4 bytes).
    Removing stm32l1xx_hal_dma.o(.rrx_text), (6 bytes).
    Removing stm32l1xx_hal_dma.o(i.DMA_SetConfig), (42 bytes).
    Removing stm32l1xx_hal_dma.o(i.HAL_DMA_Abort), (48 bytes).
    Removing stm32l1xx_hal_dma.o(i.HAL_DMA_Abort_IT), (74 bytes).
    Removing stm32l1xx_hal_dma.o(i.HAL_DMA_DeInit), (116 bytes).
    Removing stm32l1xx_hal_dma.o(i.HAL_DMA_GetError), (4 bytes).
    Removing stm32l1xx_hal_dma.o(i.HAL_DMA_GetState), (6 bytes).
    Removing stm32l1xx_hal_dma.o(i.HAL_DMA_IRQHandler), (168 bytes).
    Removing stm32l1xx_hal_dma.o(i.HAL_DMA_Init), (132 bytes).
    Removing stm32l1xx_hal_dma.o(i.HAL_DMA_PollForTransfer), (206 bytes).
    Removing stm32l1xx_hal_dma.o(i.HAL_DMA_RegisterCallback), (74 bytes).
    Removing stm32l1xx_hal_dma.o(i.HAL_DMA_Start), (80 bytes).
    Removing stm32l1xx_hal_dma.o(i.HAL_DMA_Start_IT), (112 bytes).
    Removing stm32l1xx_hal_dma.o(i.HAL_DMA_UnRegisterCallback), (82 bytes).
    Removing stm32l1xx_hal_cortex.o(.rev16_text), (4 bytes).
    Removing stm32l1xx_hal_cortex.o(.revsh_text), (4 bytes).
    Removing stm32l1xx_hal_cortex.o(.rrx_text), (6 bytes).
    Removing stm32l1xx_hal_cortex.o(i.HAL_MPU_ConfigRegion), (84 bytes).
    Removing stm32l1xx_hal_cortex.o(i.HAL_NVIC_ClearPendingIRQ), (22 bytes).
    Removing stm32l1xx_hal_cortex.o(i.HAL_NVIC_DisableIRQ), (22 bytes).
    Removing stm32l1xx_hal_cortex.o(i.HAL_NVIC_GetActive), (32 bytes).
    Removing stm32l1xx_hal_cortex.o(i.HAL_NVIC_GetPendingIRQ), (32 bytes).
    Removing stm32l1xx_hal_cortex.o(i.HAL_NVIC_GetPriority), (82 bytes).
    Removing stm32l1xx_hal_cortex.o(i.HAL_NVIC_GetPriorityGrouping), (16 bytes).
    Removing stm32l1xx_hal_cortex.o(i.HAL_NVIC_SetPendingIRQ), (22 bytes).
    Removing stm32l1xx_hal_cortex.o(i.HAL_NVIC_SystemReset), (32 bytes).
    Removing stm32l1xx_hal_cortex.o(i.HAL_SYSTICK_CLKSourceConfig), (24 bytes).
    Removing stm32l1xx_hal_cortex.o(i.HAL_SYSTICK_Callback), (2 bytes).
    Removing stm32l1xx_hal_cortex.o(i.HAL_SYSTICK_IRQHandler), (8 bytes).
    Removing stm32l1xx_hal_gpio.o(.rev16_text), (4 bytes).
    Removing stm32l1xx_hal_gpio.o(.revsh_text), (4 bytes).
    Removing stm32l1xx_hal_gpio.o(.rrx_text), (6 bytes).
    Removing stm32l1xx_hal_gpio.o(i.HAL_GPIO_DeInit), (328 bytes).
    Removing stm32l1xx_hal_gpio.o(i.HAL_GPIO_EXTI_Callback), (2 bytes).
    Removing stm32l1xx_hal_gpio.o(i.HAL_GPIO_EXTI_IRQHandler), (24 bytes).
    Removing stm32l1xx_hal_gpio.o(i.HAL_GPIO_LockPin), (34 bytes).
    Removing stm32l1xx_hal_gpio.o(i.HAL_GPIO_TogglePin), (8 bytes).
    Removing stm32l1xx_hal_gpio.o(i.HAL_GPIO_WritePin), (10 bytes).
    Removing stm32l1xx_hal_pwr_ex.o(.rev16_text), (4 bytes).
    Removing stm32l1xx_hal_pwr_ex.o(.revsh_text), (4 bytes).
    Removing stm32l1xx_hal_pwr_ex.o(.rrx_text), (6 bytes).
    Removing stm32l1xx_hal_pwr_ex.o(i.HAL_PWREx_DisableFastWakeUp), (28 bytes).
    Removing stm32l1xx_hal_pwr_ex.o(i.HAL_PWREx_DisableLowPowerRunMode), (44 bytes).
    Removing stm32l1xx_hal_pwr_ex.o(i.HAL_PWREx_DisableUltraLowPower), (28 bytes).
    Removing stm32l1xx_hal_pwr_ex.o(i.HAL_PWREx_EnableFastWakeUp), (24 bytes).
    Removing stm32l1xx_hal_pwr_ex.o(i.HAL_PWREx_EnableLowPowerRunMode), (36 bytes).
    Removing stm32l1xx_hal_pwr_ex.o(i.HAL_PWREx_EnableUltraLowPower), (24 bytes).
    Removing stm32l1xx_ll_sdmmc.o(.rev16_text), (4 bytes).
    Removing stm32l1xx_ll_sdmmc.o(.revsh_text), (4 bytes).
    Removing stm32l1xx_ll_sdmmc.o(.rrx_text), (6 bytes).
    Removing stm32l1xx_hal_sd.o(.rev16_text), (4 bytes).
    Removing stm32l1xx_hal_sd.o(.revsh_text), (4 bytes).
    Removing stm32l1xx_hal_sd.o(.rrx_text), (6 bytes).
    Removing stm32l1xx_hal_flash_ex.o(.rev16_text), (4 bytes).
    Removing stm32l1xx_hal_flash_ex.o(.revsh_text), (4 bytes).
    Removing stm32l1xx_hal_flash_ex.o(.rrx_text), (6 bytes).
    Removing stm32l1xx_hal_flash_ex.o(i.FLASH_OB_WRPConfig), (248 bytes).
    Removing stm32l1xx_hal_flash_ex.o(i.HAL_FLASHEx_AdvOBGetConfig), (24 bytes).
    Removing stm32l1xx_hal_flash_ex.o(i.HAL_FLASHEx_AdvOBProgram), (72 bytes).
    Removing stm32l1xx_hal_flash_ex.o(i.HAL_FLASHEx_DATAEEPROM_DisableFixedTimeProgram), (16 bytes).
    Removing stm32l1xx_hal_flash_ex.o(i.HAL_FLASHEx_DATAEEPROM_EnableFixedTimeProgram), (16 bytes).
    Removing stm32l1xx_hal_flash_ex.o(i.HAL_FLASHEx_DATAEEPROM_Erase), (64 bytes).
    Removing stm32l1xx_hal_flash_ex.o(i.HAL_FLASHEx_DATAEEPROM_Lock), (20 bytes).
    Removing stm32l1xx_hal_flash_ex.o(i.HAL_FLASHEx_DATAEEPROM_Program), (212 bytes).
    Removing stm32l1xx_hal_flash_ex.o(i.HAL_FLASHEx_DATAEEPROM_Unlock), (40 bytes).
    Removing stm32l1xx_hal_flash_ex.o(i.HAL_FLASHEx_Erase_IT), (68 bytes).
    Removing stm32l1xx_hal_flash_ex.o(i.HAL_FLASHEx_OBGetConfig), (68 bytes).
    Removing stm32l1xx_hal_flash_ex.o(i.HAL_FLASHEx_OBProgram), (240 bytes).
    Removing stm32l1xx_hal_rcc.o(.rev16_text), (4 bytes).
    Removing stm32l1xx_hal_rcc.o(.revsh_text), (4 bytes).
    Removing stm32l1xx_hal_rcc.o(.rrx_text), (6 bytes).
    Removing stm32l1xx_hal_rcc.o(i.HAL_RCC_CSSCallback), (2 bytes).
    Removing stm32l1xx_hal_rcc.o(i.HAL_RCC_DeInit), (112 bytes).
    Removing stm32l1xx_hal_rcc.o(i.HAL_RCC_DisableCSS), (28 bytes).
    Removing stm32l1xx_hal_rcc.o(i.HAL_RCC_EnableCSS), (24 bytes).
    Removing stm32l1xx_hal_rcc.o(i.HAL_RCC_GetClockConfig), (64 bytes).
    Removing stm32l1xx_hal_rcc.o(i.HAL_RCC_GetHCLKFreq), (12 bytes).
    Removing stm32l1xx_hal_rcc.o(i.HAL_RCC_GetOscConfig), (208 bytes).
    Removing stm32l1xx_hal_rcc.o(i.HAL_RCC_GetPCLK1Freq), (48 bytes).
    Removing stm32l1xx_hal_rcc.o(i.HAL_RCC_GetPCLK2Freq), (48 bytes).
    Removing stm32l1xx_hal_rcc.o(i.HAL_RCC_MCOConfig), (88 bytes).
    Removing stm32l1xx_hal_rcc.o(i.HAL_RCC_NMI_IRQHandler), (28 bytes).
    Removing stm32l1xx_hal_pwr.o(.rev16_text), (4 bytes).
    Removing stm32l1xx_hal_pwr.o(.revsh_text), (4 bytes).
    Removing stm32l1xx_hal_pwr.o(.rrx_text), (6 bytes).
    Removing stm32l1xx_hal_pwr.o(i.HAL_PWR_ConfigPVD), (124 bytes).
    Removing stm32l1xx_hal_pwr.o(i.HAL_PWR_DeInit), (24 bytes).
    Removing stm32l1xx_hal_pwr.o(i.HAL_PWR_DisableBkUpAccess), (28 bytes).
    Removing stm32l1xx_hal_pwr.o(i.HAL_PWR_DisablePVD), (24 bytes).
    Removing stm32l1xx_hal_pwr.o(i.HAL_PWR_DisableSEVOnPend), (16 bytes).
    Removing stm32l1xx_hal_pwr.o(i.HAL_PWR_DisableSleepOnExit), (16 bytes).
    Removing stm32l1xx_hal_pwr.o(i.HAL_PWR_DisableWakeUpPin), (28 bytes).
    Removing stm32l1xx_hal_pwr.o(i.HAL_PWR_EnableBkUpAccess), (24 bytes).
    Removing stm32l1xx_hal_pwr.o(i.HAL_PWR_EnablePVD), (24 bytes).
    Removing stm32l1xx_hal_pwr.o(i.HAL_PWR_EnableSEVOnPend), (16 bytes).
    Removing stm32l1xx_hal_pwr.o(i.HAL_PWR_EnableSleepOnExit), (16 bytes).
    Removing stm32l1xx_hal_pwr.o(i.HAL_PWR_EnableWakeUpPin), (28 bytes).
    Removing stm32l1xx_hal_pwr.o(i.HAL_PWR_EnterSLEEPMode), (48 bytes).
    Removing stm32l1xx_hal_pwr.o(i.HAL_PWR_EnterSTANDBYMode), (32 bytes).
    Removing stm32l1xx_hal_pwr.o(i.HAL_PWR_EnterSTOPMode), (56 bytes).
    Removing stm32l1xx_hal_pwr.o(i.HAL_PWR_PVDCallback), (2 bytes).
    Removing stm32l1xx_hal_pwr.o(i.HAL_PWR_PVD_IRQHandler), (28 bytes).
    Removing stm32l1xx_hal_pcd_ex.o(.rev16_text), (4 bytes).
    Removing stm32l1xx_hal_pcd_ex.o(.revsh_text), (4 bytes).
    Removing stm32l1xx_hal_pcd_ex.o(.rrx_text), (6 bytes).
    Removing stm32l1xx_hal.o(.rev16_text), (4 bytes).
    Removing stm32l1xx_hal.o(.revsh_text), (4 bytes).
    Removing stm32l1xx_hal.o(.rrx_text), (6 bytes).
    Removing stm32l1xx_hal.o(i.HAL_DBGMCU_DisableDBGSleepMode), (16 bytes).
    Removing stm32l1xx_hal.o(i.HAL_DBGMCU_DisableDBGStandbyMode), (16 bytes).
    Removing stm32l1xx_hal.o(i.HAL_DBGMCU_DisableDBGStopMode), (16 bytes).
    Removing stm32l1xx_hal.o(i.HAL_DBGMCU_EnableDBGSleepMode), (16 bytes).
    Removing stm32l1xx_hal.o(i.HAL_DBGMCU_EnableDBGStandbyMode), (16 bytes).
    Removing stm32l1xx_hal.o(i.HAL_DBGMCU_EnableDBGStopMode), (16 bytes).
    Removing stm32l1xx_hal.o(i.HAL_DeInit), (40 bytes).
    Removing stm32l1xx_hal.o(i.HAL_GetDEVID), (16 bytes).
    Removing stm32l1xx_hal.o(i.HAL_GetHalVersion), (6 bytes).
    Removing stm32l1xx_hal.o(i.HAL_GetREVID), (12 bytes).
    Removing stm32l1xx_hal.o(i.HAL_MspDeInit), (2 bytes).
    Removing stm32l1xx_hal.o(i.HAL_ResumeTick), (14 bytes).
    Removing stm32l1xx_hal.o(i.HAL_SuspendTick), (14 bytes).
    Removing stm32l1xx_hal_pcd.o(.rev16_text), (4 bytes).
    Removing stm32l1xx_hal_pcd.o(.revsh_text), (4 bytes).
    Removing stm32l1xx_hal_pcd.o(.rrx_text), (6 bytes).
    Removing stm32l1xx_hal_pcd.o(i.HAL_PCDEx_SetConnectionState), (2 bytes).
    Removing stm32l1xx_hal_pcd.o(i.HAL_PCD_ActivateRemoteWakeup), (16 bytes).
    Removing stm32l1xx_hal_pcd.o(i.HAL_PCD_ConnectCallback), (2 bytes).
    Removing stm32l1xx_hal_pcd.o(i.HAL_PCD_DataInStageCallback), (2 bytes).
    Removing stm32l1xx_hal_pcd.o(i.HAL_PCD_DataOutStageCallback), (2 bytes).
    Removing stm32l1xx_hal_pcd.o(i.HAL_PCD_DeActivateRemoteWakeup), (16 bytes).
    Removing stm32l1xx_hal_pcd.o(i.HAL_PCD_DeInit), (36 bytes).
    Removing stm32l1xx_hal_pcd.o(i.HAL_PCD_DevConnect), (38 bytes).
    Removing stm32l1xx_hal_pcd.o(i.HAL_PCD_DevDisconnect), (38 bytes).
    Removing stm32l1xx_hal_pcd.o(i.HAL_PCD_DisconnectCallback), (2 bytes).
    Removing stm32l1xx_hal_pcd.o(i.HAL_PCD_EP_Close), (386 bytes).
    Removing stm32l1xx_hal_pcd.o(i.HAL_PCD_EP_Flush), (4 bytes).
    Removing stm32l1xx_hal_pcd.o(i.HAL_PCD_EP_GetRxCount), (20 bytes).
    Removing stm32l1xx_hal_pcd.o(i.HAL_PCD_GetState), (6 bytes).
    Removing stm32l1xx_hal_pcd.o(i.HAL_PCD_ISOINIncompleteCallback), (2 bytes).
    Removing stm32l1xx_hal_pcd.o(i.HAL_PCD_ISOOUTIncompleteCallback), (2 bytes).
    Removing stm32l1xx_hal_pcd.o(i.HAL_PCD_MspDeInit), (2 bytes).
    Removing stm32l1xx_hal_pcd.o(i.HAL_PCD_MspInit), (2 bytes).
    Removing stm32l1xx_hal_pcd.o(i.HAL_PCD_ResetCallback), (2 bytes).
    Removing stm32l1xx_hal_pcd.o(i.HAL_PCD_ResumeCallback), (2 bytes).
    Removing stm32l1xx_hal_pcd.o(i.HAL_PCD_SOFCallback), (2 bytes).
    Removing stm32l1xx_hal_pcd.o(i.HAL_PCD_SetupStageCallback), (2 bytes).
    Removing stm32l1xx_hal_pcd.o(i.HAL_PCD_SuspendCallback), (2 bytes).
    Removing stm32l1xx_hal_i2c.o(.rev16_text), (4 bytes).
    Removing stm32l1xx_hal_i2c.o(.revsh_text), (4 bytes).
    Removing stm32l1xx_hal_i2c.o(.rrx_text), (6 bytes).
    Removing usbd_dfu_flash.o(.rev16_text), (4 bytes).
    Removing usbd_dfu_flash.o(.revsh_text), (4 bytes).
    Removing usbd_dfu_flash.o(.rrx_text), (6 bytes).
    Removing usbd_conf.o(.rev16_text), (4 bytes).
    Removing usbd_conf.o(.revsh_text), (4 bytes).
    Removing usbd_conf.o(.rrx_text), (6 bytes).
    Removing usbd_conf.o(i.HAL_PCD_ConnectCallback), (8 bytes).
    Removing usbd_conf.o(i.HAL_PCD_DisconnectCallback), (8 bytes).
    Removing usbd_conf.o(i.HAL_PCD_ISOINIncompleteCallback), (8 bytes).
    Removing usbd_conf.o(i.HAL_PCD_ISOOUTIncompleteCallback), (8 bytes).
    Removing usbd_conf.o(i.HAL_PCD_MspDeInit), (28 bytes).
    Removing usbd_conf.o(i.USBD_LL_CloseEP), (14 bytes).
    Removing usbd_conf.o(i.USBD_LL_DeInit), (14 bytes).
    Removing usbd_conf.o(i.USBD_LL_Delay), (4 bytes).
    Removing usbd_conf.o(i.USBD_LL_FlushEP), (14 bytes).
    Removing usbd_conf.o(i.USBD_LL_GetRxDataSize), (8 bytes).
    Removing main.o(.rev16_text), (4 bytes).
    Removing main.o(.revsh_text), (4 bytes).
    Removing main.o(.rrx_text), (6 bytes).
    Removing stm32l1xx_it.o(.rev16_text), (4 bytes).
    Removing stm32l1xx_it.o(.revsh_text), (4 bytes).
    Removing stm32l1xx_it.o(.rrx_text), (6 bytes).
    Removing usbd_desc.o(.rev16_text), (4 bytes).
    Removing usbd_desc.o(.revsh_text), (4 bytes).
    Removing usbd_desc.o(.rrx_text), (6 bytes).
    Removing usbd_dfu.o(.rev16_text), (4 bytes).
    Removing usbd_dfu.o(.revsh_text), (4 bytes).
    Removing usbd_dfu.o(.rrx_text), (6 bytes).
    Removing system_stm32l1xx.o(.rev16_text), (4 bytes).
    Removing system_stm32l1xx.o(.revsh_text), (4 bytes).
    Removing system_stm32l1xx.o(.rrx_text), (6 bytes).
    Removing system_stm32l1xx.o(i.SystemCoreClockUpdate), (144 bytes).
    Removing system_stm32l1xx.o(.constdata), (8 bytes).
    Removing usbd_core.o(.rev16_text), (4 bytes).
    Removing usbd_core.o(.revsh_text), (4 bytes).
    Removing usbd_core.o(.rrx_text), (6 bytes).
    Removing usbd_core.o(i.USBD_DeInit), (38 bytes).
    Removing usbd_core.o(i.USBD_LL_DevConnected), (4 bytes).
    Removing usbd_core.o(i.USBD_LL_DevDisconnected), (22 bytes).
    Removing usbd_core.o(i.USBD_LL_IsoINIncomplete), (4 bytes).
    Removing usbd_core.o(i.USBD_LL_IsoOUTIncomplete), (4 bytes).
    Removing usbd_core.o(i.USBD_LL_Resume), (12 bytes).
    Removing usbd_core.o(i.USBD_LL_Suspend), (18 bytes).
    Removing usbd_core.o(i.USBD_RunTestMode), (4 bytes).
    Removing usbd_ctlreq.o(.rev16_text), (4 bytes).
    Removing usbd_ctlreq.o(.revsh_text), (4 bytes).
    Removing usbd_ctlreq.o(.rrx_text), (6 bytes).
    Removing usbd_ioreq.o(.rev16_text), (4 bytes).
    Removing usbd_ioreq.o(.revsh_text), (4 bytes).
    Removing usbd_ioreq.o(.rrx_text), (6 bytes).
    Removing usbd_ioreq.o(i.USBD_GetRxCount), (10 bytes).
    Removing stm32l1xx_nucleo.o(.rev16_text), (4 bytes).
    Removing stm32l1xx_nucleo.o(.revsh_text), (4 bytes).
    Removing stm32l1xx_nucleo.o(.rrx_text), (6 bytes).
    Removing stm32l1xx_nucleo.o(i.BSP_GetVersion), (8 bytes).
    Removing stm32l1xx_nucleo.o(i.BSP_LED_DeInit), (48 bytes).
    Removing stm32l1xx_nucleo.o(i.BSP_LED_Init), (88 bytes).
    Removing stm32l1xx_nucleo.o(i.BSP_LED_Off), (28 bytes).
    Removing stm32l1xx_nucleo.o(i.BSP_LED_On), (28 bytes).
    Removing stm32l1xx_nucleo.o(i.BSP_LED_Toggle), (24 bytes).
    Removing stm32l1xx_nucleo.o(i.BSP_PB_DeInit), (44 bytes).

225 unused section(s) (total 7096 bytes) removed from the image.

==============================================================================

Image Symbol Table

    Local Symbols

    Symbol Name                              Value     Ov Type        Size  Object(Section)

    ../clib/microlib/init/entry.s            0x00000000   Number         0  entry11a.o ABSOLUTE
    ../clib/microlib/init/entry.s            0x00000000   Number         0  entry8a.o ABSOLUTE
    ../clib/microlib/init/entry.s            0x00000000   Number         0  entry7b.o ABSOLUTE
    ../clib/microlib/init/entry.s            0x00000000   Number         0  entry2.o ABSOLUTE
    ../clib/microlib/init/entry.s            0x00000000   Number         0  entry11b.o ABSOLUTE
    ../clib/microlib/init/entry.s            0x00000000   Number         0  entry.o ABSOLUTE
    ../clib/microlib/init/entry.s            0x00000000   Number         0  entry10b.o ABSOLUTE
    ../clib/microlib/init/entry.s            0x00000000   Number         0  entry10a.o ABSOLUTE
    ../clib/microlib/init/entry.s            0x00000000   Number         0  entry9b.o ABSOLUTE
    ../clib/microlib/init/entry.s            0x00000000   Number         0  entry9a.o ABSOLUTE
    ../clib/microlib/init/entry.s            0x00000000   Number         0  entry5.o ABSOLUTE
    ../clib/microlib/init/entry.s            0x00000000   Number         0  entry8b.o ABSOLUTE
    ../clib/microlib/init/entry.s            0x00000000   Number         0  entry7a.o ABSOLUTE
    ../clib/microlib/string/memset.c         0x00000000   Number         0  memseta.o ABSOLUTE
    ..\..\..\..\..\..\Drivers\BSP\STM32L1xx_Nucleo\stm32l1xx_nucleo.c 0x00000000   Number         0  stm32l1xx_nucleo.o ABSOLUTE
    ..\..\..\..\..\..\Drivers\STM32L1xx_HAL_Driver\Src\stm32l1xx_hal.c 0x00000000   Number         0  stm32l1xx_hal.o ABSOLUTE
    ..\..\..\..\..\..\Drivers\STM32L1xx_HAL_Driver\Src\stm32l1xx_hal_cortex.c 0x00000000   Number         0  stm32l1xx_hal_cortex.o ABSOLUTE
    ..\..\..\..\..\..\Drivers\STM32L1xx_HAL_Driver\Src\stm32l1xx_hal_dma.c 0x00000000   Number         0  stm32l1xx_hal_dma.o ABSOLUTE
    ..\..\..\..\..\..\Drivers\STM32L1xx_HAL_Driver\Src\stm32l1xx_hal_flash.c 0x00000000   Number         0  stm32l1xx_hal_flash.o ABSOLUTE
    ..\..\..\..\..\..\Drivers\STM32L1xx_HAL_Driver\Src\stm32l1xx_hal_flash_ex.c 0x00000000   Number         0  stm32l1xx_hal_flash_ex.o ABSOLUTE
    ..\..\..\..\..\..\Drivers\STM32L1xx_HAL_Driver\Src\stm32l1xx_hal_gpio.c 0x00000000   Number         0  stm32l1xx_hal_gpio.o ABSOLUTE
    ..\..\..\..\..\..\Drivers\STM32L1xx_HAL_Driver\Src\stm32l1xx_hal_i2c.c 0x00000000   Number         0  stm32l1xx_hal_i2c.o ABSOLUTE
    ..\..\..\..\..\..\Drivers\STM32L1xx_HAL_Driver\Src\stm32l1xx_hal_pcd.c 0x00000000   Number         0  stm32l1xx_hal_pcd.o ABSOLUTE
    ..\..\..\..\..\..\Drivers\STM32L1xx_HAL_Driver\Src\stm32l1xx_hal_pcd_ex.c 0x00000000   Number         0  stm32l1xx_hal_pcd_ex.o ABSOLUTE
    ..\..\..\..\..\..\Drivers\STM32L1xx_HAL_Driver\Src\stm32l1xx_hal_pwr.c 0x00000000   Number         0  stm32l1xx_hal_pwr.o ABSOLUTE
    ..\..\..\..\..\..\Drivers\STM32L1xx_HAL_Driver\Src\stm32l1xx_hal_pwr_ex.c 0x00000000   Number         0  stm32l1xx_hal_pwr_ex.o ABSOLUTE
    ..\..\..\..\..\..\Drivers\STM32L1xx_HAL_Driver\Src\stm32l1xx_hal_rcc.c 0x00000000   Number         0  stm32l1xx_hal_rcc.o ABSOLUTE
    ..\..\..\..\..\..\Drivers\STM32L1xx_HAL_Driver\Src\stm32l1xx_hal_sd.c 0x00000000   Number         0  stm32l1xx_hal_sd.o ABSOLUTE
    ..\..\..\..\..\..\Drivers\STM32L1xx_HAL_Driver\Src\stm32l1xx_ll_sdmmc.c 0x00000000   Number         0  stm32l1xx_ll_sdmmc.o ABSOLUTE
    ..\..\..\..\..\..\Middlewares\ST\STM32_USB_Device_Library\Class\DFU\Src\usbd_dfu.c 0x00000000   Number         0  usbd_dfu.o ABSOLUTE
    ..\..\..\..\..\..\Middlewares\ST\STM32_USB_Device_Library\Core\Src\usbd_core.c 0x00000000   Number         0  usbd_core.o ABSOLUTE
    ..\..\..\..\..\..\Middlewares\ST\STM32_USB_Device_Library\Core\Src\usbd_ctlreq.c 0x00000000   Number         0  usbd_ctlreq.o ABSOLUTE
    ..\..\..\..\..\..\Middlewares\ST\STM32_USB_Device_Library\Core\Src\usbd_ioreq.c 0x00000000   Number         0  usbd_ioreq.o ABSOLUTE
    ..\Src\main.c                            0x00000000   Number         0  main.o ABSOLUTE
    ..\Src\stm32l1xx_it.c                    0x00000000   Number         0  stm32l1xx_it.o ABSOLUTE
    ..\Src\system_stm32l1xx.c                0x00000000   Number         0  system_stm32l1xx.o ABSOLUTE
    ..\Src\usbd_conf.c                       0x00000000   Number         0  usbd_conf.o ABSOLUTE
    ..\Src\usbd_desc.c                       0x00000000   Number         0  usbd_desc.o ABSOLUTE
    ..\Src\usbd_dfu_flash.c                  0x00000000   Number         0  usbd_dfu_flash.o ABSOLUTE
    ..\\..\\..\\..\\..\\..\\Drivers\\BSP\\STM32L1xx_Nucleo\\stm32l1xx_nucleo.c 0x00000000   Number         0  stm32l1xx_nucleo.o ABSOLUTE
    ..\\..\\..\\..\\..\\..\\Drivers\\STM32L1xx_HAL_Driver\\Src\\stm32l1xx_hal.c 0x00000000   Number         0  stm32l1xx_hal.o ABSOLUTE
    ..\\..\\..\\..\\..\\..\\Drivers\\STM32L1xx_HAL_Driver\\Src\\stm32l1xx_hal_cortex.c 0x00000000   Number         0  stm32l1xx_hal_cortex.o ABSOLUTE
    ..\\..\\..\\..\\..\\..\\Drivers\\STM32L1xx_HAL_Driver\\Src\\stm32l1xx_hal_dma.c 0x00000000   Number         0  stm32l1xx_hal_dma.o ABSOLUTE
    ..\\..\\..\\..\\..\\..\\Drivers\\STM32L1xx_HAL_Driver\\Src\\stm32l1xx_hal_flash.c 0x00000000   Number         0  stm32l1xx_hal_flash.o ABSOLUTE
    ..\\..\\..\\..\\..\\..\\Drivers\\STM32L1xx_HAL_Driver\\Src\\stm32l1xx_hal_flash_ex.c 0x00000000   Number         0  stm32l1xx_hal_flash_ex.o ABSOLUTE
    ..\\..\\..\\..\\..\\..\\Drivers\\STM32L1xx_HAL_Driver\\Src\\stm32l1xx_hal_gpio.c 0x00000000   Number         0  stm32l1xx_hal_gpio.o ABSOLUTE
    ..\\..\\..\\..\\..\\..\\Drivers\\STM32L1xx_HAL_Driver\\Src\\stm32l1xx_hal_i2c.c 0x00000000   Number         0  stm32l1xx_hal_i2c.o ABSOLUTE
    ..\\..\\..\\..\\..\\..\\Drivers\\STM32L1xx_HAL_Driver\\Src\\stm32l1xx_hal_pcd.c 0x00000000   Number         0  stm32l1xx_hal_pcd.o ABSOLUTE
    ..\\..\\..\\..\\..\\..\\Drivers\\STM32L1xx_HAL_Driver\\Src\\stm32l1xx_hal_pcd_ex.c 0x00000000   Number         0  stm32l1xx_hal_pcd_ex.o ABSOLUTE
    ..\\..\\..\\..\\..\\..\\Drivers\\STM32L1xx_HAL_Driver\\Src\\stm32l1xx_hal_pwr.c 0x00000000   Number         0  stm32l1xx_hal_pwr.o ABSOLUTE
    ..\\..\\..\\..\\..\\..\\Drivers\\STM32L1xx_HAL_Driver\\Src\\stm32l1xx_hal_pwr_ex.c 0x00000000   Number         0  stm32l1xx_hal_pwr_ex.o ABSOLUTE
    ..\\..\\..\\..\\..\\..\\Drivers\\STM32L1xx_HAL_Driver\\Src\\stm32l1xx_hal_rcc.c 0x00000000   Number         0  stm32l1xx_hal_rcc.o ABSOLUTE
    ..\\..\\..\\..\\..\\..\\Drivers\\STM32L1xx_HAL_Driver\\Src\\stm32l1xx_hal_sd.c 0x00000000   Number         0  stm32l1xx_hal_sd.o ABSOLUTE
    ..\\..\\..\\..\\..\\..\\Drivers\\STM32L1xx_HAL_Driver\\Src\\stm32l1xx_ll_sdmmc.c 0x00000000   Number         0  stm32l1xx_ll_sdmmc.o ABSOLUTE
    ..\\..\\..\\..\\..\\..\\Middlewares\\ST\\STM32_USB_Device_Library\\Class\\DFU\\Src\\usbd_dfu.c 0x00000000   Number         0  usbd_dfu.o ABSOLUTE
    ..\\..\\..\\..\\..\\..\\Middlewares\\ST\\STM32_USB_Device_Library\\Core\\Src\\usbd_core.c 0x00000000   Number         0  usbd_core.o ABSOLUTE
    ..\\..\\..\\..\\..\\..\\Middlewares\\ST\\STM32_USB_Device_Library\\Core\\Src\\usbd_ctlreq.c 0x00000000   Number         0  usbd_ctlreq.o ABSOLUTE
    ..\\..\\..\\..\\..\\..\\Middlewares\\ST\\STM32_USB_Device_Library\\Core\\Src\\usbd_ioreq.c 0x00000000   Number         0  usbd_ioreq.o ABSOLUTE
    ..\\Src\\main.c                          0x00000000   Number         0  main.o ABSOLUTE
    ..\\Src\\stm32l1xx_it.c                  0x00000000   Number         0  stm32l1xx_it.o ABSOLUTE
    ..\\Src\\system_stm32l1xx.c              0x00000000   Number         0  system_stm32l1xx.o ABSOLUTE
    ..\\Src\\usbd_conf.c                     0x00000000   Number         0  usbd_conf.o ABSOLUTE
    ..\\Src\\usbd_desc.c                     0x00000000   Number         0  usbd_desc.o ABSOLUTE
    ..\\Src\\usbd_dfu_flash.c                0x00000000   Number         0  usbd_dfu_flash.o ABSOLUTE
    dc.s                                     0x00000000   Number         0  dc.o ABSOLUTE
    handlers.s                               0x00000000   Number         0  handlers.o ABSOLUTE
    init.s                                   0x00000000   Number         0  init.o ABSOLUTE
    startup_stm32l152xe.s                    0x00000000   Number         0  startup_stm32l152xe.o ABSOLUTE
    RESET                                    0x08000000   Section      292  startup_stm32l152xe.o(RESET)
    .ARM.Collect$$$$00000000                 0x08000124   Section        0  entry.o(.ARM.Collect$$$$00000000)
    .ARM.Collect$$$$00000001                 0x08000124   Section        4  entry2.o(.ARM.Collect$$$$00000001)
    .ARM.Collect$$$$00000004                 0x08000128   Section        4  entry5.o(.ARM.Collect$$$$00000004)
    .ARM.Collect$$$$00000008                 0x0800012c   Section        0  entry7b.o(.ARM.Collect$$$$00000008)
    .ARM.Collect$$$$0000000A                 0x0800012c   Section        0  entry8b.o(.ARM.Collect$$$$0000000A)
    .ARM.Collect$$$$0000000B                 0x0800012c   Section        8  entry9a.o(.ARM.Collect$$$$0000000B)
    .ARM.Collect$$$$0000000D                 0x08000134   Section        0  entry10a.o(.ARM.Collect$$$$0000000D)
    .ARM.Collect$$$$0000000F                 0x08000134   Section        0  entry11a.o(.ARM.Collect$$$$0000000F)
    .ARM.Collect$$$$00002712                 0x08000134   Section        4  entry2.o(.ARM.Collect$$$$00002712)
    __lit__00000000                          0x08000134   Data           4  entry2.o(.ARM.Collect$$$$00002712)
    .text                                    0x08000138   Section       36  startup_stm32l152xe.o(.text)
    .text                                    0x0800015c   Section        0  memseta.o(.text)
    .text                                    0x08000180   Section       36  init.o(.text)
    i.BSP_PB_GetState                        0x080001a4   Section        0  stm32l1xx_nucleo.o(i.BSP_PB_GetState)
    i.BSP_PB_Init                            0x080001bc   Section        0  stm32l1xx_nucleo.o(i.BSP_PB_Init)
    i.BusFault_Handler                       0x08000234   Section        0  stm32l1xx_it.o(i.BusFault_Handler)
    i.DFU_Detach                             0x08000238   Section        0  usbd_dfu.o(i.DFU_Detach)
    DFU_Detach                               0x08000239   Thumb Code   106  usbd_dfu.o(i.DFU_Detach)
    i.DFU_Download                           0x080002a8   Section        0  usbd_dfu.o(i.DFU_Download)
    DFU_Download                             0x080002a9   Thumb Code   102  usbd_dfu.o(i.DFU_Download)
    i.DFU_GetStatus                          0x08000310   Section        0  usbd_dfu.o(i.DFU_GetStatus)
    DFU_GetStatus                            0x08000311   Thumb Code   178  usbd_dfu.o(i.DFU_GetStatus)
    i.DFU_Leave                              0x080003c8   Section        0  usbd_dfu.o(i.DFU_Leave)
    DFU_Leave                                0x080003c9   Thumb Code   106  usbd_dfu.o(i.DFU_Leave)
    i.DFU_Upload                             0x08000440   Section        0  usbd_dfu.o(i.DFU_Upload)
    DFU_Upload                               0x08000441   Thumb Code   224  usbd_dfu.o(i.DFU_Upload)
    i.DebugMon_Handler                       0x08000520   Section        0  stm32l1xx_it.o(i.DebugMon_Handler)
    i.FLASH_PageErase                        0x08000524   Section        0  stm32l1xx_hal_flash_ex.o(i.FLASH_PageErase)
    i.FLASH_SetErrorCode                     0x0800054c   Section        0  stm32l1xx_hal_flash.o(i.FLASH_SetErrorCode)
    FLASH_SetErrorCode                       0x0800054d   Thumb Code    80  stm32l1xx_hal_flash.o(i.FLASH_SetErrorCode)
    i.FLASH_WaitForLastOperation             0x080005a4   Section        0  stm32l1xx_hal_flash.o(i.FLASH_WaitForLastOperation)
    i.Flash_If_DeInit                        0x08000600   Section        0  usbd_dfu_flash.o(i.Flash_If_DeInit)
    i.Flash_If_Erase                         0x0800060c   Section        0  usbd_dfu_flash.o(i.Flash_If_Erase)
    i.Flash_If_GetStatus                     0x08000634   Section        0  usbd_dfu_flash.o(i.Flash_If_GetStatus)
    i.Flash_If_Init                          0x08000640   Section        0  usbd_dfu_flash.o(i.Flash_If_Init)
    i.Flash_If_Read                          0x0800064c   Section        0  usbd_dfu_flash.o(i.Flash_If_Read)
    i.Flash_If_Write                         0x08000664   Section        0  usbd_dfu_flash.o(i.Flash_If_Write)
    i.HAL_Delay                              0x0800069a   Section        0  stm32l1xx_hal.o(i.HAL_Delay)
    i.HAL_FLASHEx_Erase                      0x080006b0   Section        0  stm32l1xx_hal_flash_ex.o(i.HAL_FLASHEx_Erase)
    i.HAL_FLASH_Lock                         0x08000730   Section        0  stm32l1xx_hal_flash.o(i.HAL_FLASH_Lock)
    i.HAL_FLASH_Program                      0x08000744   Section        0  stm32l1xx_hal_flash.o(i.HAL_FLASH_Program)
    i.HAL_FLASH_Unlock                       0x08000780   Section        0  stm32l1xx_hal_flash.o(i.HAL_FLASH_Unlock)
    i.HAL_GPIO_Init                          0x080007c4   Section        0  stm32l1xx_hal_gpio.o(i.HAL_GPIO_Init)
    i.HAL_GPIO_ReadPin                       0x08000974   Section        0  stm32l1xx_hal_gpio.o(i.HAL_GPIO_ReadPin)
    i.HAL_GetTick                            0x08000980   Section        0  stm32l1xx_hal.o(i.HAL_GetTick)
    i.HAL_IncTick                            0x0800098c   Section        0  stm32l1xx_hal.o(i.HAL_IncTick)
    i.HAL_Init                               0x0800099c   Section        0  stm32l1xx_hal.o(i.HAL_Init)
    i.HAL_InitTick                           0x080009c8   Section        0  stm32l1xx_hal.o(i.HAL_InitTick)
    i.HAL_MspInit                            0x080009f0   Section        0  stm32l1xx_hal.o(i.HAL_MspInit)
    i.HAL_NVIC_EnableIRQ                     0x080009f2   Section        0  stm32l1xx_hal_cortex.o(i.HAL_NVIC_EnableIRQ)
    i.HAL_NVIC_SetPriority                   0x08000a08   Section        0  stm32l1xx_hal_cortex.o(i.HAL_NVIC_SetPriority)
    i.HAL_NVIC_SetPriorityGrouping           0x08000a48   Section        0  stm32l1xx_hal_cortex.o(i.HAL_NVIC_SetPriorityGrouping)
    i.HAL_PCDEx_PMAConfig                    0x08000a6c   Section        0  stm32l1xx_hal_pcd_ex.o(i.HAL_PCDEx_PMAConfig)
    i.HAL_PCDEx_SetConnectionState           0x08000aa8   Section        0  usbd_conf.o(i.HAL_PCDEx_SetConnectionState)
    i.HAL_PCD_DataInStageCallback            0x08000ac4   Section        0  usbd_conf.o(i.HAL_PCD_DataInStageCallback)
    i.HAL_PCD_DataOutStageCallback           0x08000ad6   Section        0  usbd_conf.o(i.HAL_PCD_DataOutStageCallback)
    i.HAL_PCD_EP_ClrStall                    0x08000aea   Section        0  stm32l1xx_hal_pcd.o(i.HAL_PCD_EP_ClrStall)
    i.HAL_PCD_EP_Open                        0x08000b9a   Section        0  stm32l1xx_hal_pcd.o(i.HAL_PCD_EP_Open)
    i.HAL_PCD_EP_Receive                     0x08000e94   Section        0  stm32l1xx_hal_pcd.o(i.HAL_PCD_EP_Receive)
    i.HAL_PCD_EP_SetStall                    0x08000fea   Section        0  stm32l1xx_hal_pcd.o(i.HAL_PCD_EP_SetStall)
    i.HAL_PCD_EP_Transmit                    0x08001074   Section        0  stm32l1xx_hal_pcd.o(i.HAL_PCD_EP_Transmit)
    i.HAL_PCD_IRQHandler                     0x0800122a   Section        0  stm32l1xx_hal_pcd.o(i.HAL_PCD_IRQHandler)
    i.HAL_PCD_Init                           0x08001326   Section        0  stm32l1xx_hal_pcd.o(i.HAL_PCD_Init)
    i.HAL_PCD_MspInit                        0x080013cc   Section        0  usbd_conf.o(i.HAL_PCD_MspInit)
    i.HAL_PCD_ResetCallback                  0x08001440   Section        0  usbd_conf.o(i.HAL_PCD_ResetCallback)
    i.HAL_PCD_ResumeCallback                 0x0800145a   Section        0  usbd_conf.o(i.HAL_PCD_ResumeCallback)
    i.HAL_PCD_SOFCallback                    0x0800145c   Section        0  usbd_conf.o(i.HAL_PCD_SOFCallback)
    i.HAL_PCD_SetAddress                     0x08001464   Section        0  stm32l1xx_hal_pcd.o(i.HAL_PCD_SetAddress)
    i.HAL_PCD_SetupStageCallback             0x08001490   Section        0  usbd_conf.o(i.HAL_PCD_SetupStageCallback)
    i.HAL_PCD_Start                          0x0800149e   Section        0  stm32l1xx_hal_pcd.o(i.HAL_PCD_Start)
    i.HAL_PCD_Stop                           0x080014aa   Section        0  stm32l1xx_hal_pcd.o(i.HAL_PCD_Stop)
    i.HAL_PCD_SuspendCallback                0x080014d6   Section        0  usbd_conf.o(i.HAL_PCD_SuspendCallback)
    i.HAL_PWREx_GetVoltageRange              0x080014d8   Section        0  stm32l1xx_hal_pwr_ex.o(i.HAL_PWREx_GetVoltageRange)
    i.HAL_RCC_ClockConfig                    0x080014e8   Section        0  stm32l1xx_hal_rcc.o(i.HAL_RCC_ClockConfig)
    i.HAL_RCC_GetSysClockFreq                0x080016bc   Section        0  stm32l1xx_hal_rcc.o(i.HAL_RCC_GetSysClockFreq)
    i.HAL_RCC_OscConfig                      0x08001748   Section        0  stm32l1xx_hal_rcc.o(i.HAL_RCC_OscConfig)
    i.HAL_SYSTICK_Config                     0x08001e98   Section        0  stm32l1xx_hal_cortex.o(i.HAL_SYSTICK_Config)
    i.HardFault_Handler                      0x08001ec0   Section        0  stm32l1xx_it.o(i.HardFault_Handler)
    i.IntToUnicode                           0x08001ec4   Section        0  usbd_desc.o(i.IntToUnicode)
    IntToUnicode                             0x08001ec5   Thumb Code    56  usbd_desc.o(i.IntToUnicode)
    i.MemManage_Handler                      0x08001efc   Section        0  stm32l1xx_it.o(i.MemManage_Handler)
    i.NMI_Handler                            0x08001efe   Section        0  stm32l1xx_it.o(i.NMI_Handler)
    i.NVIC_SetPriority                       0x08001f00   Section        0  stm32l1xx_hal_cortex.o(i.NVIC_SetPriority)
    NVIC_SetPriority                         0x08001f01   Thumb Code    32  stm32l1xx_hal_cortex.o(i.NVIC_SetPriority)
    i.PCD_EP_ISR_Handler                     0x08001f20   Section        0  stm32l1xx_hal_pcd.o(i.PCD_EP_ISR_Handler)
    PCD_EP_ISR_Handler                       0x08001f21   Thumb Code   874  stm32l1xx_hal_pcd.o(i.PCD_EP_ISR_Handler)
    i.PCD_ReadPMA                            0x0800228c   Section        0  stm32l1xx_hal_pcd.o(i.PCD_ReadPMA)
    PCD_ReadPMA                              0x0800228d   Thumb Code    30  stm32l1xx_hal_pcd.o(i.PCD_ReadPMA)
    i.PCD_WritePMA                           0x080022aa   Section        0  stm32l1xx_hal_pcd.o(i.PCD_WritePMA)
    PCD_WritePMA                             0x080022ab   Thumb Code    38  stm32l1xx_hal_pcd.o(i.PCD_WritePMA)
    i.PendSV_Handler                         0x080022d0   Section        0  stm32l1xx_it.o(i.PendSV_Handler)
    i.RCC_SetFlashLatencyFromMSIRange        0x080022d4   Section        0  stm32l1xx_hal_rcc.o(i.RCC_SetFlashLatencyFromMSIRange)
    RCC_SetFlashLatencyFromMSIRange          0x080022d5   Thumb Code   112  stm32l1xx_hal_rcc.o(i.RCC_SetFlashLatencyFromMSIRange)
    i.SVC_Handler                            0x0800234c   Section        0  stm32l1xx_it.o(i.SVC_Handler)
    i.SysTick_Handler                        0x0800234e   Section        0  stm32l1xx_it.o(i.SysTick_Handler)
    i.SystemClock_Config                     0x08002352   Section        0  main.o(i.SystemClock_Config)
    i.SystemInit                             0x0800239c   Section        0  system_stm32l1xx.o(i.SystemInit)
    i.USBD_ClrClassConfig                    0x080023ec   Section        0  usbd_core.o(i.USBD_ClrClassConfig)
    i.USBD_CtlContinueRx                     0x080023fa   Section        0  usbd_ioreq.o(i.USBD_CtlContinueRx)
    i.USBD_CtlContinueSendData               0x0800240a   Section        0  usbd_ioreq.o(i.USBD_CtlContinueSendData)
    i.USBD_CtlError                          0x0800241a   Section        0  usbd_ctlreq.o(i.USBD_CtlError)
    i.USBD_CtlPrepareRx                      0x08002430   Section        0  usbd_ioreq.o(i.USBD_CtlPrepareRx)
    i.USBD_CtlReceiveStatus                  0x0800244e   Section        0  usbd_ioreq.o(i.USBD_CtlReceiveStatus)
    i.USBD_CtlSendData                       0x08002464   Section        0  usbd_ioreq.o(i.USBD_CtlSendData)
    i.USBD_CtlSendStatus                     0x0800247e   Section        0  usbd_ioreq.o(i.USBD_CtlSendStatus)
    i.USBD_DFU_ConfigStrDescriptor           0x08002494   Section        0  usbd_desc.o(i.USBD_DFU_ConfigStrDescriptor)
    i.USBD_DFU_DataIn                        0x080024b4   Section        0  usbd_dfu.o(i.USBD_DFU_DataIn)
    USBD_DFU_DataIn                          0x080024b5   Thumb Code     4  usbd_dfu.o(i.USBD_DFU_DataIn)
    i.USBD_DFU_DataOut                       0x080024b8   Section        0  usbd_dfu.o(i.USBD_DFU_DataOut)
    USBD_DFU_DataOut                         0x080024b9   Thumb Code     4  usbd_dfu.o(i.USBD_DFU_DataOut)
    i.USBD_DFU_DeInit                        0x080024bc   Section        0  usbd_dfu.o(i.USBD_DFU_DeInit)
    USBD_DFU_DeInit                          0x080024bd   Thumb Code    62  usbd_dfu.o(i.USBD_DFU_DeInit)
    i.USBD_DFU_DeviceDescriptor              0x080024fc   Section        0  usbd_desc.o(i.USBD_DFU_DeviceDescriptor)
    i.USBD_DFU_EP0_RxReady                   0x08002508   Section        0  usbd_dfu.o(i.USBD_DFU_EP0_RxReady)
    USBD_DFU_EP0_RxReady                     0x08002509   Thumb Code     4  usbd_dfu.o(i.USBD_DFU_EP0_RxReady)
    i.USBD_DFU_EP0_TxReady                   0x0800250c   Section        0  usbd_dfu.o(i.USBD_DFU_EP0_TxReady)
    USBD_DFU_EP0_TxReady                     0x0800250d   Thumb Code   226  usbd_dfu.o(i.USBD_DFU_EP0_TxReady)
    i.USBD_DFU_GetCfgDesc                    0x080025f0   Section        0  usbd_dfu.o(i.USBD_DFU_GetCfgDesc)
    USBD_DFU_GetCfgDesc                      0x080025f1   Thumb Code     8  usbd_dfu.o(i.USBD_DFU_GetCfgDesc)
    i.USBD_DFU_GetDeviceQualifierDesc        0x080025fc   Section        0  usbd_dfu.o(i.USBD_DFU_GetDeviceQualifierDesc)
    USBD_DFU_GetDeviceQualifierDesc          0x080025fd   Thumb Code     8  usbd_dfu.o(i.USBD_DFU_GetDeviceQualifierDesc)
    i.USBD_DFU_GetUsrStringDesc              0x08002608   Section        0  usbd_dfu.o(i.USBD_DFU_GetUsrStringDesc)
    USBD_DFU_GetUsrStringDesc                0x08002609   Thumb Code    26  usbd_dfu.o(i.USBD_DFU_GetUsrStringDesc)
    i.USBD_DFU_Init                          0x08002628   Section        0  usbd_dfu.o(i.USBD_DFU_Init)
    USBD_DFU_Init                            0x08002629   Thumb Code    72  usbd_dfu.o(i.USBD_DFU_Init)
    i.USBD_DFU_InterfaceStrDescriptor        0x08002674   Section        0  usbd_desc.o(i.USBD_DFU_InterfaceStrDescriptor)
    i.USBD_DFU_IsoINIncomplete               0x08002698   Section        0  usbd_dfu.o(i.USBD_DFU_IsoINIncomplete)
    USBD_DFU_IsoINIncomplete                 0x08002699   Thumb Code     4  usbd_dfu.o(i.USBD_DFU_IsoINIncomplete)
    i.USBD_DFU_IsoOutIncomplete              0x0800269c   Section        0  usbd_dfu.o(i.USBD_DFU_IsoOutIncomplete)
    USBD_DFU_IsoOutIncomplete                0x0800269d   Thumb Code     4  usbd_dfu.o(i.USBD_DFU_IsoOutIncomplete)
    i.USBD_DFU_LangIDStrDescriptor           0x080026a0   Section        0  usbd_desc.o(i.USBD_DFU_LangIDStrDescriptor)
    i.USBD_DFU_ManufacturerStrDescriptor     0x080026ac   Section        0  usbd_desc.o(i.USBD_DFU_ManufacturerStrDescriptor)
    i.USBD_DFU_ProductStrDescriptor          0x080026d4   Section        0  usbd_desc.o(i.USBD_DFU_ProductStrDescriptor)
    i.USBD_DFU_RegisterMedia                 0x080026f8   Section        0  usbd_dfu.o(i.USBD_DFU_RegisterMedia)
    i.USBD_DFU_SOF                           0x08002702   Section        0  usbd_dfu.o(i.USBD_DFU_SOF)
    USBD_DFU_SOF                             0x08002703   Thumb Code     4  usbd_dfu.o(i.USBD_DFU_SOF)
    i.USBD_DFU_SerialStrDescriptor           0x08002708   Section        0  usbd_desc.o(i.USBD_DFU_SerialStrDescriptor)
    i.USBD_DFU_Setup                         0x0800273c   Section        0  usbd_dfu.o(i.USBD_DFU_Setup)
    USBD_DFU_Setup                           0x0800273d   Thumb Code   302  usbd_dfu.o(i.USBD_DFU_Setup)
    i.USBD_GetDescriptor                     0x08002870   Section        0  usbd_ctlreq.o(i.USBD_GetDescriptor)
    USBD_GetDescriptor                       0x08002871   Thumb Code   242  usbd_ctlreq.o(i.USBD_GetDescriptor)
    i.USBD_GetString                         0x08002962   Section        0  usbd_ctlreq.o(i.USBD_GetString)
    i.USBD_Init                              0x080029a8   Section        0  usbd_core.o(i.USBD_Init)
    i.USBD_LL_ClearStallEP                   0x080029d2   Section        0  usbd_conf.o(i.USBD_LL_ClearStallEP)
    i.USBD_LL_DataInStage                    0x080029e0   Section        0  usbd_core.o(i.USBD_LL_DataInStage)
    i.USBD_LL_DataOutStage                   0x08002a8a   Section        0  usbd_core.o(i.USBD_LL_DataOutStage)
    i.USBD_LL_Init                           0x08002af4   Section        0  usbd_conf.o(i.USBD_LL_Init)
    i.USBD_LL_IsStallEP                      0x08002b44   Section        0  usbd_conf.o(i.USBD_LL_IsStallEP)
    i.USBD_LL_OpenEP                         0x08002b64   Section        0  usbd_conf.o(i.USBD_LL_OpenEP)
    i.USBD_LL_PrepareReceive                 0x08002b78   Section        0  usbd_conf.o(i.USBD_LL_PrepareReceive)
    i.USBD_LL_Reset                          0x08002b86   Section        0  usbd_core.o(i.USBD_LL_Reset)
    i.USBD_LL_SOF                            0x08002bc4   Section        0  usbd_core.o(i.USBD_LL_SOF)
    i.USBD_LL_SetSpeed                       0x08002bdc   Section        0  usbd_core.o(i.USBD_LL_SetSpeed)
    i.USBD_LL_SetUSBAddress                  0x08002be2   Section        0  usbd_conf.o(i.USBD_LL_SetUSBAddress)
    i.USBD_LL_SetupStage                     0x08002bf0   Section        0  usbd_core.o(i.USBD_LL_SetupStage)
    i.USBD_LL_StallEP                        0x08002c4a   Section        0  usbd_conf.o(i.USBD_LL_StallEP)
    i.USBD_LL_Start                          0x08002c58   Section        0  usbd_conf.o(i.USBD_LL_Start)
    i.USBD_LL_Stop                           0x08002c66   Section        0  usbd_conf.o(i.USBD_LL_Stop)
    i.USBD_LL_Transmit                       0x08002c74   Section        0  usbd_conf.o(i.USBD_LL_Transmit)
    i.USBD_ParseSetupRequest                 0x08002c82   Section        0  usbd_ctlreq.o(i.USBD_ParseSetupRequest)
    i.USBD_RegisterClass                     0x08002caa   Section        0  usbd_core.o(i.USBD_RegisterClass)
    i.USBD_SetClassConfig                    0x08002cba   Section        0  usbd_core.o(i.USBD_SetClassConfig)
    i.USBD_SetConfig                         0x08002cd0   Section        0  usbd_ctlreq.o(i.USBD_SetConfig)
    USBD_SetConfig                           0x08002cd1   Thumb Code   110  usbd_ctlreq.o(i.USBD_SetConfig)
    i.USBD_Start                             0x08002d44   Section        0  usbd_core.o(i.USBD_Start)
    i.USBD_StdDevReq                         0x08002d4e   Section        0  usbd_ctlreq.o(i.USBD_StdDevReq)
    i.USBD_StdEPReq                          0x08002e40   Section        0  usbd_ctlreq.o(i.USBD_StdEPReq)
    i.USBD_StdItfReq                         0x08002f1c   Section        0  usbd_ctlreq.o(i.USBD_StdItfReq)
    i.USBD_Stop                              0x08002f50   Section        0  usbd_core.o(i.USBD_Stop)
    i.USBD_static_free                       0x08002f6a   Section        0  usbd_conf.o(i.USBD_static_free)
    i.USBD_static_malloc                     0x08002f6c   Section        0  usbd_conf.o(i.USBD_static_malloc)
    i.USB_LP_IRQHandler                      0x08002f74   Section        0  stm32l1xx_it.o(i.USB_LP_IRQHandler)
    i.UsageFault_Handler                     0x08002f80   Section        0  stm32l1xx_it.o(i.UsageFault_Handler)
    i.__scatterload_copy                     0x08002f82   Section       14  handlers.o(i.__scatterload_copy)
    i.__scatterload_null                     0x08002f90   Section        2  handlers.o(i.__scatterload_null)
    i.__scatterload_zeroinit                 0x08002f92   Section       14  handlers.o(i.__scatterload_zeroinit)
    i.main                                   0x08002fa0   Section        0  main.o(i.main)
    .constdata                               0x08003018   Section       22  usbd_desc.o(.constdata)
    .constdata                               0x0800302e   Section       25  system_stm32l1xx.o(.constdata)
    .constdata                               0x08003048   Section        6  stm32l1xx_nucleo.o(.constdata)
    .conststring                             0x08003050   Section       46  usbd_dfu_flash.o(.conststring)
    .data                                    0x20000000   Section        4  stm32l1xx_hal.o(.data)
    .data                                    0x20000004   Section       28  usbd_dfu_flash.o(.data)
    .data                                    0x20000020   Section        8  main.o(.data)
    .data                                    0x20000028   Section       28  usbd_desc.o(.data)
    .data                                    0x20000044   Section       26  usbd_desc.o(.data)
    .data                                    0x20000060   Section       60  usbd_dfu.o(.data)
    .data                                    0x2000009c   Section       38  usbd_dfu.o(.data)
    USBD_DFU_CfgDesc                         0x2000009c   Data          27  usbd_dfu.o(.data)
    USBD_DFU_DeviceQualifierDesc             0x200000b8   Data          10  usbd_dfu.o(.data)
    .data                                    0x200000c4   Section        4  system_stm32l1xx.o(.data)
    .data                                    0x200000c8   Section        1  usbd_ctlreq.o(.data)
    cfgidx                                   0x200000c8   Data           1  usbd_ctlreq.o(.data)
    .data                                    0x200000cc   Section        8  stm32l1xx_nucleo.o(.data)
    .bss                                     0x200000d4   Section       24  stm32l1xx_hal_flash.o(.bss)
    .bss                                     0x200000ec   Section     1592  usbd_conf.o(.bss)
    mem                                      0x200000ec   Data        1048  usbd_conf.o(.bss)
    .bss                                     0x20000724   Section      548  main.o(.bss)
    .bss                                     0x20000948   Section      256  usbd_desc.o(.bss)
    .bss                                     0x20000a48   Section      255  usbd_dfu.o(.bss)
    USBD_StrDesc                             0x20000a48   Data         255  usbd_dfu.o(.bss)
    STACK                                    0x20000b48   Section     1024  startup_stm32l152xe.o(STACK)

    Global Symbols

    Symbol Name                              Value     Ov Type        Size  Object(Section)

    BuildAttributes$$THM_ISAv4$P$D$K$B$S$PE$A:L22UL41UL21$X:L11$S22US41US21$IEEE1$IW$USESV6$~STKCKD$USESV7$~SHL$OSPACE$EBA8$MICROLIB$REQ8$PRES8$EABIv2 0x00000000   Number         0  anon$$obj.o ABSOLUTE
    __ARM_use_no_argv                        0x00000000   Number         0  main.o ABSOLUTE
    __cpp_initialize__aeabi_                  - Undefined Weak Reference
    __cxa_finalize                            - Undefined Weak Reference
    __decompress                              - Undefined Weak Reference
    _clock_init                               - Undefined Weak Reference
    _microlib_exit                            - Undefined Weak Reference
    __Vectors_Size                           0x00000124   Number         0  startup_stm32l152xe.o ABSOLUTE
    __Vectors                                0x08000000   Data           4  startup_stm32l152xe.o(RESET)
    __Vectors_End                            0x08000124   Data           0  startup_stm32l152xe.o(RESET)
    __main                                   0x08000125   Thumb Code     0  entry.o(.ARM.Collect$$$$00000000)
    _main_stk                                0x08000125   Thumb Code     0  entry2.o(.ARM.Collect$$$$00000001)
    _main_scatterload                        0x08000129   Thumb Code     0  entry5.o(.ARM.Collect$$$$00000004)
    __main_after_scatterload                 0x0800012d   Thumb Code     0  entry5.o(.ARM.Collect$$$$00000004)
    _main_clock                              0x0800012d   Thumb Code     0  entry7b.o(.ARM.Collect$$$$00000008)
    _main_cpp_init                           0x0800012d   Thumb Code     0  entry8b.o(.ARM.Collect$$$$0000000A)
    _main_init                               0x0800012d   Thumb Code     0  entry9a.o(.ARM.Collect$$$$0000000B)
    __rt_final_cpp                           0x08000135   Thumb Code     0  entry10a.o(.ARM.Collect$$$$0000000D)
    __rt_final_exit                          0x08000135   Thumb Code     0  entry11a.o(.ARM.Collect$$$$0000000F)
    Reset_Handler                            0x08000139   Thumb Code     8  startup_stm32l152xe.o(.text)
    ADC1_IRQHandler                          0x08000153   Thumb Code     0  startup_stm32l152xe.o(.text)
    COMP_ACQ_IRQHandler                      0x08000153   Thumb Code     0  startup_stm32l152xe.o(.text)
    COMP_IRQHandler                          0x08000153   Thumb Code     0  startup_stm32l152xe.o(.text)
    DAC_IRQHandler                           0x08000153   Thumb Code     0  startup_stm32l152xe.o(.text)
    DMA1_Channel1_IRQHandler                 0x08000153   Thumb Code     0  startup_stm32l152xe.o(.text)
    DMA1_Channel2_IRQHandler                 0x08000153   Thumb Code     0  startup_stm32l152xe.o(.text)
    DMA1_Channel3_IRQHandler                 0x08000153   Thumb Code     0  startup_stm32l152xe.o(.text)
    DMA1_Channel4_IRQHandler                 0x08000153   Thumb Code     0  startup_stm32l152xe.o(.text)
    DMA1_Channel5_IRQHandler                 0x08000153   Thumb Code     0  startup_stm32l152xe.o(.text)
    DMA1_Channel6_IRQHandler                 0x08000153   Thumb Code     0  startup_stm32l152xe.o(.text)
    DMA1_Channel7_IRQHandler                 0x08000153   Thumb Code     0  startup_stm32l152xe.o(.text)
    DMA2_Channel1_IRQHandler                 0x08000153   Thumb Code     0  startup_stm32l152xe.o(.text)
    DMA2_Channel2_IRQHandler                 0x08000153   Thumb Code     0  startup_stm32l152xe.o(.text)
    DMA2_Channel3_IRQHandler                 0x08000153   Thumb Code     0  startup_stm32l152xe.o(.text)
    DMA2_Channel4_IRQHandler                 0x08000153   Thumb Code     0  startup_stm32l152xe.o(.text)
    DMA2_Channel5_IRQHandler                 0x08000153   Thumb Code     0  startup_stm32l152xe.o(.text)
    EXTI0_IRQHandler                         0x08000153   Thumb Code     0  startup_stm32l152xe.o(.text)
    EXTI15_10_IRQHandler                     0x08000153   Thumb Code     0  startup_stm32l152xe.o(.text)
    EXTI1_IRQHandler                         0x08000153   Thumb Code     0  startup_stm32l152xe.o(.text)
    EXTI2_IRQHandler                         0x08000153   Thumb Code     0  startup_stm32l152xe.o(.text)
    EXTI3_IRQHandler                         0x08000153   Thumb Code     0  startup_stm32l152xe.o(.text)
    EXTI4_IRQHandler                         0x08000153   Thumb Code     0  startup_stm32l152xe.o(.text)
    EXTI9_5_IRQHandler                       0x08000153   Thumb Code     0  startup_stm32l152xe.o(.text)
    FLASH_IRQHandler                         0x08000153   Thumb Code     0  startup_stm32l152xe.o(.text)
    I2C1_ER_IRQHandler                       0x08000153   Thumb Code     0  startup_stm32l152xe.o(.text)
    I2C1_EV_IRQHandler                       0x08000153   Thumb Code     0  startup_stm32l152xe.o(.text)
    I2C2_ER_IRQHandler                       0x08000153   Thumb Code     0  startup_stm32l152xe.o(.text)
    I2C2_EV_IRQHandler                       0x08000153   Thumb Code     0  startup_stm32l152xe.o(.text)
    LCD_IRQHandler                           0x08000153   Thumb Code     0  startup_stm32l152xe.o(.text)
    PVD_IRQHandler                           0x08000153   Thumb Code     0  startup_stm32l152xe.o(.text)
    RCC_IRQHandler                           0x08000153   Thumb Code     0  startup_stm32l152xe.o(.text)
    RTC_Alarm_IRQHandler                     0x08000153   Thumb Code     0  startup_stm32l152xe.o(.text)
    RTC_WKUP_IRQHandler                      0x08000153   Thumb Code     0  startup_stm32l152xe.o(.text)
    SPI1_IRQHandler                          0x08000153   Thumb Code     0  startup_stm32l152xe.o(.text)
    SPI2_IRQHandler                          0x08000153   Thumb Code     0  startup_stm32l152xe.o(.text)
    SPI3_IRQHandler                          0x08000153   Thumb Code     0  startup_stm32l152xe.o(.text)
    TAMPER_STAMP_IRQHandler                  0x08000153   Thumb Code     0  startup_stm32l152xe.o(.text)
    TIM10_IRQHandler                         0x08000153   Thumb Code     0  startup_stm32l152xe.o(.text)
    TIM11_IRQHandler                         0x08000153   Thumb Code     0  startup_stm32l152xe.o(.text)
    TIM2_IRQHandler                          0x08000153   Thumb Code     0  startup_stm32l152xe.o(.text)
    TIM3_IRQHandler                          0x08000153   Thumb Code     0  startup_stm32l152xe.o(.text)
    TIM4_IRQHandler                          0x08000153   Thumb Code     0  startup_stm32l152xe.o(.text)
    TIM5_IRQHandler                          0x08000153   Thumb Code     0  startup_stm32l152xe.o(.text)
    TIM6_IRQHandler                          0x08000153   Thumb Code     0  startup_stm32l152xe.o(.text)
    TIM7_IRQHandler                          0x08000153   Thumb Code     0  startup_stm32l152xe.o(.text)
    TIM9_IRQHandler                          0x08000153   Thumb Code     0  startup_stm32l152xe.o(.text)
    UART4_IRQHandler                         0x08000153   Thumb Code     0  startup_stm32l152xe.o(.text)
    UART5_IRQHandler                         0x08000153   Thumb Code     0  startup_stm32l152xe.o(.text)
    USART1_IRQHandler                        0x08000153   Thumb Code     0  startup_stm32l152xe.o(.text)
    USART2_IRQHandler                        0x08000153   Thumb Code     0  startup_stm32l152xe.o(.text)
    USART3_IRQHandler                        0x08000153   Thumb Code     0  startup_stm32l152xe.o(.text)
    USB_FS_WKUP_IRQHandler                   0x08000153   Thumb Code     0  startup_stm32l152xe.o(.text)
    USB_HP_IRQHandler                        0x08000153   Thumb Code     0  startup_stm32l152xe.o(.text)
    WWDG_IRQHandler                          0x08000153   Thumb Code     0  startup_stm32l152xe.o(.text)
    __aeabi_memset                           0x0800015d   Thumb Code    14  memseta.o(.text)
    __aeabi_memset4                          0x0800015d   Thumb Code     0  memseta.o(.text)
    __aeabi_memset8                          0x0800015d   Thumb Code     0  memseta.o(.text)
    __aeabi_memclr                           0x0800016b   Thumb Code     4  memseta.o(.text)
    __aeabi_memclr4                          0x0800016b   Thumb Code     0  memseta.o(.text)
    __aeabi_memclr8                          0x0800016b   Thumb Code     0  memseta.o(.text)
    _memset$wrapper                          0x0800016f   Thumb Code    18  memseta.o(.text)
    __scatterload                            0x08000181   Thumb Code    28  init.o(.text)
    __scatterload_rt2                        0x08000181   Thumb Code     0  init.o(.text)
    BSP_PB_GetState                          0x080001a5   Thumb Code    16  stm32l1xx_nucleo.o(i.BSP_PB_GetState)
    BSP_PB_Init                              0x080001bd   Thumb Code   102  stm32l1xx_nucleo.o(i.BSP_PB_Init)
    BusFault_Handler                         0x08000235   Thumb Code     2  stm32l1xx_it.o(i.BusFault_Handler)
    DebugMon_Handler                         0x08000521   Thumb Code     2  stm32l1xx_it.o(i.DebugMon_Handler)
    FLASH_PageErase                          0x08000525   Thumb Code    32  stm32l1xx_hal_flash_ex.o(i.FLASH_PageErase)
    FLASH_WaitForLastOperation               0x080005a5   Thumb Code    86  stm32l1xx_hal_flash.o(i.FLASH_WaitForLastOperation)
    Flash_If_DeInit                          0x08000601   Thumb Code    10  usbd_dfu_flash.o(i.Flash_If_DeInit)
    Flash_If_Erase                           0x0800060d   Thumb Code    36  usbd_dfu_flash.o(i.Flash_If_Erase)
    Flash_If_GetStatus                       0x08000635   Thumb Code    12  usbd_dfu_flash.o(i.Flash_If_GetStatus)
    Flash_If_Init                            0x08000641   Thumb Code    10  usbd_dfu_flash.o(i.Flash_If_Init)
    Flash_If_Read                            0x0800064d   Thumb Code    24  usbd_dfu_flash.o(i.Flash_If_Read)
    Flash_If_Write                           0x08000665   Thumb Code    54  usbd_dfu_flash.o(i.Flash_If_Write)
    HAL_Delay                                0x0800069b   Thumb Code    22  stm32l1xx_hal.o(i.HAL_Delay)
    HAL_FLASHEx_Erase                        0x080006b1   Thumb Code   120  stm32l1xx_hal_flash_ex.o(i.HAL_FLASHEx_Erase)
    HAL_FLASH_Lock                           0x08000731   Thumb Code    14  stm32l1xx_hal_flash.o(i.HAL_FLASH_Lock)
    HAL_FLASH_Program                        0x08000745   Thumb Code    56  stm32l1xx_hal_flash.o(i.HAL_FLASH_Program)
    HAL_FLASH_Unlock                         0x08000781   Thumb Code    46  stm32l1xx_hal_flash.o(i.HAL_FLASH_Unlock)
    HAL_GPIO_Init                            0x080007c5   Thumb Code   392  stm32l1xx_hal_gpio.o(i.HAL_GPIO_Init)
    HAL_GPIO_ReadPin                         0x08000975   Thumb Code    10  stm32l1xx_hal_gpio.o(i.HAL_GPIO_ReadPin)
    HAL_GetTick                              0x08000981   Thumb Code     6  stm32l1xx_hal.o(i.HAL_GetTick)
    HAL_IncTick                              0x0800098d   Thumb Code    10  stm32l1xx_hal.o(i.HAL_IncTick)
    HAL_Init                                 0x0800099d   Thumb Code    40  stm32l1xx_hal.o(i.HAL_Init)
    HAL_InitTick                             0x080009c9   Thumb Code    34  stm32l1xx_hal.o(i.HAL_InitTick)
    HAL_MspInit                              0x080009f1   Thumb Code     2  stm32l1xx_hal.o(i.HAL_MspInit)
    HAL_NVIC_EnableIRQ                       0x080009f3   Thumb Code    22  stm32l1xx_hal_cortex.o(i.HAL_NVIC_EnableIRQ)
    HAL_NVIC_SetPriority                     0x08000a09   Thumb Code    60  stm32l1xx_hal_cortex.o(i.HAL_NVIC_SetPriority)
    HAL_NVIC_SetPriorityGrouping             0x08000a49   Thumb Code    26  stm32l1xx_hal_cortex.o(i.HAL_NVIC_SetPriorityGrouping)
    HAL_PCDEx_PMAConfig                      0x08000a6d   Thumb Code    60  stm32l1xx_hal_pcd_ex.o(i.HAL_PCDEx_PMAConfig)
    HAL_PCDEx_SetConnectionState             0x08000aa9   Thumb Code    22  usbd_conf.o(i.HAL_PCDEx_SetConnectionState)
    HAL_PCD_DataInStageCallback              0x08000ac5   Thumb Code    18  usbd_conf.o(i.HAL_PCD_DataInStageCallback)
    HAL_PCD_DataOutStageCallback             0x08000ad7   Thumb Code    20  usbd_conf.o(i.HAL_PCD_DataOutStageCallback)
    HAL_PCD_EP_ClrStall                      0x08000aeb   Thumb Code   176  stm32l1xx_hal_pcd.o(i.HAL_PCD_EP_ClrStall)
    HAL_PCD_EP_Open                          0x08000b9b   Thumb Code   762  stm32l1xx_hal_pcd.o(i.HAL_PCD_EP_Open)
    HAL_PCD_EP_Receive                       0x08000e95   Thumb Code   342  stm32l1xx_hal_pcd.o(i.HAL_PCD_EP_Receive)
    HAL_PCD_EP_SetStall                      0x08000feb   Thumb Code   138  stm32l1xx_hal_pcd.o(i.HAL_PCD_EP_SetStall)
    HAL_PCD_EP_Transmit                      0x08001075   Thumb Code   438  stm32l1xx_hal_pcd.o(i.HAL_PCD_EP_Transmit)
    HAL_PCD_IRQHandler                       0x0800122b   Thumb Code   252  stm32l1xx_hal_pcd.o(i.HAL_PCD_IRQHandler)
    HAL_PCD_Init                             0x08001327   Thumb Code   166  stm32l1xx_hal_pcd.o(i.HAL_PCD_Init)
    HAL_PCD_MspInit                          0x080013cd   Thumb Code   108  usbd_conf.o(i.HAL_PCD_MspInit)
    HAL_PCD_ResetCallback                    0x08001441   Thumb Code    26  usbd_conf.o(i.HAL_PCD_ResetCallback)
    HAL_PCD_ResumeCallback                   0x0800145b   Thumb Code     2  usbd_conf.o(i.HAL_PCD_ResumeCallback)
    HAL_PCD_SOFCallback                      0x0800145d   Thumb Code     8  usbd_conf.o(i.HAL_PCD_SOFCallback)
    HAL_PCD_SetAddress                       0x08001465   Thumb Code    44  stm32l1xx_hal_pcd.o(i.HAL_PCD_SetAddress)
    HAL_PCD_SetupStageCallback               0x08001491   Thumb Code    14  usbd_conf.o(i.HAL_PCD_SetupStageCallback)
    HAL_PCD_Start                            0x0800149f   Thumb Code    12  stm32l1xx_hal_pcd.o(i.HAL_PCD_Start)
    HAL_PCD_Stop                             0x080014ab   Thumb Code    44  stm32l1xx_hal_pcd.o(i.HAL_PCD_Stop)
    HAL_PCD_SuspendCallback                  0x080014d7   Thumb Code     2  usbd_conf.o(i.HAL_PCD_SuspendCallback)
    HAL_PWREx_GetVoltageRange                0x080014d9   Thumb Code    10  stm32l1xx_hal_pwr_ex.o(i.HAL_PWREx_GetVoltageRange)
    HAL_RCC_ClockConfig                      0x080014e9   Thumb Code   450  stm32l1xx_hal_rcc.o(i.HAL_RCC_ClockConfig)
    HAL_RCC_GetSysClockFreq                  0x080016bd   Thumb Code   122  stm32l1xx_hal_rcc.o(i.HAL_RCC_GetSysClockFreq)
    HAL_RCC_OscConfig                        0x08001749   Thumb Code  1860  stm32l1xx_hal_rcc.o(i.HAL_RCC_OscConfig)
    HAL_SYSTICK_Config                       0x08001e99   Thumb Code    40  stm32l1xx_hal_cortex.o(i.HAL_SYSTICK_Config)
    HardFault_Handler                        0x08001ec1   Thumb Code     2  stm32l1xx_it.o(i.HardFault_Handler)
    MemManage_Handler                        0x08001efd   Thumb Code     2  stm32l1xx_it.o(i.MemManage_Handler)
    NMI_Handler                              0x08001eff   Thumb Code     2  stm32l1xx_it.o(i.NMI_Handler)
    PendSV_Handler                           0x080022d1   Thumb Code     2  stm32l1xx_it.o(i.PendSV_Handler)
    SVC_Handler                              0x0800234d   Thumb Code     2  stm32l1xx_it.o(i.SVC_Handler)
    SysTick_Handler                          0x0800234f   Thumb Code     4  stm32l1xx_it.o(i.SysTick_Handler)
    SystemClock_Config                       0x08002353   Thumb Code    74  main.o(i.SystemClock_Config)
    SystemInit                               0x0800239d   Thumb Code    62  system_stm32l1xx.o(i.SystemInit)
    USBD_ClrClassConfig                      0x080023ed   Thumb Code    14  usbd_core.o(i.USBD_ClrClassConfig)
    USBD_CtlContinueRx                       0x080023fb   Thumb Code    16  usbd_ioreq.o(i.USBD_CtlContinueRx)
    USBD_CtlContinueSendData                 0x0800240b   Thumb Code    16  usbd_ioreq.o(i.USBD_CtlContinueSendData)
    USBD_CtlError                            0x0800241b   Thumb Code    22  usbd_ctlreq.o(i.USBD_CtlError)
    USBD_CtlPrepareRx                        0x08002431   Thumb Code    30  usbd_ioreq.o(i.USBD_CtlPrepareRx)
    USBD_CtlReceiveStatus                    0x0800244f   Thumb Code    22  usbd_ioreq.o(i.USBD_CtlReceiveStatus)
    USBD_CtlSendData                         0x08002465   Thumb Code    26  usbd_ioreq.o(i.USBD_CtlSendData)
    USBD_CtlSendStatus                       0x0800247f   Thumb Code    22  usbd_ioreq.o(i.USBD_CtlSendStatus)
    USBD_DFU_ConfigStrDescriptor             0x08002495   Thumb Code    16  usbd_desc.o(i.USBD_DFU_ConfigStrDescriptor)
    USBD_DFU_DeviceDescriptor                0x080024fd   Thumb Code     8  usbd_desc.o(i.USBD_DFU_DeviceDescriptor)
    USBD_DFU_InterfaceStrDescriptor          0x08002675   Thumb Code    16  usbd_desc.o(i.USBD_DFU_InterfaceStrDescriptor)
    USBD_DFU_LangIDStrDescriptor             0x080026a1   Thumb Code     8  usbd_desc.o(i.USBD_DFU_LangIDStrDescriptor)
    USBD_DFU_ManufacturerStrDescriptor       0x080026ad   Thumb Code    16  usbd_desc.o(i.USBD_DFU_ManufacturerStrDescriptor)
    USBD_DFU_ProductStrDescriptor            0x080026d5   Thumb Code    16  usbd_desc.o(i.USBD_DFU_ProductStrDescriptor)
    USBD_DFU_RegisterMedia                   0x080026f9   Thumb Code    10  usbd_dfu.o(i.USBD_DFU_RegisterMedia)
    USBD_DFU_SerialStrDescriptor             0x08002709   Thumb Code    44  usbd_desc.o(i.USBD_DFU_SerialStrDescriptor)
    USBD_GetString                           0x08002963   Thumb Code    70  usbd_ctlreq.o(i.USBD_GetString)
    USBD_Init                                0x080029a9   Thumb Code    42  usbd_core.o(i.USBD_Init)
    USBD_LL_ClearStallEP                     0x080029d3   Thumb Code    14  usbd_conf.o(i.USBD_LL_ClearStallEP)
    USBD_LL_DataInStage                      0x080029e1   Thumb Code   170  usbd_core.o(i.USBD_LL_DataInStage)
    USBD_LL_DataOutStage                     0x08002a8b   Thumb Code   106  usbd_core.o(i.USBD_LL_DataOutStage)
    USBD_LL_Init                             0x08002af5   Thumb Code    70  usbd_conf.o(i.USBD_LL_Init)
    USBD_LL_IsStallEP                        0x08002b45   Thumb Code    32  usbd_conf.o(i.USBD_LL_IsStallEP)
    USBD_LL_OpenEP                           0x08002b65   Thumb Code    20  usbd_conf.o(i.USBD_LL_OpenEP)
    USBD_LL_PrepareReceive                   0x08002b79   Thumb Code    14  usbd_conf.o(i.USBD_LL_PrepareReceive)
    USBD_LL_Reset                            0x08002b87   Thumb Code    62  usbd_core.o(i.USBD_LL_Reset)
    USBD_LL_SOF                              0x08002bc5   Thumb Code    24  usbd_core.o(i.USBD_LL_SOF)
    USBD_LL_SetSpeed                         0x08002bdd   Thumb Code     6  usbd_core.o(i.USBD_LL_SetSpeed)
    USBD_LL_SetUSBAddress                    0x08002be3   Thumb Code    14  usbd_conf.o(i.USBD_LL_SetUSBAddress)
    USBD_LL_SetupStage                       0x08002bf1   Thumb Code    90  usbd_core.o(i.USBD_LL_SetupStage)
    USBD_LL_StallEP                          0x08002c4b   Thumb Code    14  usbd_conf.o(i.USBD_LL_StallEP)
    USBD_LL_Start                            0x08002c59   Thumb Code    14  usbd_conf.o(i.USBD_LL_Start)
    USBD_LL_Stop                             0x08002c67   Thumb Code    14  usbd_conf.o(i.USBD_LL_Stop)
    USBD_LL_Transmit                         0x08002c75   Thumb Code    14  usbd_conf.o(i.USBD_LL_Transmit)
    USBD_ParseSetupRequest                   0x08002c83   Thumb Code    40  usbd_ctlreq.o(i.USBD_ParseSetupRequest)
    USBD_RegisterClass                       0x08002cab   Thumb Code    16  usbd_core.o(i.USBD_RegisterClass)
    USBD_SetClassConfig                      0x08002cbb   Thumb Code    22  usbd_core.o(i.USBD_SetClassConfig)
    USBD_Start                               0x08002d45   Thumb Code    10  usbd_core.o(i.USBD_Start)
    USBD_StdDevReq                           0x08002d4f   Thumb Code   242  usbd_ctlreq.o(i.USBD_StdDevReq)
    USBD_StdEPReq                            0x08002e41   Thumb Code   220  usbd_ctlreq.o(i.USBD_StdEPReq)
    USBD_StdItfReq                           0x08002f1d   Thumb Code    52  usbd_ctlreq.o(i.USBD_StdItfReq)
    USBD_Stop                                0x08002f51   Thumb Code    26  usbd_core.o(i.USBD_Stop)
    USBD_static_free                         0x08002f6b   Thumb Code     2  usbd_conf.o(i.USBD_static_free)
    USBD_static_malloc                       0x08002f6d   Thumb Code     4  usbd_conf.o(i.USBD_static_malloc)
    USB_LP_IRQHandler                        0x08002f75   Thumb Code     6  stm32l1xx_it.o(i.USB_LP_IRQHandler)
    UsageFault_Handler                       0x08002f81   Thumb Code     2  stm32l1xx_it.o(i.UsageFault_Handler)
    __scatterload_copy                       0x08002f83   Thumb Code    14  handlers.o(i.__scatterload_copy)
    __scatterload_null                       0x08002f91   Thumb Code     2  handlers.o(i.__scatterload_null)
    __scatterload_zeroinit                   0x08002f93   Thumb Code    14  handlers.o(i.__scatterload_zeroinit)
    main                                     0x08002fa1   Thumb Code    90  main.o(i.main)
    USBD_LangIDDesc                          0x08003018   Data           4  usbd_desc.o(.constdata)
    hUSBDDeviceDesc                          0x0800301c   Data          18  usbd_desc.o(.constdata)
    PLLMulTable                              0x0800302e   Data           9  system_stm32l1xx.o(.constdata)
    AHBPrescTable                            0x08003037   Data          16  system_stm32l1xx.o(.constdata)
    BUTTON_IRQn                              0x08003048   Data           1  stm32l1xx_nucleo.o(.constdata)
    LED_PIN                                  0x0800304a   Data           2  stm32l1xx_nucleo.o(.constdata)
    BUTTON_PIN                               0x0800304c   Data           2  stm32l1xx_nucleo.o(.constdata)
    Region$$Table$$Base                      0x08003080   Number         0  anon$$obj.o(Region$$Table)
    Region$$Table$$Limit                     0x080030a0   Number         0  anon$$obj.o(Region$$Table)
    uwTick                                   0x20000000   Data           4  stm32l1xx_hal.o(.data)
    USBD_DFU_Flash_fops                      0x20000004   Data          28  usbd_dfu_flash.o(.data)
    JumpToApplication                        0x20000020   Data           4  main.o(.data)
    JumpAddress                              0x20000024   Data           4  main.o(.data)
    DFU_Desc                                 0x20000028   Data          28  usbd_desc.o(.data)
    USBD_StringSerial                        0x20000044   Data          26  usbd_desc.o(.data)
    USBD_DFU                                 0x20000060   Data          60  usbd_dfu.o(.data)
    SystemCoreClock                          0x200000c4   Data           4  system_stm32l1xx.o(.data)
    LED_PORT                                 0x200000cc   Data           4  stm32l1xx_nucleo.o(.data)
    BUTTON_PORT                              0x200000d0   Data           4  stm32l1xx_nucleo.o(.data)
    pFlash                                   0x200000d4   Data          24  stm32l1xx_hal_flash.o(.bss)
    hpcd                                     0x20000504   Data         544  usbd_conf.o(.bss)
    USBD_Device                              0x20000724   Data         548  main.o(.bss)
    USBD_StrDesc                             0x20000948   Data         256  usbd_desc.o(.bss)
    __initial_sp                             0x20000f48   Data           0  startup_stm32l152xe.o(STACK)



==============================================================================

Memory Map of the image

  Image Entry point : 0x08000125

  Load Region LR_IROM1 (Base: 0x08000000, Size: 0x00003174, Max: 0x00080000, ABSOLUTE)

    Execution Region ER_IROM1 (Base: 0x08000000, Size: 0x000030a0, Max: 0x00080000, ABSOLUTE)

    Base Addr    Size         Type   Attr      Idx    E Section Name        Object

    0x08000000   0x00000124   Data   RO            3    RESET               startup_stm32l152xe.o
    0x08000124   0x00000000   Code   RO         2317  * .ARM.Collect$$$$00000000  mc_w.l(entry.o)
    0x08000124   0x00000004   Code   RO         2322    .ARM.Collect$$$$00000001  mc_w.l(entry2.o)
    0x08000128   0x00000004   Code   RO         2325    .ARM.Collect$$$$00000004  mc_w.l(entry5.o)
    0x0800012c   0x00000000   Code   RO         2327    .ARM.Collect$$$$00000008  mc_w.l(entry7b.o)
    0x0800012c   0x00000000   Code   RO         2329    .ARM.Collect$$$$0000000A  mc_w.l(entry8b.o)
    0x0800012c   0x00000008   Code   RO         2330    .ARM.Collect$$$$0000000B  mc_w.l(entry9a.o)
    0x08000134   0x00000000   Code   RO         2332    .ARM.Collect$$$$0000000D  mc_w.l(entry10a.o)
    0x08000134   0x00000000   Code   RO         2334    .ARM.Collect$$$$0000000F  mc_w.l(entry11a.o)
    0x08000134   0x00000004   Code   RO         2323    .ARM.Collect$$$$00002712  mc_w.l(entry2.o)
    0x08000138   0x00000024   Code   RO            4    .text               startup_stm32l152xe.o
    0x0800015c   0x00000024   Code   RO         2320    .text               mc_w.l(memseta.o)
    0x08000180   0x00000024   Code   RO         2336    .text               mc_w.l(init.o)
    0x080001a4   0x00000018   Code   RO         2251    i.BSP_PB_GetState   stm32l1xx_nucleo.o
    0x080001bc   0x00000078   Code   RO         2252    i.BSP_PB_Init       stm32l1xx_nucleo.o
    0x08000234   0x00000002   Code   RO         1661    i.BusFault_Handler  stm32l1xx_it.o
    0x08000236   0x00000002   PAD
    0x08000238   0x00000070   Code   RO         1817    i.DFU_Detach        usbd_dfu.o
    0x080002a8   0x00000066   Code   RO         1818    i.DFU_Download      usbd_dfu.o
    0x0800030e   0x00000002   PAD
    0x08000310   0x000000b8   Code   RO         1819    i.DFU_GetStatus     usbd_dfu.o
    0x080003c8   0x00000078   Code   RO         1820    i.DFU_Leave         usbd_dfu.o
    0x08000440   0x000000e0   Code   RO         1821    i.DFU_Upload        usbd_dfu.o
    0x08000520   0x00000002   Code   RO         1662    i.DebugMon_Handler  stm32l1xx_it.o
    0x08000522   0x00000002   PAD
    0x08000524   0x00000028   Code   RO          583    i.FLASH_PageErase   stm32l1xx_hal_flash_ex.o
    0x0800054c   0x00000058   Code   RO           13    i.FLASH_SetErrorCode  stm32l1xx_hal_flash.o
    0x080005a4   0x0000005c   Code   RO           14    i.FLASH_WaitForLastOperation  stm32l1xx_hal_flash.o
    0x08000600   0x0000000a   Code   RO         1317    i.Flash_If_DeInit   usbd_dfu_flash.o
    0x0800060a   0x00000002   PAD
    0x0800060c   0x00000028   Code   RO         1318    i.Flash_If_Erase    usbd_dfu_flash.o
    0x08000634   0x0000000c   Code   RO         1319    i.Flash_If_GetStatus  usbd_dfu_flash.o
    0x08000640   0x0000000a   Code   RO         1320    i.Flash_If_Init     usbd_dfu_flash.o
    0x0800064a   0x00000002   PAD
    0x0800064c   0x00000018   Code   RO         1321    i.Flash_If_Read     usbd_dfu_flash.o
    0x08000664   0x00000036   Code   RO         1322    i.Flash_If_Write    usbd_dfu_flash.o
    0x0800069a   0x00000016   Code   RO          941    i.HAL_Delay         stm32l1xx_hal.o
    0x080006b0   0x00000080   Code   RO          592    i.HAL_FLASHEx_Erase  stm32l1xx_hal_flash_ex.o
    0x08000730   0x00000014   Code   RO           18    i.HAL_FLASH_Lock    stm32l1xx_hal_flash.o
    0x08000744   0x0000003c   Code   RO           23    i.HAL_FLASH_Program  stm32l1xx_hal_flash.o
    0x08000780   0x00000044   Code   RO           25    i.HAL_FLASH_Unlock  stm32l1xx_hal_flash.o
    0x080007c4   0x000001b0   Code   RO          423    i.HAL_GPIO_Init     stm32l1xx_hal_gpio.o
    0x08000974   0x0000000a   Code   RO          425    i.HAL_GPIO_ReadPin  stm32l1xx_hal_gpio.o
    0x0800097e   0x00000002   PAD
    0x08000980   0x0000000c   Code   RO          945    i.HAL_GetTick       stm32l1xx_hal.o
    0x0800098c   0x00000010   Code   RO          946    i.HAL_IncTick       stm32l1xx_hal.o
    0x0800099c   0x0000002c   Code   RO          947    i.HAL_Init          stm32l1xx_hal.o
    0x080009c8   0x00000028   Code   RO          948    i.HAL_InitTick      stm32l1xx_hal.o
    0x080009f0   0x00000002   Code   RO          950    i.HAL_MspInit       stm32l1xx_hal.o
    0x080009f2   0x00000016   Code   RO          300    i.HAL_NVIC_EnableIRQ  stm32l1xx_hal_cortex.o
    0x08000a08   0x00000040   Code   RO          306    i.HAL_NVIC_SetPriority  stm32l1xx_hal_cortex.o
    0x08000a48   0x00000024   Code   RO          307    i.HAL_NVIC_SetPriorityGrouping  stm32l1xx_hal_cortex.o
    0x08000a6c   0x0000003c   Code   RO          910    i.HAL_PCDEx_PMAConfig  stm32l1xx_hal_pcd_ex.o
    0x08000aa8   0x0000001c   Code   RO         1403    i.HAL_PCDEx_SetConnectionState  usbd_conf.o
    0x08000ac4   0x00000012   Code   RO         1405    i.HAL_PCD_DataInStageCallback  usbd_conf.o
    0x08000ad6   0x00000014   Code   RO         1406    i.HAL_PCD_DataOutStageCallback  usbd_conf.o
    0x08000aea   0x000000b0   Code   RO         1080    i.HAL_PCD_EP_ClrStall  stm32l1xx_hal_pcd.o
    0x08000b9a   0x000002fa   Code   RO         1083    i.HAL_PCD_EP_Open   stm32l1xx_hal_pcd.o
    0x08000e94   0x00000156   Code   RO         1084    i.HAL_PCD_EP_Receive  stm32l1xx_hal_pcd.o
    0x08000fea   0x0000008a   Code   RO         1085    i.HAL_PCD_EP_SetStall  stm32l1xx_hal_pcd.o
    0x08001074   0x000001b6   Code   RO         1086    i.HAL_PCD_EP_Transmit  stm32l1xx_hal_pcd.o
    0x0800122a   0x000000fc   Code   RO         1088    i.HAL_PCD_IRQHandler  stm32l1xx_hal_pcd.o
    0x08001326   0x000000a6   Code   RO         1091    i.HAL_PCD_Init      stm32l1xx_hal_pcd.o
    0x080013cc   0x00000074   Code   RO         1411    i.HAL_PCD_MspInit   usbd_conf.o
    0x08001440   0x0000001a   Code   RO         1412    i.HAL_PCD_ResetCallback  usbd_conf.o
    0x0800145a   0x00000002   Code   RO         1413    i.HAL_PCD_ResumeCallback  usbd_conf.o
    0x0800145c   0x00000008   Code   RO         1414    i.HAL_PCD_SOFCallback  usbd_conf.o
    0x08001464   0x0000002c   Code   RO         1097    i.HAL_PCD_SetAddress  stm32l1xx_hal_pcd.o
    0x08001490   0x0000000e   Code   RO         1415    i.HAL_PCD_SetupStageCallback  usbd_conf.o
    0x0800149e   0x0000000c   Code   RO         1099    i.HAL_PCD_Start     stm32l1xx_hal_pcd.o
    0x080014aa   0x0000002c   Code   RO         1100    i.HAL_PCD_Stop      stm32l1xx_hal_pcd.o
    0x080014d6   0x00000002   Code   RO         1416    i.HAL_PCD_SuspendCallback  usbd_conf.o
    0x080014d8   0x00000010   Code   RO          492    i.HAL_PWREx_GetVoltageRange  stm32l1xx_hal_pwr_ex.o
    0x080014e8   0x000001d4   Code   RO          684    i.HAL_RCC_ClockConfig  stm32l1xx_hal_rcc.o
    0x080016bc   0x0000008c   Code   RO          693    i.HAL_RCC_GetSysClockFreq  stm32l1xx_hal_rcc.o
    0x08001748   0x00000750   Code   RO          696    i.HAL_RCC_OscConfig  stm32l1xx_hal_rcc.o
    0x08001e98   0x00000028   Code   RO          311    i.HAL_SYSTICK_Config  stm32l1xx_hal_cortex.o
    0x08001ec0   0x00000002   Code   RO         1663    i.HardFault_Handler  stm32l1xx_it.o
    0x08001ec2   0x00000002   PAD
    0x08001ec4   0x00000038   Code   RO         1743    i.IntToUnicode      usbd_desc.o
    0x08001efc   0x00000002   Code   RO         1664    i.MemManage_Handler  stm32l1xx_it.o
    0x08001efe   0x00000002   Code   RO         1665    i.NMI_Handler       stm32l1xx_it.o
    0x08001f00   0x00000020   Code   RO          313    i.NVIC_SetPriority  stm32l1xx_hal_cortex.o
    0x08001f20   0x0000036a   Code   RO         1102    i.PCD_EP_ISR_Handler  stm32l1xx_hal_pcd.o
    0x0800228a   0x00000002   PAD
    0x0800228c   0x0000001e   Code   RO         1103    i.PCD_ReadPMA       stm32l1xx_hal_pcd.o
    0x080022aa   0x00000026   Code   RO         1104    i.PCD_WritePMA      stm32l1xx_hal_pcd.o
    0x080022d0   0x00000002   Code   RO         1666    i.PendSV_Handler    stm32l1xx_it.o
    0x080022d2   0x00000002   PAD
    0x080022d4   0x00000078   Code   RO          697    i.RCC_SetFlashLatencyFromMSIRange  stm32l1xx_hal_rcc.o
    0x0800234c   0x00000002   Code   RO         1667    i.SVC_Handler       stm32l1xx_it.o
    0x0800234e   0x00000004   Code   RO         1668    i.SysTick_Handler   stm32l1xx_it.o
    0x08002352   0x0000004a   Code   RO         1624    i.SystemClock_Config  main.o
    0x0800239c   0x00000050   Code   RO         1944    i.SystemInit        system_stm32l1xx.o
    0x080023ec   0x0000000e   Code   RO         1981    i.USBD_ClrClassConfig  usbd_core.o
    0x080023fa   0x00000010   Code   RO         2184    i.USBD_CtlContinueRx  usbd_ioreq.o
    0x0800240a   0x00000010   Code   RO         2185    i.USBD_CtlContinueSendData  usbd_ioreq.o
    0x0800241a   0x00000016   Code   RO         2119    i.USBD_CtlError     usbd_ctlreq.o
    0x08002430   0x0000001e   Code   RO         2186    i.USBD_CtlPrepareRx  usbd_ioreq.o
    0x0800244e   0x00000016   Code   RO         2187    i.USBD_CtlReceiveStatus  usbd_ioreq.o
    0x08002464   0x0000001a   Code   RO         2188    i.USBD_CtlSendData  usbd_ioreq.o
    0x0800247e   0x00000016   Code   RO         2189    i.USBD_CtlSendStatus  usbd_ioreq.o
    0x08002494   0x00000020   Code   RO         1744    i.USBD_DFU_ConfigStrDescriptor  usbd_desc.o
    0x080024b4   0x00000004   Code   RO         1822    i.USBD_DFU_DataIn   usbd_dfu.o
    0x080024b8   0x00000004   Code   RO         1823    i.USBD_DFU_DataOut  usbd_dfu.o
    0x080024bc   0x0000003e   Code   RO         1824    i.USBD_DFU_DeInit   usbd_dfu.o
    0x080024fa   0x00000002   PAD
    0x080024fc   0x0000000c   Code   RO         1745    i.USBD_DFU_DeviceDescriptor  usbd_desc.o
    0x08002508   0x00000004   Code   RO         1825    i.USBD_DFU_EP0_RxReady  usbd_dfu.o
    0x0800250c   0x000000e2   Code   RO         1826    i.USBD_DFU_EP0_TxReady  usbd_dfu.o
    0x080025ee   0x00000002   PAD
    0x080025f0   0x0000000c   Code   RO         1827    i.USBD_DFU_GetCfgDesc  usbd_dfu.o
    0x080025fc   0x0000000c   Code   RO         1828    i.USBD_DFU_GetDeviceQualifierDesc  usbd_dfu.o
    0x08002608   0x00000020   Code   RO         1829    i.USBD_DFU_GetUsrStringDesc  usbd_dfu.o
    0x08002628   0x0000004c   Code   RO         1830    i.USBD_DFU_Init     usbd_dfu.o
    0x08002674   0x00000024   Code   RO         1746    i.USBD_DFU_InterfaceStrDescriptor  usbd_desc.o
    0x08002698   0x00000004   Code   RO         1831    i.USBD_DFU_IsoINIncomplete  usbd_dfu.o
    0x0800269c   0x00000004   Code   RO         1832    i.USBD_DFU_IsoOutIncomplete  usbd_dfu.o
    0x080026a0   0x0000000c   Code   RO         1747    i.USBD_DFU_LangIDStrDescriptor  usbd_desc.o
    0x080026ac   0x00000028   Code   RO         1748    i.USBD_DFU_ManufacturerStrDescriptor  usbd_desc.o
    0x080026d4   0x00000024   Code   RO         1749    i.USBD_DFU_ProductStrDescriptor  usbd_desc.o
    0x080026f8   0x0000000a   Code   RO         1833    i.USBD_DFU_RegisterMedia  usbd_dfu.o
    0x08002702   0x00000004   Code   RO         1834    i.USBD_DFU_SOF      usbd_dfu.o
    0x08002706   0x00000002   PAD
    0x08002708   0x00000034   Code   RO         1750    i.USBD_DFU_SerialStrDescriptor  usbd_desc.o
    0x0800273c   0x00000134   Code   RO         1835    i.USBD_DFU_Setup    usbd_dfu.o
    0x08002870   0x000000f2   Code   RO         2120    i.USBD_GetDescriptor  usbd_ctlreq.o
    0x08002962   0x00000046   Code   RO         2121    i.USBD_GetString    usbd_ctlreq.o
    0x080029a8   0x0000002a   Code   RO         1983    i.USBD_Init         usbd_core.o
    0x080029d2   0x0000000e   Code   RO         1417    i.USBD_LL_ClearStallEP  usbd_conf.o
    0x080029e0   0x000000aa   Code   RO         1984    i.USBD_LL_DataInStage  usbd_core.o
    0x08002a8a   0x0000006a   Code   RO         1985    i.USBD_LL_DataOutStage  usbd_core.o
    0x08002af4   0x00000050   Code   RO         1423    i.USBD_LL_Init      usbd_conf.o
    0x08002b44   0x00000020   Code   RO         1424    i.USBD_LL_IsStallEP  usbd_conf.o
    0x08002b64   0x00000014   Code   RO         1425    i.USBD_LL_OpenEP    usbd_conf.o
    0x08002b78   0x0000000e   Code   RO         1426    i.USBD_LL_PrepareReceive  usbd_conf.o
    0x08002b86   0x0000003e   Code   RO         1990    i.USBD_LL_Reset     usbd_core.o
    0x08002bc4   0x00000018   Code   RO         1992    i.USBD_LL_SOF       usbd_core.o
    0x08002bdc   0x00000006   Code   RO         1993    i.USBD_LL_SetSpeed  usbd_core.o
    0x08002be2   0x0000000e   Code   RO         1427    i.USBD_LL_SetUSBAddress  usbd_conf.o
    0x08002bf0   0x0000005a   Code   RO         1994    i.USBD_LL_SetupStage  usbd_core.o
    0x08002c4a   0x0000000e   Code   RO         1428    i.USBD_LL_StallEP   usbd_conf.o
    0x08002c58   0x0000000e   Code   RO         1429    i.USBD_LL_Start     usbd_conf.o
    0x08002c66   0x0000000e   Code   RO         1430    i.USBD_LL_Stop      usbd_conf.o
    0x08002c74   0x0000000e   Code   RO         1431    i.USBD_LL_Transmit  usbd_conf.o
    0x08002c82   0x00000028   Code   RO         2122    i.USBD_ParseSetupRequest  usbd_ctlreq.o
    0x08002caa   0x00000010   Code   RO         1996    i.USBD_RegisterClass  usbd_core.o
    0x08002cba   0x00000016   Code   RO         1998    i.USBD_SetClassConfig  usbd_core.o
    0x08002cd0   0x00000074   Code   RO         2123    i.USBD_SetConfig    usbd_ctlreq.o
    0x08002d44   0x0000000a   Code   RO         1999    i.USBD_Start        usbd_core.o
    0x08002d4e   0x000000f2   Code   RO         2124    i.USBD_StdDevReq    usbd_ctlreq.o
    0x08002e40   0x000000dc   Code   RO         2125    i.USBD_StdEPReq     usbd_ctlreq.o
    0x08002f1c   0x00000034   Code   RO         2126    i.USBD_StdItfReq    usbd_ctlreq.o
    0x08002f50   0x0000001a   Code   RO         2000    i.USBD_Stop         usbd_core.o
    0x08002f6a   0x00000002   Code   RO         1432    i.USBD_static_free  usbd_conf.o
    0x08002f6c   0x00000008   Code   RO         1433    i.USBD_static_malloc  usbd_conf.o
    0x08002f74   0x0000000c   Code   RO         1669    i.USB_LP_IRQHandler  stm32l1xx_it.o
    0x08002f80   0x00000002   Code   RO         1670    i.UsageFault_Handler  stm32l1xx_it.o
    0x08002f82   0x0000000e   Code   RO         2340    i.__scatterload_copy  mc_w.l(handlers.o)
    0x08002f90   0x00000002   Code   RO         2341    i.__scatterload_null  mc_w.l(handlers.o)
    0x08002f92   0x0000000e   Code   RO         2342    i.__scatterload_zeroinit  mc_w.l(handlers.o)
    0x08002fa0   0x00000078   Code   RO         1625    i.main              main.o
    0x08003018   0x00000016   Data   RO         1752    .constdata          usbd_desc.o
    0x0800302e   0x00000019   Data   RO         1945    .constdata          system_stm32l1xx.o
    0x08003047   0x00000001   PAD
    0x08003048   0x00000006   Data   RO         2253    .constdata          stm32l1xx_nucleo.o
    0x0800304e   0x00000002   PAD
    0x08003050   0x0000002e   Data   RO         1323    .conststring        usbd_dfu_flash.o
    0x0800307e   0x00000002   PAD
    0x08003080   0x00000020   Data   RO         2338    Region$$Table       anon$$obj.o


    Execution Region RW_IRAM1 (Base: 0x20000000, Size: 0x00000f48, Max: 0x00014000, ABSOLUTE)

    Base Addr    Size         Type   Attr      Idx    E Section Name        Object

    0x20000000   0x00000004   Data   RW          953    .data               stm32l1xx_hal.o
    0x20000004   0x0000001c   Data   RW         1324    .data               usbd_dfu_flash.o
    0x20000020   0x00000008   Data   RW         1627    .data               main.o
    0x20000028   0x0000001c   Data   RW         1753    .data               usbd_desc.o
    0x20000044   0x0000001a   Data   RW         1754    .data               usbd_desc.o
    0x2000005e   0x00000002   PAD
    0x20000060   0x0000003c   Data   RW         1837    .data               usbd_dfu.o
    0x2000009c   0x00000026   Data   RW         1838    .data               usbd_dfu.o
    0x200000c2   0x00000002   PAD
    0x200000c4   0x00000004   Data   RW         1947    .data               system_stm32l1xx.o
    0x200000c8   0x00000001   Data   RW         2127    .data               usbd_ctlreq.o
    0x200000c9   0x00000003   PAD
    0x200000cc   0x00000008   Data   RW         2254    .data               stm32l1xx_nucleo.o
    0x200000d4   0x00000018   Zero   RW           26    .bss                stm32l1xx_hal_flash.o
    0x200000ec   0x00000638   Zero   RW         1434    .bss                usbd_conf.o
    0x20000724   0x00000224   Zero   RW         1626    .bss                main.o
    0x20000948   0x00000100   Zero   RW         1751    .bss                usbd_desc.o
    0x20000a48   0x000000ff   Zero   RW         1836    .bss                usbd_dfu.o
    0x20000b47   0x00000001   PAD
    0x20000b48   0x00000400   Zero   RW            1    STACK               startup_stm32l152xe.o


==============================================================================

Image component sizes


      Code (inc. data)   RO Data    RW Data    ZI Data      Debug   Object Name

       194         30          0          8        548       3048   main.o
        36          8        292          0       1024        884   startup_stm32l152xe.o
       136         22          0          4          0       4961   stm32l1xx_hal.o
       194         14          0          0          0      27703   stm32l1xx_hal_cortex.o
       328         46          0          0         24     390722   stm32l1xx_hal_flash.o
       168         16          0          0          0       3785   stm32l1xx_hal_flash_ex.o
       442         40          0          0          0       2583   stm32l1xx_hal_gpio.o
      3316          0          0          0          0      12603   stm32l1xx_hal_pcd.o
        60          0          0          0          0       1318   stm32l1xx_hal_pcd_ex.o
        16          6          0          0          0        652   stm32l1xx_hal_pwr_ex.o
      2600         76          0          0          0       5838   stm32l1xx_hal_rcc.o
        32          6          0          0          0       5014   stm32l1xx_it.o
       144         26          6          8          0       2930   stm32l1xx_nucleo.o
        80         18         25          4          0       1459   system_stm32l1xx.o
       474         28          0          0       1592      16495   usbd_conf.o
       588          0          0          0          0       9369   usbd_core.o
      1004         30          0          1          0       7572   usbd_ctlreq.o
       276         96         22         54        256       6162   usbd_desc.o
      1504         58          0         98        255      18304   usbd_dfu.o
       150          4         46         28          0      11770   usbd_dfu_flash.o
       132          0          0          0          0       4792   usbd_ioreq.o

    ----------------------------------------------------------------------
     11898        524        428        212       3700     537964   Object Totals
         0          0         32          0          0          0   (incl. Generated)
        24          0          5          7          1          0   (incl. Padding)

    ----------------------------------------------------------------------

      Code (inc. data)   RO Data    RW Data    ZI Data      Debug   Library Member Name

         0          0          0          0          0          0   entry.o
         0          0          0          0          0          0   entry10a.o
         0          0          0          0          0          0   entry11a.o
         8          4          0          0          0          0   entry2.o
         4          0          0          0          0          0   entry5.o
         0          0          0          0          0          0   entry7b.o
         0          0          0          0          0          0   entry8b.o
         8          4          0          0          0          0   entry9a.o
        30          0          0          0          0          0   handlers.o
        36          8          0          0          0         68   init.o
        36          0          0          0          0        108   memseta.o

    ----------------------------------------------------------------------
       122         16          0          0          0        176   Library Totals
         0          0          0          0          0          0   (incl. Padding)

    ----------------------------------------------------------------------

      Code (inc. data)   RO Data    RW Data    ZI Data      Debug   Library Name

       122         16          0          0          0        176   mc_w.l

    ----------------------------------------------------------------------
       122         16          0          0          0        176   Library Totals

    ----------------------------------------------------------------------

==============================================================================


      Code (inc. data)   RO Data    RW Data    ZI Data      Debug   

     12020        540        428        212       3700     531584   Grand Totals
     12020        540        428        212       3700     531584   ELF Image Totals
     12020        540        428        212          0          0   ROM Totals

==============================================================================

    Total RO  Size (Code + RO Data)                12448 (  12.16kB)
    Total RW  Size (RW Data + ZI Data)              3912 (   3.82kB)
    Total ROM Size (Code + RO Data + RW Data)      12660 (  12.36kB)

==============================================================================

