<html>
<body>
<pre>
<h1>礦ision Build Log</h1>
<h2>Tool Versions:</h2>
IDE-Version: μVision V5.14.0.0
Copyright (C) 2015 ARM Ltd and ARM Germany GmbH. All rights reserved.
License Information: alientek ALIENTEK, alientek, LIC=P6F30-B6QWQ-NSTYQ-NADBU-EHBEX-H88UC
 
Tool Versions:
Toolchain:       MDK-ARM Professional  Version: 5.14.0.0
Toolchain Path:  E:\ruanjian\MDK5\ARM\ARMCC\Bin
C Compiler:      Armcc.exe V5.05 update 1 (build 106)
Assembler:       Armasm.exe V5.05 update 1 (build 106)
Linker/Locator:  ArmLink.exe V5.05 update 1 (build 106)
Library Manager: ArmAr.exe V5.05 update 1 (build 106)
Hex Converter:   FromElf.exe V5.05 update 1 (build 106)
CPU DLL:         SARMCM3.DLL V5.14.0.0
Dialog DLL:      DCM.DLL V1.13.1.0
Target DLL:      STLink\ST-LINKIII-KEIL_SWO.dll V2.0.14.0_KEIL
Dialog DLL:      TCM.DLL V1.14.4.0
 
<h2>Project:</h2>
D:\简宝山\工作总结\云高仪\程序\STM32Cube_FW_L1_V1.6.0\Projects\NMDT_ADAM\Applications\FreeRTOS\FreeRTOS_ThreadCreation\MDK-ARM\Project.uvprojx
Project File Date:  06/06/2018

<h2>Output:</h2>
Build target 'STM32L152C-Discovery'
compiling usart_module.c...
..\Src\usart_module.c(1767): warning:  #177-D: variable "r0" was declared but never referenced
      uint8_t data = 0, r0 = 0, r1 = 0;
..\Src\usart_module.c(1767): warning:  #177-D: variable "r1" was declared but never referenced
      uint8_t data = 0, r0 = 0, r1 = 0;
..\Src\usart_module.c(15): warning:  #177-D: variable "file1" was declared but never referenced
  static FIL file1;          /* File object structure (FIL) */
..\Src\usart_module.c: 3 warnings, 0 errors
linking...
Program Size: Code=56800 RO-data=2368 RW-data=264 ZI-data=26984  
FromELF: creating hex file...
After Build - User command #1: E:\ruanjian\MDK5\ARM\ARMCC\bin\fromelf.exe   --bin -o  D:\简宝山\工作总结\云高仪\程序\STM32Cube_FW_L1_V1.6.0\Projects\NMDT_ADAM\Applications\FreeRTOS\FreeRTOS_ThreadCreation\MDK-ARM\STM32L152C-Discovery\STM32L152C-Discovery.bin  D:\简宝山\工作总结\云高仪\程序\STM32Cube_FW_L1_V1.6.0\Projects\NMDT_ADAM\Applications\FreeRTOS\FreeRTOS_ThreadCreation\MDK-ARM\STM32L152C-Discovery\STM32L152C-Discovery.axf
".\STM32L152C-Discovery\STM32L152C-Discovery.axf" - 0 Error(s), 3 Warning(s).

<h2>Software Packages used:</h2>

Package Vendor: ARM
                http://www.keil.com/pack/ARM.CMSIS.4.2.0.pack
                ARM::CMSIS:CORE:3.40.0
                CMSIS (Cortex Microcontroller Software Interface Standard)
   * Component: CORE Version: 3.40.0

<h2>Collection of Component include folders:</h2>
  D:\简宝山\工作总结\云高仪\程序\STM32Cube_FW_L1_V1.6.0\Projects\NMDT_ADAM\Applications\FreeRTOS\FreeRTOS_ThreadCreation\MDK-ARM\RTE
  E:\ruanjian\MDK5\ARM\PACK\ARM\CMSIS\4.2.0\CMSIS\Include
  E:\ruanjian\MDK5\ARM\PACK\Keil\STM32L1xx_DFP\1.1.0

<h2>Collection of Component Files used:</h2>

   * Component: ARM::CMSIS:CORE:3.40.0
      Source file:   CMSIS\UserCodeTemplates\ARM\ITM_Retarget.c
</pre>
</body>
</html>
