Component: ARM Compiler 5.05 update 1 (build 106) Tool: armlink [4d0efa]

==============================================================================

Section Cross References

    startup_stm32l152xd.o(RESET) refers to startup_stm32l152xd.o(STACK) for __initial_sp
    startup_stm32l152xd.o(RESET) refers to startup_stm32l152xd.o(.text) for Reset_Handler
    startup_stm32l152xd.o(RESET) refers to stm32l1xx_it.o(i.NMI_Handler) for NMI_Handler
    startup_stm32l152xd.o(RESET) refers to stm32l1xx_it.o(i.HardFault_Handler) for HardFault_Handler
    startup_stm32l152xd.o(RESET) refers to stm32l1xx_it.o(i.MemManage_Handler) for MemManage_Handler
    startup_stm32l152xd.o(RESET) refers to stm32l1xx_it.o(i.BusFault_Handler) for BusFault_Handler
    startup_stm32l152xd.o(RESET) refers to stm32l1xx_it.o(i.UsageFault_Handler) for UsageFault_Handler
    startup_stm32l152xd.o(RESET) refers to stm32l1xx_it.o(i.SVC_Handler) for SVC_Handler
    startup_stm32l152xd.o(RESET) refers to stm32l1xx_it.o(i.DebugMon_Handler) for DebugMon_Handler
    startup_stm32l152xd.o(RESET) refers to stm32l1xx_it.o(i.PendSV_Handler) for PendSV_Handler
    startup_stm32l152xd.o(RESET) refers to stm32l1xx_it.o(i.SysTick_Handler) for SysTick_Handler
    startup_stm32l152xd.o(RESET) refers to stm32l1xx_it.o(i.DMA1_Channel1_IRQHandler) for DMA1_Channel1_IRQHandler
    startup_stm32l152xd.o(RESET) refers to stm32l1xx_it.o(i.DMA1_Channel5_IRQHandler) for DMA1_Channel5_IRQHandler
    startup_stm32l152xd.o(RESET) refers to stm32l1xx_it.o(i.EXTI9_5_IRQHandler) for EXTI9_5_IRQHandler
    startup_stm32l152xd.o(RESET) refers to stm32l1xx_it.o(i.EXTI15_10_IRQHandler) for EXTI15_10_IRQHandler
    startup_stm32l152xd.o(.text) refers to system_stm32l1xx.o(i.SystemInit) for SystemInit
    startup_stm32l152xd.o(.text) refers to entry.o(.ARM.Collect$$$$00000000) for __main
    stm32l1xx_it.o(i.DMA1_Channel1_IRQHandler) refers to stm32l1xx_hal_dma.o(i.HAL_DMA_IRQHandler) for HAL_DMA_IRQHandler
    stm32l1xx_it.o(i.DMA1_Channel1_IRQHandler) refers to stm32l152d_eval_audio.o(.bss) for hAudioInAdc
    stm32l1xx_it.o(i.DMA1_Channel5_IRQHandler) refers to stm32l1xx_hal_dma.o(i.HAL_DMA_IRQHandler) for HAL_DMA_IRQHandler
    stm32l1xx_it.o(i.DMA1_Channel5_IRQHandler) refers to stm32l152d_eval_audio.o(.bss) for hAudioOutI2s
    stm32l1xx_it.o(i.EXTI15_10_IRQHandler) refers to stm32l1xx_hal_gpio.o(i.HAL_GPIO_EXTI_IRQHandler) for HAL_GPIO_EXTI_IRQHandler
    stm32l1xx_it.o(i.EXTI9_5_IRQHandler) refers to stm32l1xx_hal_gpio.o(i.HAL_GPIO_EXTI_IRQHandler) for HAL_GPIO_EXTI_IRQHandler
    stm32l1xx_it.o(i.SysTick_Handler) refers to stm32l1xx_hal.o(i.HAL_IncTick) for HAL_IncTick
    stm32l1xx_it.o(i.SysTick_Handler) refers to main.o(i.Toggle_Leds) for Toggle_Leds
    nor.o(i.NOR_SetHint) refers to stm32l152d_eval_lcd.o(i.BSP_LCD_Clear) for BSP_LCD_Clear
    nor.o(i.NOR_SetHint) refers to stm32l152d_eval_lcd.o(i.BSP_LCD_SetTextColor) for BSP_LCD_SetTextColor
    nor.o(i.NOR_SetHint) refers to stm32l152d_eval_lcd.o(i.BSP_LCD_GetXSize) for BSP_LCD_GetXSize
    nor.o(i.NOR_SetHint) refers to stm32l152d_eval_lcd.o(i.BSP_LCD_FillRect) for BSP_LCD_FillRect
    nor.o(i.NOR_SetHint) refers to stm32l152d_eval_lcd.o(i.BSP_LCD_SetBackColor) for BSP_LCD_SetBackColor
    nor.o(i.NOR_SetHint) refers to stm32l152d_eval_lcd.o(i.BSP_LCD_SetFont) for BSP_LCD_SetFont
    nor.o(i.NOR_SetHint) refers to stm32l152d_eval_lcd.o(i.BSP_LCD_DisplayStringAt) for BSP_LCD_DisplayStringAt
    nor.o(i.NOR_SetHint) refers to stm32l152d_eval_lcd.o(i.BSP_LCD_GetYSize) for BSP_LCD_GetYSize
    nor.o(i.NOR_SetHint) refers to stm32l152d_eval_lcd.o(i.BSP_LCD_DrawRect) for BSP_LCD_DrawRect
    nor.o(i.NOR_SetHint) refers to stm32l152d_eval_lcd.o(.data) for Font24
    nor.o(i.NOR_SetHint) refers to stm32l152d_eval_lcd.o(.data) for Font12
    nor.o(i.NOR_demo) refers to nor.o(i.NOR_SetHint) for NOR_SetHint
    nor.o(i.NOR_demo) refers to stm32l152d_eval_lcd.o(i.BSP_LCD_DisplayOff) for BSP_LCD_DisplayOff
    nor.o(i.NOR_demo) refers to stm32l152d_eval_nor.o(i.BSP_NOR_Init) for BSP_NOR_Init
    nor.o(i.NOR_demo) refers to stm32l152d_eval_nor.o(i.BSP_NOR_Read_ID) for BSP_NOR_Read_ID
    nor.o(i.NOR_demo) refers to stm32l152d_eval_nor.o(i.BSP_NOR_ReturnToReadMode) for BSP_NOR_ReturnToReadMode
    nor.o(i.NOR_demo) refers to stm32l152d_eval_nor.o(i.BSP_NOR_Erase_Block) for BSP_NOR_Erase_Block
    nor.o(i.NOR_demo) refers to stm32l152d_eval_nor.o(i.BSP_NOR_WriteData) for BSP_NOR_WriteData
    nor.o(i.NOR_demo) refers to stm32l152d_eval_nor.o(i.BSP_NOR_ReadData) for BSP_NOR_ReadData
    nor.o(i.NOR_demo) refers to stm32l152d_eval_lcd.o(i.BSP_LCD_DisplayOn) for BSP_LCD_DisplayOn
    nor.o(i.NOR_demo) refers to stm32l152d_eval_lcd.o(i.BSP_LCD_DisplayStringAt) for BSP_LCD_DisplayStringAt
    nor.o(i.NOR_demo) refers to main.o(i.CheckForUserInput) for CheckForUserInput
    nor.o(i.NOR_demo) refers to nor.o(.data) for .data
    nor.o(i.NOR_demo) refers to nor.o(.bss) for .bss
[...]
    BSP_LED_Off                              0x08001d91   Thumb Code    18  stm32l152d_eval.o(i.BSP_LED_Off)
    BSP_LED_On                               0x08001dad   Thumb Code    18  stm32l152d_eval.o(i.BSP_LED_On)
    BSP_LED_Toggle                           0x08001dc9   Thumb Code    16  stm32l152d_eval.o(i.BSP_LED_Toggle)
    BSP_NOR_Erase_Block                      0x08001de1   Thumb Code    36  stm32l152d_eval_nor.o(i.BSP_NOR_Erase_Block)
    BSP_NOR_Init                             0x08001e09   Thumb Code   102  stm32l152d_eval_nor.o(i.BSP_NOR_Init)
    BSP_NOR_ReadData                         0x08001e79   Thumb Code    24  stm32l152d_eval_nor.o(i.BSP_NOR_ReadData)
    BSP_NOR_Read_ID                          0x08001e95   Thumb Code    18  stm32l152d_eval_nor.o(i.BSP_NOR_Read_ID)
    BSP_NOR_ReturnToReadMode                 0x08001ead   Thumb Code     6  stm32l152d_eval_nor.o(i.BSP_NOR_ReturnToReadMode)
    BSP_NOR_WriteData                        0x08001eb9   Thumb Code    64  stm32l152d_eval_nor.o(i.BSP_NOR_WriteData)
    BSP_PB_GetState                          0x08001efd   Thumb Code    16  stm32l152d_eval.o(i.BSP_PB_GetState)
    BSP_PB_Init                              0x08001f15   Thumb Code   156  stm32l152d_eval.o(i.BSP_PB_Init)
    BSP_SD_Erase                             0x08001fc5   Thumb Code    24  stm32l152d_eval_sd.o(i.BSP_SD_Erase)
    BSP_SD_GetCardInfo                       0x08001fe1   Thumb Code     8  stm32l152d_eval_sd.o(i.BSP_SD_GetCardInfo)
    BSP_SD_GetStatus                         0x08001fed   Thumb Code     6  stm32l152d_eval_sd.o(i.BSP_SD_GetStatus)
    BSP_SD_Init                              0x08001ff9   Thumb Code    74  stm32l152d_eval_sd.o(i.BSP_SD_Init)
    BSP_SD_IsDetected                        0x0800204d   Thumb Code    30  stm32l152d_eval_sd.o(i.BSP_SD_IsDetected)
    BSP_SD_ReadBlocks                        0x08002071   Thumb Code    26  stm32l152d_eval_sd.o(i.BSP_SD_ReadBlocks)
    BSP_SD_WriteBlocks                       0x08002091   Thumb Code    26  stm32l152d_eval_sd.o(i.BSP_SD_WriteBlocks)
    BSP_SRAM_Init                            0x080020b1   Thumb Code    94  stm32l152d_eval_sram.o(i.BSP_SRAM_Init)
    BSP_SRAM_ReadData                        0x08002119   Thumb Code    22  stm32l152d_eval_sram.o(i.BSP_SRAM_ReadData)
    BSP_SRAM_WriteData                       0x08002135   Thumb Code    22  stm32l152d_eval_sram.o(i.BSP_SRAM_WriteData)
    BSP_TSENSOR_Init                         0x08002151   Thumb Code    86  stm32l152d_eval_tsensor.o(i.BSP_TSENSOR_Init)
    BSP_TSENSOR_ReadTemp                     0x080021b1   Thumb Code    10  stm32l152d_eval_tsensor.o(i.BSP_TSENSOR_ReadTemp)
    BusFault_Handler                         0x080021c1   Thumb Code     2  stm32l1xx_it.o(i.BusFault_Handler)
    CheckForUserInput                        0x080021cd   Thumb Code    30  main.o(i.CheckForUserInput)
    DMA1_Channel1_IRQHandler                 0x080021ed   Thumb Code     8  stm32l1xx_it.o(i.DMA1_Channel1_IRQHandler)
    DMA1_Channel5_IRQHandler                 0x080021f9   Thumb Code     8  stm32l1xx_it.o(i.DMA1_Channel5_IRQHandler)
    DebugMon_Handler                         0x0800222f   Thumb Code     2  stm32l1xx_it.o(i.DebugMon_Handler)
    EEPROM_I2C_IO_Init                       0x08002399   Thumb Code     4  stm32l152d_eval.o(i.EEPROM_I2C_IO_Init)
    EEPROM_I2C_IO_IsDeviceReady              0x0800239d   Thumb Code     4  stm32l152d_eval.o(i.EEPROM_I2C_IO_IsDeviceReady)
    EEPROM_I2C_IO_ReadData                   0x080023a1   Thumb Code    18  stm32l152d_eval.o(i.EEPROM_I2C_IO_ReadData)
    EEPROM_I2C_IO_WriteData                  0x080023b3   Thumb Code    18  stm32l152d_eval.o(i.EEPROM_I2C_IO_WriteData)
    EEPROM_SPI_IO_Init                       0x08002449   Thumb Code    72  stm32l152d_eval.o(i.EEPROM_SPI_IO_Init)
    EEPROM_SPI_IO_ReadData                   0x08002499   Thumb Code    72  stm32l152d_eval.o(i.EEPROM_SPI_IO_ReadData)
    EEPROM_SPI_IO_WaitEepromStandbyState     0x080024e5   Thumb Code    58  stm32l152d_eval.o(i.EEPROM_SPI_IO_WaitEepromStandbyState)
    EEPROM_SPI_IO_WriteData                  0x08002525   Thumb Code   126  stm32l152d_eval.o(i.EEPROM_SPI_IO_WriteData)
    EEPROM_demo                              0x08002a91   Thumb Code   104  eeprom.o(i.EEPROM_demo)
    EXTI15_10_IRQHandler                     0x08002b25   Thumb Code    22  stm32l1xx_it.o(i.EXTI15_10_IRQHandler)
    EXTI9_5_IRQHandler                       0x08002b3b   Thumb Code     8  stm32l1xx_it.o(i.EXTI9_5_IRQHandler)
    Error_Handler                            0x08002b43   Thumb Code     8  main.o(i.Error_Handler)
    FSMC_NORSRAM_Extended_Timing_Init        0x08002c71   Thumb Code    94  stm32l1xx_ll_fsmc.o(i.FSMC_NORSRAM_Extended_Timing_Init)
    FSMC_NORSRAM_Init                        0x08002cd5   Thumb Code   148  stm32l1xx_ll_fsmc.o(i.FSMC_NORSRAM_Init)
    FSMC_NORSRAM_Timing_Init                 0x08002d6d   Thumb Code   118  stm32l1xx_ll_fsmc.o(i.FSMC_NORSRAM_Timing_Init)
    HAL_ADC_ConfigChannel                    0x08002de5   Thumb Code   334  stm32l1xx_hal_adc.o(i.HAL_ADC_ConfigChannel)
    HAL_ADC_ConvCpltCallback                 0x08002f41   Thumb Code     8  stm32l152d_eval_audio.o(i.HAL_ADC_ConvCpltCallback)
    HAL_ADC_ConvHalfCpltCallback             0x08002f49   Thumb Code     8  stm32l152d_eval_audio.o(i.HAL_ADC_ConvHalfCpltCallback)
    HAL_ADC_DeInit                           0x08002f51   Thumb Code   250  stm32l1xx_hal_adc.o(i.HAL_ADC_DeInit)
    HAL_ADC_ErrorCallback                    0x08003059   Thumb Code     2  stm32l1xx_hal_adc.o(i.HAL_ADC_ErrorCallback)
    HAL_ADC_Init                             0x0800305d   Thumb Code   390  stm32l1xx_hal_adc.o(i.HAL_ADC_Init)
    HAL_ADC_MspDeInit                        0x080031f9   Thumb Code     2  stm32l1xx_hal_adc.o(i.HAL_ADC_MspDeInit)
    HAL_ADC_MspInit                          0x080031fb   Thumb Code     2  stm32l1xx_hal_adc.o(i.HAL_ADC_MspInit)
    HAL_ADC_Start_DMA                        0x080031fd   Thumb Code   184  stm32l1xx_hal_adc.o(i.HAL_ADC_Start_DMA)
    HAL_ADC_Stop_DMA                         0x080032c1   Thumb Code    86  stm32l1xx_hal_adc.o(i.HAL_ADC_Stop_DMA)
    HAL_DMA_Abort                            0x08003317   Thumb Code    48  stm32l1xx_hal_dma.o(i.HAL_DMA_Abort)
    HAL_DMA_DeInit                           0x08003349   Thumb Code   104  stm32l1xx_hal_dma.o(i.HAL_DMA_DeInit)
    HAL_DMA_IRQHandler                       0x080033bd   Thumb Code   168  stm32l1xx_hal_dma.o(i.HAL_DMA_IRQHandler)
    HAL_DMA_Init                             0x08003465   Thumb Code   120  stm32l1xx_hal_dma.o(i.HAL_DMA_Init)
    HAL_DMA_Start_IT                         0x080034e9   Thumb Code   112  stm32l1xx_hal_dma.o(i.HAL_DMA_Start_IT)
    HAL_Delay                                0x08003559   Thumb Code    22  stm32l1xx_hal.o(i.HAL_Delay)
    HAL_GPIO_EXTI_Callback                   0x08003571   Thumb Code   110  main.o(i.HAL_GPIO_EXTI_Callback)
    HAL_GPIO_EXTI_IRQHandler                 0x080035e9   Thumb Code    18  stm32l1xx_hal_gpio.o(i.HAL_GPIO_EXTI_IRQHandler)
    HAL_GPIO_Init                            0x08003601   Thumb Code   392  stm32l1xx_hal_gpio.o(i.HAL_GPIO_Init)
    HAL_GPIO_ReadPin                         0x080037b1   Thumb Code    10  stm32l1xx_hal_gpio.o(i.HAL_GPIO_ReadPin)
    HAL_GPIO_TogglePin                       0x080037bb   Thumb Code     8  stm32l1xx_hal_gpio.o(i.HAL_GPIO_TogglePin)
    HAL_GPIO_WritePin                        0x080037c3   Thumb Code    10  stm32l1xx_hal_gpio.o(i.HAL_GPIO_WritePin)
    HAL_GetTick                              0x080037cd   Thumb Code     6  stm32l1xx_hal.o(i.HAL_GetTick)
    HAL_I2C_DeInit                           0x080037d9   Thumb Code    50  stm32l1xx_hal_i2c.o(i.HAL_I2C_DeInit)
    HAL_I2C_GetState                         0x0800380b   Thumb Code     6  stm32l1xx_hal_i2c.o(i.HAL_I2C_GetState)
    HAL_I2C_Init                             0x08003811   Thumb Code   312  stm32l1xx_hal_i2c.o(i.HAL_I2C_Init)
    HAL_I2C_IsDeviceReady                    0x08003955   Thumb Code   340  stm32l1xx_hal_i2c.o(i.HAL_I2C_IsDeviceReady)
    HAL_I2C_Mem_Read                         0x08003aad   Thumb Code   558  stm32l1xx_hal_i2c.o(i.HAL_I2C_Mem_Read)
    HAL_I2C_Mem_Write                        0x08003ce5   Thumb Code   320  stm32l1xx_hal_i2c.o(i.HAL_I2C_Mem_Write)
    HAL_I2C_MspDeInit                        0x08003e29   Thumb Code     2  stm32l1xx_hal_i2c.o(i.HAL_I2C_MspDeInit)
    HAL_I2C_MspInit                          0x08003e2b   Thumb Code     2  stm32l1xx_hal_i2c.o(i.HAL_I2C_MspInit)
    HAL_I2S_DMAPause                         0x08003e2d   Thumb Code    66  stm32l1xx_hal_i2s.o(i.HAL_I2S_DMAPause)
    HAL_I2S_DMAResume                        0x08003e6f   Thumb Code    82  stm32l1xx_hal_i2s.o(i.HAL_I2S_DMAResume)
    HAL_I2S_DMAStop                          0x08003ec1   Thumb Code   104  stm32l1xx_hal_i2s.o(i.HAL_I2S_DMAStop)
    HAL_I2S_ErrorCallback                    0x08003f29   Thumb Code    16  stm32l152d_eval_audio.o(i.HAL_I2S_ErrorCallback)
    HAL_I2S_GetState                         0x08003f3d   Thumb Code     6  stm32l1xx_hal_i2s.o(i.HAL_I2S_GetState)
    HAL_I2S_Init                             0x08003f43   Thumb Code   184  stm32l1xx_hal_i2s.o(i.HAL_I2S_Init)
    HAL_I2S_MspInit                          0x08003ffb   Thumb Code     2  stm32l1xx_hal_i2s.o(i.HAL_I2S_MspInit)
    HAL_I2S_Transmit_DMA                     0x08003ffd   Thumb Code   166  stm32l1xx_hal_i2s.o(i.HAL_I2S_Transmit_DMA)
    HAL_I2S_TxCpltCallback                   0x080040b1   Thumb Code    16  stm32l152d_eval_audio.o(i.HAL_I2S_TxCpltCallback)
    HAL_I2S_TxHalfCpltCallback               0x080040c5   Thumb Code    16  stm32l152d_eval_audio.o(i.HAL_I2S_TxHalfCpltCallback)
    HAL_IncTick                              0x080040d9   Thumb Code    10  stm32l1xx_hal.o(i.HAL_IncTick)
    HAL_Init                                 0x080040e9   Thumb Code    40  stm32l1xx_hal.o(i.HAL_Init)
    HAL_InitTick                             0x08004115   Thumb Code    34  stm32l1xx_hal.o(i.HAL_InitTick)
    HAL_MspInit                              0x0800413d   Thumb Code     2  stm32l1xx_hal.o(i.HAL_MspInit)
    HAL_NOR_Erase_Block                      0x08004141   Thumb Code   200  stm32l1xx_hal_nor.o(i.HAL_NOR_Erase_Block)
    HAL_NOR_GetStatus                        0x0800420d   Thumb Code   102  stm32l1xx_hal_nor.o(i.HAL_NOR_GetStatus)
    HAL_NOR_Init                             0x08004275   Thumb Code   108  stm32l1xx_hal_nor.o(i.HAL_NOR_Init)
    HAL_NOR_MspInit                          0x080042e5   Thumb Code     2  stm32l1xx_hal_nor.o(i.HAL_NOR_MspInit)
    HAL_NOR_MspWait                          0x080042e9   Thumb Code    48  stm32l152d_eval_nor.o(i.HAL_NOR_MspWait)
    HAL_NOR_Program                          0x0800431d   Thumb Code   148  stm32l1xx_hal_nor.o(i.HAL_NOR_Program)
    HAL_NOR_ReadBuffer                       0x080043b5   Thumb Code   152  stm32l1xx_hal_nor.o(i.HAL_NOR_ReadBuffer)
    HAL_NOR_Read_ID                          0x08004451   Thumb Code   206  stm32l1xx_hal_nor.o(i.HAL_NOR_Read_ID)
    HAL_NOR_ReturnToReadMode                 0x08004525   Thumb Code    78  stm32l1xx_hal_nor.o(i.HAL_NOR_ReturnToReadMode)
    HAL_NVIC_EnableIRQ                       0x08004573   Thumb Code    22  stm32l1xx_hal_cortex.o(i.HAL_NVIC_EnableIRQ)
    HAL_NVIC_SetPriority                     0x08004589   Thumb Code    60  stm32l1xx_hal_cortex.o(i.HAL_NVIC_SetPriority)
    HAL_NVIC_SetPriorityGrouping             0x080045c9   Thumb Code    26  stm32l1xx_hal_cortex.o(i.HAL_NVIC_SetPriorityGrouping)
    HAL_OPAMP_GetState                       0x080045ed   Thumb Code    10  stm32l1xx_hal_opamp.o(i.HAL_OPAMP_GetState)
    HAL_OPAMP_Init                           0x080045f9   Thumb Code   828  stm32l1xx_hal_opamp.o(i.HAL_OPAMP_Init)
    HAL_OPAMP_MspInit                        0x08004939   Thumb Code     2  stm32l1xx_hal_opamp.o(i.HAL_OPAMP_MspInit)
    HAL_OPAMP_Start                          0x0800493d   Thumb Code    74  stm32l1xx_hal_opamp.o(i.HAL_OPAMP_Start)
    HAL_OPAMP_Stop                           0x0800498d   Thumb Code    82  stm32l1xx_hal_opamp.o(i.HAL_OPAMP_Stop)
    HAL_PWREx_GetVoltageRange                0x080049e5   Thumb Code    10  stm32l1xx_hal_pwr_ex.o(i.HAL_PWREx_GetVoltageRange)
    HAL_RCC_ClockConfig                      0x080049f5   Thumb Code   450  stm32l1xx_hal_rcc.o(i.HAL_RCC_ClockConfig)
    HAL_RCC_GetOscConfig                     0x08004bc9   Thumb Code   204  stm32l1xx_hal_rcc.o(i.HAL_RCC_GetOscConfig)
    HAL_RCC_GetPCLK1Freq                     0x08004c99   Thumb Code    34  stm32l1xx_hal_rcc.o(i.HAL_RCC_GetPCLK1Freq)
    HAL_RCC_GetSysClockFreq                  0x08004cc9   Thumb Code   122  stm32l1xx_hal_rcc.o(i.HAL_RCC_GetSysClockFreq)
    HAL_RCC_OscConfig                        0x08004d55   Thumb Code  1860  stm32l1xx_hal_rcc.o(i.HAL_RCC_OscConfig)
    HAL_SD_Erase                             0x080054a5   Thumb Code   244  stm32l1xx_hal_sd.o(i.HAL_SD_Erase)
    HAL_SD_GetStatus                         0x0800559d   Thumb Code    78  stm32l1xx_hal_sd.o(i.HAL_SD_GetStatus)
    HAL_SD_Get_CardInfo                      0x080055eb   Thumb Code   696  stm32l1xx_hal_sd.o(i.HAL_SD_Get_CardInfo)
    HAL_SD_Init                              0x080058a3   Thumb Code   158  stm32l1xx_hal_sd.o(i.HAL_SD_Init)
    HAL_SD_MspInit                           0x08005941   Thumb Code     2  stm32l1xx_hal_sd.o(i.HAL_SD_MspInit)
    HAL_SD_ReadBlocks                        0x08005943   Thumb Code   380  stm32l1xx_hal_sd.o(i.HAL_SD_ReadBlocks)
    HAL_SD_StopTransfer                      0x08005abf   Thumb Code    44  stm32l1xx_hal_sd.o(i.HAL_SD_StopTransfer)
    HAL_SD_WideBusOperation_Config           0x08005aeb   Thumb Code    90  stm32l1xx_hal_sd.o(i.HAL_SD_WideBusOperation_Config)
    HAL_SD_WriteBlocks                       0x08005b45   Thumb Code   472  stm32l1xx_hal_sd.o(i.HAL_SD_WriteBlocks)
    HAL_SPI_DeInit                           0x08005d1d   Thumb Code    40  stm32l1xx_hal_spi.o(i.HAL_SPI_DeInit)
    HAL_SPI_Init                             0x08005d45   Thumb Code   132  stm32l1xx_hal_spi_ex.o(i.HAL_SPI_Init)
    HAL_SPI_MspDeInit                        0x08005dc9   Thumb Code     2  stm32l1xx_hal_spi.o(i.HAL_SPI_MspDeInit)
    HAL_SPI_MspInit                          0x08005dcb   Thumb Code     2  stm32l1xx_hal_spi.o(i.HAL_SPI_MspInit)
    HAL_SPI_Transmit                         0x08005dcd   Thumb Code   322  stm32l1xx_hal_spi.o(i.HAL_SPI_Transmit)
    HAL_SPI_TransmitReceive                  0x08005f0f   Thumb Code   690  stm32l1xx_hal_spi.o(i.HAL_SPI_TransmitReceive)
    HAL_SRAM_Init                            0x080061c1   Thumb Code    86  stm32l1xx_hal_sram.o(i.HAL_SRAM_Init)
    HAL_SRAM_MspInit                         0x08006217   Thumb Code     2  stm32l1xx_hal_sram.o(i.HAL_SRAM_MspInit)
    HAL_SRAM_Read_16b                        0x08006219   Thumb Code    54  stm32l1xx_hal_sram.o(i.HAL_SRAM_Read_16b)
    HAL_SRAM_Write_16b                       0x0800624f   Thumb Code    66  stm32l1xx_hal_sram.o(i.HAL_SRAM_Write_16b)
    HAL_SYSTICK_Config                       0x08006291   Thumb Code    40  stm32l1xx_hal_cortex.o(i.HAL_SYSTICK_Config)
    HAL_TIMEx_MasterConfigSynchronization    0x080062b9   Thumb Code    80  stm32l1xx_hal_tim_ex.o(i.HAL_TIMEx_MasterConfigSynchronization)
    HAL_TIM_Base_Init                        0x08006309   Thumb Code    54  stm32l1xx_hal_tim.o(i.HAL_TIM_Base_Init)
    HAL_TIM_Base_MspInit                     0x0800633f   Thumb Code     2  stm32l1xx_hal_tim.o(i.HAL_TIM_Base_MspInit)
    HAL_TIM_Base_Start                       0x08006341   Thumb Code    26  stm32l1xx_hal_tim.o(i.HAL_TIM_Base_Start)
    HAL_TIM_Base_Stop                        0x0800635b   Thumb Code    36  stm32l1xx_hal_tim.o(i.HAL_TIM_Base_Stop)
    HardFault_Handler                        0x0800637f   Thumb Code     2  stm32l1xx_it.o(i.HardFault_Handler)
    Joystick_demo                            0x08006b45   Thumb Code   202  joystick.o(i.Joystick_demo)
    LCD_Delay                                0x08006c15   Thumb Code     4  stm32l152d_eval.o(i.LCD_Delay)
    LCD_IO_Init                              0x08006d1d   Thumb Code     4  stm32l152d_eval.o(i.LCD_IO_Init)
    LCD_IO_ReadData                          0x08006d21   Thumb Code    12  stm32l152d_eval.o(i.LCD_IO_ReadData)
    LCD_IO_WriteMultipleData                 0x08006d2d   Thumb Code    36  stm32l152d_eval.o(i.LCD_IO_WriteMultipleData)
    LCD_IO_WriteReg                          0x08006d51   Thumb Code     8  stm32l152d_eval.o(i.LCD_IO_WriteReg)
    LCD_LOG_ClearTextZone                    0x08006d59   Thumb Code    26  lcd_log.o(i.LCD_LOG_ClearTextZone)
    LCD_LOG_DeInit                           0x08006d75   Thumb Code    32  lcd_log.o(i.LCD_LOG_DeInit)
    LCD_LOG_Init                             0x08006d99   Thumb Code    18  lcd_log.o(i.LCD_LOG_Init)
    LCD_LOG_ScrollBack                       0x08006dad   Thumb Code   124  lcd_log.o(i.LCD_LOG_ScrollBack)
    LCD_LOG_ScrollForward                    0x08006e2d   Thumb Code    92  lcd_log.o(i.LCD_LOG_ScrollForward)
    LCD_LOG_SetFooter                        0x08006e8d   Thumb Code   106  lcd_log.o(i.LCD_LOG_SetFooter)
    LCD_LOG_SetHeader                        0x08006efd   Thumb Code    90  lcd_log.o(i.LCD_LOG_SetHeader)
    LCD_LOG_UpdateDisplay                    0x08006f61   Thumb Code   128  lcd_log.o(i.LCD_LOG_UpdateDisplay)
    LCD_demo                                 0x080073d9   Thumb Code    48  lcd.o(i.LCD_demo)
    Log_demo                                 0x0800740d   Thumb Code   132  log.o(i.Log_demo)
    MemManage_Handler                        0x080074d5   Thumb Code     2  stm32l1xx_it.o(i.MemManage_Handler)
    NMI_Handler                              0x080074d7   Thumb Code     2  stm32l1xx_it.o(i.NMI_Handler)
    NOR_demo                                 0x08007685   Thumb Code   386  nor.o(i.NOR_demo)
    PendSV_Handler                           0x0800792d   Thumb Code     2  stm32l1xx_it.o(i.PendSV_Handler)
    SDIO_DataConfig                          0x080079a9   Thumb Code    36  stm32l1xx_ll_sdmmc.o(i.SDIO_DataConfig)
    SDIO_GetCommandResponse                  0x080079cd   Thumb Code     6  stm32l1xx_ll_sdmmc.o(i.SDIO_GetCommandResponse)
    SDIO_GetPowerState                       0x080079d3   Thumb Code     8  stm32l1xx_ll_sdmmc.o(i.SDIO_GetPowerState)
    SDIO_GetResponse                         0x080079dd   Thumb Code    12  stm32l1xx_ll_sdmmc.o(i.SDIO_GetResponse)
    SDIO_Init                                0x080079ed   Thumb Code    36  stm32l1xx_ll_sdmmc.o(i.SDIO_Init)
    SDIO_PowerState_ON                       0x08007a11   Thumb Code     8  stm32l1xx_ll_sdmmc.o(i.SDIO_PowerState_ON)
    SDIO_ReadFIFO                            0x08007a19   Thumb Code     6  stm32l1xx_ll_sdmmc.o(i.SDIO_ReadFIFO)
    SDIO_SendCommand                         0x08007a1f   Thumb Code    32  stm32l1xx_ll_sdmmc.o(i.SDIO_SendCommand)
    SDIO_WriteFIFO                           0x08007a3f   Thumb Code    10  stm32l1xx_ll_sdmmc.o(i.SDIO_WriteFIFO)
    SD_demo                                  0x08008389   Thumb Code   486  sd.o(i.SD_demo)
    SRAM_demo                                0x08008a71   Thumb Code   270  sram.o(i.SRAM_demo)
    STLM75_Init                              0x08008c59   Thumb Code    84  stlm75.o(i.STLM75_Init)
    STLM75_IsReady                           0x08008cad   Thumb Code    22  stlm75.o(i.STLM75_IsReady)
    STLM75_ReadStatus                        0x08008cc3   Thumb Code    24  stlm75.o(i.STLM75_ReadStatus)
    STLM75_ReadTemp                          0x08008cdb   Thumb Code    36  stlm75.o(i.STLM75_ReadTemp)
    SVC_Handler                              0x08008cff   Thumb Code     2  stm32l1xx_it.o(i.SVC_Handler)
    SysTick_Handler                          0x08008d01   Thumb Code    14  stm32l1xx_it.o(i.SysTick_Handler)
    SystemInit                               0x08008d99   Thumb Code    62  system_stm32l1xx.o(i.SystemInit)
    TSENSOR_IO_Init                          0x08008f35   Thumb Code     4  stm32l152d_eval.o(i.TSENSOR_IO_Init)
    TSENSOR_IO_IsDeviceReady                 0x08008f39   Thumb Code     4  stm32l152d_eval.o(i.TSENSOR_IO_IsDeviceReady)
    TSENSOR_IO_Read                          0x08008f3d   Thumb Code    18  stm32l152d_eval.o(i.TSENSOR_IO_Read)
    TSENSOR_IO_Write                         0x08008f4f   Thumb Code    18  stm32l152d_eval.o(i.TSENSOR_IO_Write)
    TSENSOR_demo                             0x08009049   Thumb Code   166  temperature_sensor.o(i.TSENSOR_demo)
    Toggle_Leds                              0x08009129   Thumb Code    26  main.o(i.Toggle_Leds)
    UsageFault_Handler                       0x08009149   Thumb Code     2  stm32l1xx_it.o(i.UsageFault_Handler)
    __0printf$4                              0x0800914d   Thumb Code    22  printf4.o(i.__0printf$4)
    __1printf$4                              0x0800914d   Thumb Code     0  printf4.o(i.__0printf$4)
    __2printf                                0x0800914d   Thumb Code     0  printf4.o(i.__0printf$4)
    __0snprintf$4                            0x0800916d   Thumb Code    36  printf4.o(i.__0snprintf$4)
    __1snprintf$4                            0x0800916d   Thumb Code     0  printf4.o(i.__0snprintf$4)
    __2snprintf                              0x0800916d   Thumb Code     0  printf4.o(i.__0snprintf$4)
    __0sprintf$4                             0x08009195   Thumb Code    34  printf4.o(i.__0sprintf$4)
    __1sprintf$4                             0x08009195   Thumb Code     0  printf4.o(i.__0sprintf$4)
    __2sprintf                               0x08009195   Thumb Code     0  printf4.o(i.__0sprintf$4)
    __scatterload_copy                       0x080091bd   Thumb Code    14  handlers.o(i.__scatterload_copy)
    __scatterload_null                       0x080091cb   Thumb Code     2  handlers.o(i.__scatterload_null)
    __scatterload_zeroinit                   0x080091cd   Thumb Code    14  handlers.o(i.__scatterload_zeroinit)
    cs43l22_DeInit                           0x08009429   Thumb Code     4  cs43l22.o(i.cs43l22_DeInit)
    cs43l22_Init                             0x0800942d   Thumb Code   220  cs43l22.o(i.cs43l22_Init)
    cs43l22_Pause                            0x0800950d   Thumb Code    26  cs43l22.o(i.cs43l22_Pause)
    cs43l22_Play                             0x08009529   Thumb Code    54  cs43l22.o(i.cs43l22_Play)
    cs43l22_ReadID                           0x08009565   Thumb Code    22  cs43l22.o(i.cs43l22_ReadID)
    cs43l22_Reset                            0x0800957b   Thumb Code     4  cs43l22.o(i.cs43l22_Reset)
    cs43l22_Resume                           0x08009581   Thumb Code    56  cs43l22.o(i.cs43l22_Resume)
    cs43l22_SetFrequency                     0x080095bd   Thumb Code     4  cs43l22.o(i.cs43l22_SetFrequency)
    cs43l22_SetMute                          0x080095c1   Thumb Code    78  cs43l22.o(i.cs43l22_SetMute)
    cs43l22_SetOutputMode                    0x08009615   Thumb Code    76  cs43l22.o(i.cs43l22_SetOutputMode)
    cs43l22_SetVolume                        0x08009665   Thumb Code    60  cs43l22.o(i.cs43l22_SetVolume)
    cs43l22_Stop                             0x080096a1   Thumb Code    44  cs43l22.o(i.cs43l22_Stop)
    fputc                                    0x080096d1   Thumb Code   252  lcd_log.o(i.fputc)
    hx8347d_DisplayOff                       0x080097d5   Thumb Code    76  hx8347d.o(i.hx8347d_DisplayOff)
    hx8347d_DisplayOn                        0x08009821   Thumb Code    82  hx8347d.o(i.hx8347d_DisplayOn)
    hx8347d_DrawBitmap                       0x08009873   Thumb Code    72  hx8347d.o(i.hx8347d_DrawBitmap)
    hx8347d_DrawHLine                        0x080098bd   Thumb Code    50  hx8347d.o(i.hx8347d_DrawHLine)
    hx8347d_DrawVLine                        0x080098f5   Thumb Code    52  hx8347d.o(i.hx8347d_DrawVLine)
    hx8347d_GetLcdPixelHeight                0x0800992d   Thumb Code     4  hx8347d.o(i.hx8347d_GetLcdPixelHeight)
    hx8347d_GetLcdPixelWidth                 0x08009931   Thumb Code     6  hx8347d.o(i.hx8347d_GetLcdPixelWidth)
    hx8347d_Init                             0x08009939   Thumb Code   540  hx8347d.o(i.hx8347d_Init)
    hx8347d_ReadID                           0x08009b59   Thumb Code    26  hx8347d.o(i.hx8347d_ReadID)
    hx8347d_ReadPixel                        0x08009b79   Thumb Code    22  hx8347d.o(i.hx8347d_ReadPixel)
    hx8347d_SetCursor                        0x08009b8f   Thumb Code    42  hx8347d.o(i.hx8347d_SetCursor)
    hx8347d_SetDisplayWindow                 0x08009bb9   Thumb Code    92  hx8347d.o(i.hx8347d_SetDisplayWindow)
    hx8347d_WritePixel                       0x08009c15   Thumb Code    22  hx8347d.o(i.hx8347d_WritePixel)
    hx8347d_WriteReg                         0x08009c2b   Thumb Code    16  hx8347d.o(i.hx8347d_WriteReg)
    ili9320_DisplayOff                       0x08009c3b   Thumb Code    54  ili9320.o(i.ili9320_DisplayOff)
    ili9320_DisplayOn                        0x08009c71   Thumb Code    96  ili9320.o(i.ili9320_DisplayOn)
    ili9320_DrawBitmap                       0x08009cd1   Thumb Code    76  ili9320.o(i.ili9320_DrawBitmap)
    ili9320_DrawHLine                        0x08009d1d   Thumb Code    52  ili9320.o(i.ili9320_DrawHLine)
    ili9320_DrawRGBImage                     0x08009d55   Thumb Code    30  ili9320.o(i.ili9320_DrawRGBImage)
    ili9320_DrawVLine                        0x08009d75   Thumb Code    78  ili9320.o(i.ili9320_DrawVLine)
    ili9320_GetLcdPixelHeight                0x08009dc9   Thumb Code     4  ili9320.o(i.ili9320_GetLcdPixelHeight)
    ili9320_GetLcdPixelWidth                 0x08009dcd   Thumb Code     6  ili9320.o(i.ili9320_GetLcdPixelWidth)
    ili9320_Init                             0x08009dd5   Thumb Code   504  ili9320.o(i.ili9320_Init)
    ili9320_ReadID                           0x08009fd1   Thumb Code    22  ili9320.o(i.ili9320_ReadID)
    ili9320_ReadPixel                        0x08009fed   Thumb Code    28  ili9320.o(i.ili9320_ReadPixel)
    ili9320_ReadReg                          0x0800a009   Thumb Code    16  ili9320.o(i.ili9320_ReadReg)
    ili9320_SetCursor                        0x0800a019   Thumb Code    28  ili9320.o(i.ili9320_SetCursor)
    ili9320_SetDisplayWindow                 0x0800a035   Thumb Code    62  ili9320.o(i.ili9320_SetDisplayWindow)
    ili9320_WritePixel                       0x0800a073   Thumb Code    22  ili9320.o(i.ili9320_WritePixel)
    ili9320_WriteReg                         0x0800a089   Thumb Code    16  ili9320.o(i.ili9320_WriteReg)
    ili9325_DisplayOff                       0x0800a099   Thumb Code    54  ili9325.o(i.ili9325_DisplayOff)
    ili9325_DisplayOn                        0x0800a0cf   Thumb Code    96  ili9325.o(i.ili9325_DisplayOn)
    ili9325_DrawBitmap                       0x0800a12f   Thumb Code    76  ili9325.o(i.ili9325_DrawBitmap)
    ili9325_DrawHLine                        0x0800a17d   Thumb Code    52  ili9325.o(i.ili9325_DrawHLine)
    ili9325_DrawRGBImage                     0x0800a1b5   Thumb Code    30  ili9325.o(i.ili9325_DrawRGBImage)
    ili9325_DrawVLine                        0x0800a1d5   Thumb Code    78  ili9325.o(i.ili9325_DrawVLine)
    ili9325_GetLcdPixelHeight                0x0800a229   Thumb Code     4  ili9325.o(i.ili9325_GetLcdPixelHeight)
    ili9325_GetLcdPixelWidth                 0x0800a22d   Thumb Code     6  ili9325.o(i.ili9325_GetLcdPixelWidth)
    ili9325_Init                             0x0800a233   Thumb Code   492  ili9325.o(i.ili9325_Init)
    ili9325_ReadID                           0x0800a41f   Thumb Code    16  ili9325.o(i.ili9325_ReadID)
    ili9325_ReadPixel                        0x0800a42f   Thumb Code    28  ili9325.o(i.ili9325_ReadPixel)
    ili9325_ReadReg                          0x0800a44b   Thumb Code    16  ili9325.o(i.ili9325_ReadReg)
    ili9325_SetCursor                        0x0800a45b   Thumb Code    28  ili9325.o(i.ili9325_SetCursor)
    ili9325_SetDisplayWindow                 0x0800a477   Thumb Code    62  ili9325.o(i.ili9325_SetDisplayWindow)
    ili9325_WritePixel                       0x0800a4b5   Thumb Code    22  ili9325.o(i.ili9325_WritePixel)
    ili9325_WriteReg                         0x0800a4cb   Thumb Code    16  ili9325.o(i.ili9325_WriteReg)
    main                                     0x0800a4dd   Thumb Code   112  main.o(i.main)
    spfd5408_DisplayOff                      0x0800a551   Thumb Code    76  spfd5408.o(i.spfd5408_DisplayOff)
    spfd5408_DisplayOn                       0x0800a59d   Thumb Code    82  spfd5408.o(i.spfd5408_DisplayOn)
    spfd5408_DrawBitmap                      0x0800a5ef   Thumb Code    76  spfd5408.o(i.spfd5408_DrawBitmap)
    spfd5408_DrawHLine                       0x0800a63d   Thumb Code    50  spfd5408.o(i.spfd5408_DrawHLine)
    spfd5408_DrawVLine                       0x0800a675   Thumb Code    78  spfd5408.o(i.spfd5408_DrawVLine)
    spfd5408_GetLcdPixelHeight               0x0800a6c9   Thumb Code     4  spfd5408.o(i.spfd5408_GetLcdPixelHeight)
    spfd5408_GetLcdPixelWidth                0x0800a6cd   Thumb Code     6  spfd5408.o(i.spfd5408_GetLcdPixelWidth)
    spfd5408_Init                            0x0800a6d5   Thumb Code   558  spfd5408.o(i.spfd5408_Init)
    spfd5408_ReadID                          0x0800a909   Thumb Code    16  spfd5408.o(i.spfd5408_ReadID)
    spfd5408_ReadPixel                       0x0800a919   Thumb Code    22  spfd5408.o(i.spfd5408_ReadPixel)
    spfd5408_SetCursor                       0x0800a92f   Thumb Code    30  spfd5408.o(i.spfd5408_SetCursor)
    spfd5408_SetDisplayWindow                0x0800a94d   Thumb Code    64  spfd5408.o(i.spfd5408_SetDisplayWindow)
    spfd5408_WritePixel                      0x0800a98d   Thumb Code    22  spfd5408.o(i.spfd5408_WritePixel)
    spfd5408_WriteReg                        0x0800a9a3   Thumb Code    16  spfd5408.o(i.spfd5408_WriteReg)
    stlogo                                   0x0800a9b2   Data        9174  main.o(.constdata)
    PLLMulTable                              0x0800cda0   Data           9  system_stm32l1xx.o(.constdata)
    AHBPrescTable                            0x0800cda9   Data          16  system_stm32l1xx.o(.constdata)
    APBPrescTable                            0x0800cdb9   Data           8  system_stm32l1xx.o(.constdata)
    Font24_Table                             0x0800cdc1   Data        6840  stm32l152d_eval_lcd.o(.constdata)
    Font20_Table                             0x0800e879   Data        3800  stm32l152d_eval_lcd.o(.constdata)
    Font16_Table                             0x0800f751   Data        3040  stm32l152d_eval_lcd.o(.constdata)
    Font12_Table                             0x08010331   Data        1140  stm32l152d_eval_lcd.o(.constdata)
    JOY_IRQn                                 0x080107a6   Data           5  stm32l152d_eval.o(.constdata)
    BUTTON_IRQn                              0x080107ab   Data           6  stm32l152d_eval.o(.constdata)
    LED_PIN                                  0x080107b2   Data           8  stm32l152d_eval.o(.constdata)
    BUTTON_PIN                               0x080107ba   Data          12  stm32l152d_eval.o(.constdata)
    JOY_PIN                                  0x080107c6   Data          10  stm32l152d_eval.o(.constdata)
    Region$$Table$$Base                      0x080107d0   Number         0  anon$$obj.o(Region$$Table)
    Region$$Table$$Limit                     0x080107f0   Number         0  anon$$obj.o(Region$$Table)
    ubIDStatus                               0x20000000   Data           1  nor.o(.data)
    ubEraseStatus                            0x20000001   Data           1  nor.o(.data)
    ubWriteStatus                            0x20000002   Data           1  nor.o(.data)
    ubReadStatus                             0x20000003   Data           1  nor.o(.data)
    ubInitStatus                             0x20000004   Data           1  nor.o(.data)
    ITCounter                                0x20000010   Data           4  audio_record.o(.data)
    AUDIODataReady                           0x20000014   Data           4  audio_record.o(.data)
    AUDIOBuffOffset                          0x20000018   Data           4  audio_record.o(.data)
    buffer_ctl                               0x2000001c   Data           8  audio_record.o(.data)
    DemoIndex                                0x20000024   Data           1  main.o(.data)
    NbLoop                                   0x20000025   Data           1  main.o(.data)
    volume                                   0x20000026   Data           1  main.o(.data)
    VolumeChange                             0x20000027   Data           1  main.o(.data)
    PauseResumeStatus                        0x2000002c   Data           4  main.o(.data)
    PressCount                               0x20000030   Data           4  main.o(.data)
    BSP_examples                             0x20000034   Data         600  main.o(.data)
    ubSramWrite                              0x2000028c   Data           1  sram.o(.data)
    ubSramRead                               0x2000028d   Data           1  sram.o(.data)
    ubSramInit                               0x2000028e   Data           1  sram.o(.data)
    AudioTest                                0x20000290   Data           4  audio_play.o(.data)
    AudioTotalSize                           0x20000294   Data           4  audio_play.o(.data)
    AudioRemSize                             0x20000298   Data           4  audio_play.o(.data)
    CurrentPos                               0x2000029c   Data           4  audio_play.o(.data)
    EepromDetected                           0x200002a2   Data           1  eeprom.o(.data)
    ili9320_drv                              0x200002b4   Data          56  ili9320.o(.data)
    spfd5408_drv                             0x200002f0   Data          56  spfd5408.o(.data)
    Stlm75Drv                                0x2000032c   Data          16  stlm75.o(.data)
    hx8347d_drv                              0x2000033c   Data          56  hx8347d.o(.data)
    cs43l22_drv                              0x20000378   Data          48  cs43l22.o(.data)
    OutputDev                                0x200003a9   Data           1  cs43l22.o(.data)
    ili9325_drv                              0x200003ac   Data          56  ili9325.o(.data)
    SystemCoreClock                          0x200003e4   Data           4  system_stm32l1xx.o(.data)
    uwTick                                   0x200003e8   Data           4  stm32l1xx_hal.o(.data)
    LCD_CacheBuffer_yptr_invert              0x200003f0   Data           1  lcd_log.o(.data)
    LCD_ScrollActive                         0x200003f1   Data           1  lcd_log.o(.data)
    LCD_Lock                                 0x200003f2   Data           1  lcd_log.o(.data)
    LCD_Scrolled                             0x200003f3   Data           1  lcd_log.o(.data)
    LCD_CacheBuffer_xptr                     0x200003f4   Data           2  lcd_log.o(.data)
    LCD_CacheBuffer_yptr_top                 0x200003f6   Data           2  lcd_log.o(.data)
    LCD_CacheBuffer_yptr_bottom              0x200003f8   Data           2  lcd_log.o(.data)
    LCD_CacheBuffer_yptr_top_bak             0x200003fa   Data           2  lcd_log.o(.data)
    LCD_CacheBuffer_yptr_bottom_bak          0x200003fc   Data           2  lcd_log.o(.data)
    LCD_ScrollBackStep                       0x200003fe   Data           2  lcd_log.o(.data)
    LCD_LineColor                            0x20000400   Data           4  lcd_log.o(.data)
    AudioInVolume                            0x20000404   Data           2  stm32l152d_eval_audio.o(.data)
    EEPROMAddress                            0x2000040c   Data           2  stm32l152d_eval_eeprom.o(.data)
    EEPROMPageSize                           0x2000040e   Data           2  stm32l152d_eval_eeprom.o(.data)
    EEPROM_I2C_Drv                           0x20000414   Data          12  stm32l152d_eval_eeprom.o(.data)
    EEPROM_SPI_Drv                           0x20000420   Data          12  stm32l152d_eval_eeprom.o(.data)
    Font24                                   0x20000434   Data           8  stm32l152d_eval_lcd.o(.data)
    Font20                                   0x2000043c   Data           8  stm32l152d_eval_lcd.o(.data)
    Font16                                   0x20000444   Data           8  stm32l152d_eval_lcd.o(.data)
    Font12                                   0x2000044c   Data           8  stm32l152d_eval_lcd.o(.data)
    TSENSORAddress                           0x20000454   Data           2  stm32l152d_eval_tsensor.o(.data)
    SpixTimeout                              0x2000045c   Data           4  stm32l152d_eval.o(.data)
    I2cxTimeout                              0x20000460   Data           4  stm32l152d_eval.o(.data)
    LED_PORT                                 0x20000464   Data          16  stm32l152d_eval.o(.data)
    BUTTON_PORT                              0x20000474   Data          24  stm32l152d_eval.o(.data)
    JOY_PORT                                 0x2000048c   Data          20  stm32l152d_eval.o(.data)
    __stdout                                 0x200004a0   Data           4  stdout.o(.data)
    nor_aTxBuffer                            0x200004a4   Data         512  nor.o(.bss)
    nor_aRxBuffer                            0x200006a4   Data         512  nor.o(.bss)
    WrBuffer                                 0x200008a4   Data        1024  audio_record.o(.bss)
    sram_aTxBuffer                           0x20000ea4   Data         512  sram.o(.bss)
    sram_aRxBuffer                           0x200010a4   Data         512  sram.o(.bss)
    aTxBuffer                                0x200012a8   Data        2560  sd.o(.bss)
    aRxBuffer                                0x20001ca8   Data        2560  sd.o(.bss)
    CardInfo                                 0x200026a8   Data          88  sd.o(.bss)
    LCD_CacheBuffer                          0x20003100   Data       15048  lcd_log.o(.bss)
    hAudioOutI2s                             0x20006c50   Data          60  stm32l152d_eval_audio.o(.bss)
    hAudioInOpamp                            0x20006c8c   Data          48  stm32l152d_eval_audio.o(.bss)
    hAudioInAdc                              0x20006cbc   Data          84  stm32l152d_eval_audio.o(.bss)
    hAudioInTim3                             0x20006d1c   Data          56  stm32l152d_eval_audio.o(.bss)
    DrawProp                                 0x200070bc   Data          12  stm32l152d_eval_lcd.o(.bss)
    uSdHandle                                0x20007150   Data          96  stm32l152d_eval_sd.o(.bss)
    heval_I2c                                0x20007360   Data          84  stm32l152d_eval.o(.bss)
    __initial_sp                             0x200077b8   Data           0  startup_stm32l152xd.o(STACK)



==============================================================================

Memory Map of the image

  Image Entry point : 0x08000125

  Load Region LR_IROM1 (Base: 0x08000000, Size: 0x00010c94, Max: 0x00060000, ABSOLUTE, COMPRESSED[0x000109d0])

    Execution Region ER_IROM1 (Base: 0x08000000, Size: 0x000107f0, Max: 0x00060000, ABSOLUTE)

    Base Addr    Size         Type   Attr      Idx    E Section Name        Object

    0x08000000   0x00000124   Data   RO            3    RESET               startup_stm32l152xd.o
    0x08000124   0x00000000   Code   RO         5814  * .ARM.Collect$$$$00000000  mc_w.l(entry.o)
    0x08000124   0x00000004   Code   RO         6090    .ARM.Collect$$$$00000001  mc_w.l(entry2.o)
    0x08000128   0x00000004   Code   RO         6093    .ARM.Collect$$$$00000004  mc_w.l(entry5.o)
    0x0800012c   0x00000000   Code   RO         6095    .ARM.Collect$$$$00000008  mc_w.l(entry7b.o)
    0x0800012c   0x00000000   Code   RO         6097    .ARM.Collect$$$$0000000A  mc_w.l(entry8b.o)
    0x0800012c   0x00000008   Code   RO         6098    .ARM.Collect$$$$0000000B  mc_w.l(entry9a.o)
    0x08000134   0x00000000   Code   RO         6100    .ARM.Collect$$$$0000000D  mc_w.l(entry10a.o)
    0x08000134   0x00000000   Code   RO         6102    .ARM.Collect$$$$0000000F  mc_w.l(entry11a.o)
    0x08000134   0x00000004   Code   RO         6091    .ARM.Collect$$$$00002712  mc_w.l(entry2.o)
    0x08000138   0x00000024   Code   RO            4    .text               startup_stm32l152xd.o
    0x0800015c   0x00000024   Code   RO         5817    .text               mc_w.l(memcpya.o)
    0x08000180   0x00000024   Code   RO         5819    .text               mc_w.l(memseta.o)
    0x080001a4   0x0000007c   Code   RO         6084    .text               mf_w.l(fdiv.o)
    0x08000220   0x00000012   Code   RO         6086    .text               mf_w.l(fflti.o)
    0x08000232   0x00000028   Code   RO         6088    .text               mf_w.l(ffixui.o)
    0x0800025a   0x00000062   Code   RO         6107    .text               mc_w.l(uldiv.o)
    0x080002bc   0x00000000   Code   RO         6109    .text               mc_w.l(iusefp.o)
    0x080002bc   0x0000006e   Code   RO         6110    .text               mf_w.l(fepilogue.o)
    0x0800032a   0x00000002   PAD
    0x0800032c   0x00000024   Code   RO         6122    .text               mc_w.l(init.o)
    0x08000350   0x0000001e   Code   RO         6124    .text               mc_w.l(llshl.o)
    0x0800036e   0x00000020   Code   RO         6126    .text               mc_w.l(llushr.o)
    0x0800038e   0x00000056   Code   RO         6140    .text               mc_w.l(__dczerorl2.o)
    0x080003e4   0x0000004c   Code   RO         4429    i.ADC_ConversionStop_Disable  stm32l1xx_hal_adc.o
    0x08000430   0x00000062   Code   RO         4430    i.ADC_DMAConvCplt   stm32l1xx_hal_adc.o
    0x08000492   0x0000001a   Code   RO         4431    i.ADC_DMAError      stm32l1xx_hal_adc.o
    0x080004ac   0x0000000a   Code   RO         4432    i.ADC_DMAHalfConvCplt  stm32l1xx_hal_adc.o
    0x080004b6   0x00000002   PAD
    0x080004b8   0x00000074   Code   RO         4433    i.ADC_Enable        stm32l1xx_hal_adc.o
    0x0800052c   0x000000cc   Code   RO         4685    i.ADCx_MspInit      stm32l152d_eval_audio.o
    0x080005f8   0x00000002   Code   RO         5524    i.AUDIO_IO_DeInit   stm32l152d_eval.o
    0x080005fa   0x00000002   PAD
    0x080005fc   0x00000068   Code   RO         5525    i.AUDIO_IO_Init     stm32l152d_eval.o
    0x08000664   0x00000034   Code   RO         5526    i.AUDIO_IO_Read     stm32l152d_eval.o
    0x08000698   0x00000030   Code   RO         5527    i.AUDIO_IO_Write    stm32l152d_eval.o
    0x080006c8   0x0000009c   Code   RO          490    i.AudioPlay_DisplayInfos  audio_play.o
    0x08000764   0x00000128   Code   RO          491    i.AudioPlay_SetHint  audio_play.o
    0x0800088c   0x0000022c   Code   RO          492    i.AudioPlay_demo    audio_play.o
    0x08000ab8   0x00000114   Code   RO          339    i.AudioRecord_SetHint  audio_record.o
    0x08000bcc   0x00000174   Code   RO          340    i.AudioRecord_demo  audio_record.o
    0x08000d40   0x0000000c   Code   RO          342    i.BSP_AUDIO_IN_HalfTransfer_CallBack  audio_record.o
    0x08000d4c   0x0000012c   Code   RO         4688    i.BSP_AUDIO_IN_Init  stm32l152d_eval_audio.o
    0x08000e78   0x0000003c   Code   RO         4690    i.BSP_AUDIO_IN_Record  stm32l152d_eval_audio.o
    0x08000eb4   0x00000030   Code   RO         4693    i.BSP_AUDIO_IN_Stop  stm32l152d_eval_audio.o
    0x08000ee4   0x0000000c   Code   RO          343    i.BSP_AUDIO_IN_TransferComplete_CallBack  audio_record.o
    0x08000ef0   0x00000010   Code   RO         4695    i.BSP_AUDIO_OUT_ChangeBuffer  stm32l152d_eval_audio.o
    0x08000f00   0x00000004   Code   RO          493    i.BSP_AUDIO_OUT_Error_CallBack  audio_play.o
    0x08000f04   0x00000002   Code   RO         4697    i.BSP_AUDIO_OUT_HalfTransfer_CallBack  stm32l152d_eval_audio.o
    0x08000f06   0x00000002   PAD
    0x08000f08   0x00000044   Code   RO         4698    i.BSP_AUDIO_OUT_Init  stm32l152d_eval_audio.o
    0x08000f4c   0x00000024   Code   RO         4699    i.BSP_AUDIO_OUT_Pause  stm32l152d_eval_audio.o
    0x08000f70   0x0000003c   Code   RO         4700    i.BSP_AUDIO_OUT_Play  stm32l152d_eval_audio.o
    0x08000fac   0x00000024   Code   RO         4701    i.BSP_AUDIO_OUT_Resume  stm32l152d_eval_audio.o
    0x08000fd0   0x0000001c   Code   RO         4705    i.BSP_AUDIO_OUT_SetVolume  stm32l152d_eval_audio.o
    0x08000fec   0x00000040   Code   RO         4706    i.BSP_AUDIO_OUT_Stop  stm32l152d_eval_audio.o
    0x0800102c   0x000000c0   Code   RO          494    i.BSP_AUDIO_OUT_TransferComplete_CallBack  audio_play.o
    0x080010ec   0x00000014   Code   RO         4887    i.BSP_EEPROM_Init   stm32l152d_eval_eeprom.o
    0x08001100   0x00000014   Code   RO         4888    i.BSP_EEPROM_ReadBuffer  stm32l152d_eval_eeprom.o
    0x08001114   0x0000001c   Code   RO         4889    i.BSP_EEPROM_SelectDevice  stm32l152d_eval_eeprom.o
    0x08001130   0x0000000c   Code   RO          571    i.BSP_EEPROM_TIMEOUT_UserCallback  eeprom.o
    0x0800113c   0x0000014c   Code   RO         4891    i.BSP_EEPROM_WriteBuffer  stm32l152d_eval_eeprom.o
    0x08001288   0x00000030   Code   RO         5529    i.BSP_JOY_GetState  stm32l152d_eval.o
    0x080012b8   0x000000b4   Code   RO         5530    i.BSP_JOY_Init      stm32l152d_eval.o
    0x0800136c   0x00000030   Code   RO         4975    i.BSP_LCD_Clear     stm32l152d_eval_lcd.o
    0x0800139c   0x0000002c   Code   RO         4976    i.BSP_LCD_ClearStringLine  stm32l152d_eval_lcd.o
    0x080013c8   0x00000028   Code   RO         4977    i.BSP_LCD_DisplayChar  stm32l152d_eval_lcd.o
    0x080013f0   0x0000000c   Code   RO         4978    i.BSP_LCD_DisplayOff  stm32l152d_eval_lcd.o
    0x080013fc   0x0000000c   Code   RO         4979    i.BSP_LCD_DisplayOn  stm32l152d_eval_lcd.o
    0x08001408   0x0000009c   Code   RO         4980    i.BSP_LCD_DisplayStringAt  stm32l152d_eval_lcd.o
    0x080014a4   0x0000001c   Code   RO         4981    i.BSP_LCD_DisplayStringAtLine  stm32l152d_eval_lcd.o
    0x080014c0   0x0000007c   Code   RO         4982    i.BSP_LCD_DrawBitmap  stm32l152d_eval_lcd.o
    0x0800153c   0x000000e4   Code   RO         4983    i.BSP_LCD_DrawCircle  stm32l152d_eval_lcd.o
    0x08001620   0x000000c4   Code   RO         4984    i.BSP_LCD_DrawEllipse  stm32l152d_eval_lcd.o
    0x080016e4   0x00000060   Code   RO         4985    i.BSP_LCD_DrawHLine  stm32l152d_eval_lcd.o
    0x08001744   0x000000bc   Code   RO         4986    i.BSP_LCD_DrawLine  stm32l152d_eval_lcd.o
    0x08001800   0x0000003a   Code   RO         4987    i.BSP_LCD_DrawPolygon  stm32l152d_eval_lcd.o
    0x0800183a   0x00000036   Code   RO         4988    i.BSP_LCD_DrawRect  stm32l152d_eval_lcd.o
    0x08001870   0x00000084   Code   RO         4989    i.BSP_LCD_DrawVLine  stm32l152d_eval_lcd.o
    0x080018f4   0x000000b0   Code   RO         4990    i.BSP_LCD_FillCircle  stm32l152d_eval_lcd.o
    0x080019a4   0x00000096   Code   RO         4991    i.BSP_LCD_FillEllipse  stm32l152d_eval_lcd.o
    0x08001a3a   0x00000002   PAD
    0x08001a3c   0x00000114   Code   RO         4992    i.BSP_LCD_FillPolygon  stm32l152d_eval_lcd.o
    0x08001b50   0x00000030   Code   RO         4993    i.BSP_LCD_FillRect  stm32l152d_eval_lcd.o
    0x08001b80   0x000000bc   Code   RO         4994    i.BSP_LCD_FillTriangle  stm32l152d_eval_lcd.o
    0x08001c3c   0x0000000c   Code   RO         4996    i.BSP_LCD_GetFont   stm32l152d_eval_lcd.o
    0x08001c48   0x0000000c   Code   RO         4998    i.BSP_LCD_GetXSize  stm32l152d_eval_lcd.o
    0x08001c54   0x0000000c   Code   RO         4999    i.BSP_LCD_GetYSize  stm32l152d_eval_lcd.o
    0x08001c60   0x0000008c   Code   RO         5000    i.BSP_LCD_Init      stm32l152d_eval_lcd.o
    0x08001cec   0x0000000c   Code   RO         5002    i.BSP_LCD_SetBackColor  stm32l152d_eval_lcd.o
    0x08001cf8   0x0000000c   Code   RO         5003    i.BSP_LCD_SetFont   stm32l152d_eval_lcd.o
    0x08001d04   0x0000000c   Code   RO         5004    i.BSP_LCD_SetTextColor  stm32l152d_eval_lcd.o
    0x08001d10   0x00000080   Code   RO         5531    i.BSP_LED_Init      stm32l152d_eval.o
    0x08001d90   0x0000001c   Code   RO         5532    i.BSP_LED_Off       stm32l152d_eval.o
    0x08001dac   0x0000001c   Code   RO         5533    i.BSP_LED_On        stm32l152d_eval.o
    0x08001dc8   0x00000018   Code   RO         5534    i.BSP_LED_Toggle    stm32l152d_eval.o
    0x08001de0   0x00000028   Code   RO         5345    i.BSP_NOR_Erase_Block  stm32l152d_eval_nor.o
    0x08001e08   0x00000070   Code   RO         5347    i.BSP_NOR_Init      stm32l152d_eval_nor.o
    0x08001e78   0x0000001c   Code   RO         5349    i.BSP_NOR_ReadData  stm32l152d_eval_nor.o
    0x08001e94   0x00000018   Code   RO         5350    i.BSP_NOR_Read_ID   stm32l152d_eval_nor.o
    0x08001eac   0x0000000c   Code   RO         5351    i.BSP_NOR_ReturnToReadMode  stm32l152d_eval_nor.o
    0x08001eb8   0x00000044   Code   RO         5352    i.BSP_NOR_WriteData  stm32l152d_eval_nor.o
    0x08001efc   0x00000018   Code   RO         5535    i.BSP_PB_GetState   stm32l152d_eval.o
    0x08001f14   0x000000b0   Code   RO         5536    i.BSP_PB_Init       stm32l152d_eval.o
    0x08001fc4   0x0000001c   Code   RO         5221    i.BSP_SD_Erase      stm32l152d_eval_sd.o
    0x08001fe0   0x0000000c   Code   RO         5222    i.BSP_SD_GetCardInfo  stm32l152d_eval_sd.o
    0x08001fec   0x0000000c   Code   RO         5223    i.BSP_SD_GetStatus  stm32l152d_eval_sd.o
    0x08001ff8   0x00000054   Code   RO         5226    i.BSP_SD_Init       stm32l152d_eval_sd.o
    0x0800204c   0x00000024   Code   RO         5227    i.BSP_SD_IsDetected  stm32l152d_eval_sd.o
    0x08002070   0x00000020   Code   RO         5228    i.BSP_SD_ReadBlocks  stm32l152d_eval_sd.o
    0x08002090   0x00000020   Code   RO         5230    i.BSP_SD_WriteBlocks  stm32l152d_eval_sd.o
    0x080020b0   0x00000068   Code   RO         5425    i.BSP_SRAM_Init     stm32l152d_eval_sram.o
    0x08002118   0x0000001c   Code   RO         5426    i.BSP_SRAM_ReadData  stm32l152d_eval_sram.o
    0x08002134   0x0000001c   Code   RO         5428    i.BSP_SRAM_WriteData  stm32l152d_eval_sram.o
    0x08002150   0x00000060   Code   RO         5485    i.BSP_TSENSOR_Init  stm32l152d_eval_tsensor.o
    0x080021b0   0x00000010   Code   RO         5487    i.BSP_TSENSOR_ReadTemp  stm32l152d_eval_tsensor.o
    0x080021c0   0x00000002   Code   RO           13    i.BusFault_Handler  stm32l1xx_it.o
    0x080021c2   0x0000000a   Code   RO         1111    i.CODEC_IO_Write    cs43l22.o
    0x080021cc   0x0000001e   Code   RO          391    i.CheckForUserInput  main.o
    0x080021ea   0x00000002   PAD
    0x080021ec   0x0000000c   Code   RO           14    i.DMA1_Channel1_IRQHandler  stm32l1xx_it.o
    0x080021f8   0x0000000c   Code   RO           15    i.DMA1_Channel5_IRQHandler  stm32l1xx_it.o
    0x08002204   0x0000002a   Code   RO         4214    i.DMA_SetConfig     stm32l1xx_hal_dma.o
    0x0800222e   0x00000002   Code   RO           16    i.DebugMon_Handler  stm32l1xx_it.o
    0x08002230   0x00000168   Code   RO          392    i.Display_DemoDescription  main.o
    0x08002398   0x00000004   Code   RO         5537    i.EEPROM_I2C_IO_Init  stm32l152d_eval.o
    0x0800239c   0x00000004   Code   RO         5538    i.EEPROM_I2C_IO_IsDeviceReady  stm32l152d_eval.o
    0x080023a0   0x00000012   Code   RO         5539    i.EEPROM_I2C_IO_ReadData  stm32l152d_eval.o
    0x080023b2   0x00000012   Code   RO         5540    i.EEPROM_I2C_IO_WriteData  stm32l152d_eval.o
    0x080023c4   0x0000003c   Code   RO         4892    i.EEPROM_I2C_Init   stm32l152d_eval_eeprom.o
    0x08002400   0x0000001c   Code   RO         4893    i.EEPROM_I2C_ReadBuffer  stm32l152d_eval_eeprom.o
    0x0800241c   0x0000002c   Code   RO         4894    i.EEPROM_I2C_WritePage  stm32l152d_eval_eeprom.o
    0x08002448   0x00000050   Code   RO         5541    i.EEPROM_SPI_IO_Init  stm32l152d_eval.o
    0x08002498   0x0000004c   Code   RO         5543    i.EEPROM_SPI_IO_ReadData  stm32l152d_eval.o
    0x080024e4   0x00000040   Code   RO         5544    i.EEPROM_SPI_IO_WaitEepromStandbyState  stm32l152d_eval.o
    0x08002524   0x00000084   Code   RO         5546    i.EEPROM_SPI_IO_WriteData  stm32l152d_eval.o
    0x080025a8   0x0000001c   Code   RO         4895    i.EEPROM_SPI_Init   stm32l152d_eval_eeprom.o
    0x080025c4   0x0000001a   Code   RO         4896    i.EEPROM_SPI_ReadBuffer  stm32l152d_eval_eeprom.o
    0x080025de   0x00000012   Code   RO         4897    i.EEPROM_SPI_WaitEepromStandbyState  stm32l152d_eval_eeprom.o
    0x080025f0   0x0000001c   Code   RO         4898    i.EEPROM_SPI_WritePage  stm32l152d_eval_eeprom.o
    0x0800260c   0x0000011c   Code   RO          572    i.EEPROM_SetHint    eeprom.o
    0x08002728   0x00000368   Code   RO          573    i.EEPROM_Show_Feature  eeprom.o
    0x08002a90   0x00000094   Code   RO          574    i.EEPROM_demo       eeprom.o
    0x08002b24   0x00000016   Code   RO           17    i.EXTI15_10_IRQHandler  stm32l1xx_it.o
    0x08002b3a   0x00000008   Code   RO           18    i.EXTI9_5_IRQHandler  stm32l1xx_it.o
    0x08002b42   0x00000008   Code   RO          393    i.Error_Handler     main.o
    0x08002b4a   0x00000002   PAD
    0x08002b4c   0x00000068   Code   RO         5547    i.FSMC_BANK4_Init   stm32l152d_eval.o
    0x08002bb4   0x000000bc   Code   RO         5548    i.FSMC_BANK4_MspInit  stm32l152d_eval.o
    0x08002c70   0x00000064   Code   RO         4310    i.FSMC_NORSRAM_Extended_Timing_Init  stm32l1xx_ll_fsmc.o
    0x08002cd4   0x00000098   Code   RO         4311    i.FSMC_NORSRAM_Init  stm32l1xx_ll_fsmc.o
    0x08002d6c   0x00000076   Code   RO         4312    i.FSMC_NORSRAM_Timing_Init  stm32l1xx_ll_fsmc.o
    0x08002de2   0x00000002   PAD
    0x08002de4   0x0000015c   Code   RO         4435    i.HAL_ADC_ConfigChannel  stm32l1xx_hal_adc.o
    0x08002f40   0x00000008   Code   RO         4708    i.HAL_ADC_ConvCpltCallback  stm32l152d_eval_audio.o
    0x08002f48   0x00000008   Code   RO         4709    i.HAL_ADC_ConvHalfCpltCallback  stm32l152d_eval_audio.o
    0x08002f50   0x00000108   Code   RO         4438    i.HAL_ADC_DeInit    stm32l1xx_hal_adc.o
    0x08003058   0x00000002   Code   RO         4439    i.HAL_ADC_ErrorCallback  stm32l1xx_hal_adc.o
    0x0800305a   0x00000002   PAD
    0x0800305c   0x0000019c   Code   RO         4444    i.HAL_ADC_Init      stm32l1xx_hal_adc.o
    0x080031f8   0x00000002   Code   RO         4446    i.HAL_ADC_MspDeInit  stm32l1xx_hal_adc.o
    0x080031fa   0x00000002   Code   RO         4447    i.HAL_ADC_MspInit   stm32l1xx_hal_adc.o
    0x080031fc   0x000000c4   Code   RO         4451    i.HAL_ADC_Start_DMA  stm32l1xx_hal_adc.o
    0x080032c0   0x00000056   Code   RO         4454    i.HAL_ADC_Stop_DMA  stm32l1xx_hal_adc.o
    0x08003316   0x00000030   Code   RO         4215    i.HAL_DMA_Abort     stm32l1xx_hal_dma.o
    0x08003346   0x00000002   PAD
    0x08003348   0x00000074   Code   RO         4217    i.HAL_DMA_DeInit    stm32l1xx_hal_dma.o
    0x080033bc   0x000000a8   Code   RO         4220    i.HAL_DMA_IRQHandler  stm32l1xx_hal_dma.o
    0x08003464   0x00000084   Code   RO         4221    i.HAL_DMA_Init      stm32l1xx_hal_dma.o
    0x080034e8   0x00000070   Code   RO         4225    i.HAL_DMA_Start_IT  stm32l1xx_hal_dma.o
    0x08003558   0x00000016   Code   RO         1392    i.HAL_Delay         stm32l1xx_hal.o
    0x0800356e   0x00000002   PAD
    0x08003570   0x00000078   Code   RO          394    i.HAL_GPIO_EXTI_Callback  main.o
    0x080035e8   0x00000018   Code   RO         4365    i.HAL_GPIO_EXTI_IRQHandler  stm32l1xx_hal_gpio.o
    0x08003600   0x000001b0   Code   RO         4366    i.HAL_GPIO_Init     stm32l1xx_hal_gpio.o
    0x080037b0   0x0000000a   Code   RO         4368    i.HAL_GPIO_ReadPin  stm32l1xx_hal_gpio.o
    0x080037ba   0x00000008   Code   RO         4369    i.HAL_GPIO_TogglePin  stm32l1xx_hal_gpio.o
    0x080037c2   0x0000000a   Code   RO         4370    i.HAL_GPIO_WritePin  stm32l1xx_hal_gpio.o
    0x080037cc   0x0000000c   Code   RO         1396    i.HAL_GetTick       stm32l1xx_hal.o
    0x080037d8   0x00000032   Code   RO         3690    i.HAL_I2C_DeInit    stm32l1xx_hal_i2c.o
    0x0800380a   0x00000006   Code   RO         3698    i.HAL_I2C_GetState  stm32l1xx_hal_i2c.o
    0x08003810   0x00000144   Code   RO         3699    i.HAL_I2C_Init      stm32l1xx_hal_i2c.o
    0x08003954   0x00000158   Code   RO         3700    i.HAL_I2C_IsDeviceReady  stm32l1xx_hal_i2c.o
    0x08003aac   0x00000238   Code   RO         3715    i.HAL_I2C_Mem_Read  stm32l1xx_hal_i2c.o
    0x08003ce4   0x00000144   Code   RO         3718    i.HAL_I2C_Mem_Write  stm32l1xx_hal_i2c.o
    0x08003e28   0x00000002   Code   RO         3721    i.HAL_I2C_MspDeInit  stm32l1xx_hal_i2c.o
    0x08003e2a   0x00000002   Code   RO         3722    i.HAL_I2C_MspInit   stm32l1xx_hal_i2c.o
    0x08003e2c   0x00000042   Code   RO         2606    i.HAL_I2S_DMAPause  stm32l1xx_hal_i2s.o
    0x08003e6e   0x00000052   Code   RO         2607    i.HAL_I2S_DMAResume  stm32l1xx_hal_i2s.o
    0x08003ec0   0x00000068   Code   RO         2608    i.HAL_I2S_DMAStop   stm32l1xx_hal_i2s.o
    0x08003f28   0x00000014   Code   RO         4710    i.HAL_I2S_ErrorCallback  stm32l152d_eval_audio.o
    0x08003f3c   0x00000006   Code   RO         2612    i.HAL_I2S_GetState  stm32l1xx_hal_i2s.o
    0x08003f42   0x000000b8   Code   RO         2614    i.HAL_I2S_Init      stm32l1xx_hal_i2s.o
    0x08003ffa   0x00000002   Code   RO         2616    i.HAL_I2S_MspInit   stm32l1xx_hal_i2s.o
    0x08003ffc   0x000000b4   Code   RO         2623    i.HAL_I2S_Transmit_DMA  stm32l1xx_hal_i2s.o
    0x080040b0   0x00000014   Code   RO         4711    i.HAL_I2S_TxCpltCallback  stm32l152d_eval_audio.o
    0x080040c4   0x00000014   Code   RO         4712    i.HAL_I2S_TxHalfCpltCallback  stm32l152d_eval_audio.o
    0x080040d8   0x00000010   Code   RO         1397    i.HAL_IncTick       stm32l1xx_hal.o
    0x080040e8   0x0000002c   Code   RO         1398    i.HAL_Init          stm32l1xx_hal.o
    0x08004114   0x00000028   Code   RO         1399    i.HAL_InitTick      stm32l1xx_hal.o
    0x0800413c   0x00000002   Code   RO         1401    i.HAL_MspInit       stm32l1xx_hal.o
    0x0800413e   0x00000002   PAD
    0x08004140   0x000000cc   Code   RO         4087    i.HAL_NOR_Erase_Block  stm32l1xx_hal_nor.o
    0x0800420c   0x00000066   Code   RO         4090    i.HAL_NOR_GetStatus  stm32l1xx_hal_nor.o
    0x08004272   0x00000002   PAD
    0x08004274   0x00000070   Code   RO         4091    i.HAL_NOR_Init      stm32l1xx_hal_nor.o
    0x080042e4   0x00000002   Code   RO         4093    i.HAL_NOR_MspInit   stm32l1xx_hal_nor.o
    0x080042e6   0x00000002   PAD
    0x080042e8   0x00000034   Code   RO         5353    i.HAL_NOR_MspWait   stm32l152d_eval_nor.o
    0x0800431c   0x00000098   Code   RO         4095    i.HAL_NOR_Program   stm32l1xx_hal_nor.o
    0x080043b4   0x0000009c   Code   RO         4098    i.HAL_NOR_ReadBuffer  stm32l1xx_hal_nor.o
    0x08004450   0x000000d4   Code   RO         4100    i.HAL_NOR_Read_ID   stm32l1xx_hal_nor.o
    0x08004524   0x0000004e   Code   RO         4101    i.HAL_NOR_ReturnToReadMode  stm32l1xx_hal_nor.o
    0x08004572   0x00000016   Code   RO         1523    i.HAL_NVIC_EnableIRQ  stm32l1xx_hal_cortex.o
    0x08004588   0x00000040   Code   RO         1529    i.HAL_NVIC_SetPriority  stm32l1xx_hal_cortex.o
    0x080045c8   0x00000024   Code   RO         1530    i.HAL_NVIC_SetPriorityGrouping  stm32l1xx_hal_cortex.o
    0x080045ec   0x0000000a   Code   RO         2888    i.HAL_OPAMP_GetState  stm32l1xx_hal_opamp.o
    0x080045f6   0x00000002   PAD
    0x080045f8   0x00000340   Code   RO         2890    i.HAL_OPAMP_Init    stm32l1xx_hal_opamp.o
    0x08004938   0x00000002   Code   RO         2893    i.HAL_OPAMP_MspInit  stm32l1xx_hal_opamp.o
    0x0800493a   0x00000002   PAD
    0x0800493c   0x00000050   Code   RO         2895    i.HAL_OPAMP_Start   stm32l1xx_hal_opamp.o
    0x0800498c   0x00000058   Code   RO         2896    i.HAL_OPAMP_Stop    stm32l1xx_hal_opamp.o
    0x080049e4   0x00000010   Code   RO         2193    i.HAL_PWREx_GetVoltageRange  stm32l1xx_hal_pwr_ex.o
    0x080049f4   0x000001d4   Code   RO         2781    i.HAL_RCC_ClockConfig  stm32l1xx_hal_rcc.o
    0x08004bc8   0x000000d0   Code   RO         2787    i.HAL_RCC_GetOscConfig  stm32l1xx_hal_rcc.o
    0x08004c98   0x00000030   Code   RO         2788    i.HAL_RCC_GetPCLK1Freq  stm32l1xx_hal_rcc.o
    0x08004cc8   0x0000008c   Code   RO         2790    i.HAL_RCC_GetSysClockFreq  stm32l1xx_hal_rcc.o
    0x08004d54   0x00000750   Code   RO         2793    i.HAL_RCC_OscConfig  stm32l1xx_hal_rcc.o
    0x080054a4   0x000000f8   Code   RO         1650    i.HAL_SD_Erase      stm32l1xx_hal_sd.o
    0x0800559c   0x0000004e   Code   RO         1652    i.HAL_SD_GetStatus  stm32l1xx_hal_sd.o
    0x080055ea   0x000002b8   Code   RO         1653    i.HAL_SD_Get_CardInfo  stm32l1xx_hal_sd.o
    0x080058a2   0x0000009e   Code   RO         1656    i.HAL_SD_Init       stm32l1xx_hal_sd.o
    0x08005940   0x00000002   Code   RO         1658    i.HAL_SD_MspInit    stm32l1xx_hal_sd.o
    0x08005942   0x0000017c   Code   RO         1659    i.HAL_SD_ReadBlocks  stm32l1xx_hal_sd.o
    0x08005abe   0x0000002c   Code   RO         1662    i.HAL_SD_StopTransfer  stm32l1xx_hal_sd.o
    0x08005aea   0x0000005a   Code   RO         1663    i.HAL_SD_WideBusOperation_Config  stm32l1xx_hal_sd.o
    0x08005b44   0x000001d8   Code   RO         1664    i.HAL_SD_WriteBlocks  stm32l1xx_hal_sd.o
    0x08005d1c   0x00000028   Code   RO         2370    i.HAL_SPI_DeInit    stm32l1xx_hal_spi.o
    0x08005d44   0x00000084   Code   RO         1881    i.HAL_SPI_Init      stm32l1xx_hal_spi_ex.o
    0x08005dc8   0x00000002   Code   RO         2376    i.HAL_SPI_MspDeInit  stm32l1xx_hal_spi.o
    0x08005dca   0x00000002   Code   RO         2377    i.HAL_SPI_MspInit   stm32l1xx_hal_spi.o
    0x08005dcc   0x00000142   Code   RO         2383    i.HAL_SPI_Transmit  stm32l1xx_hal_spi.o
    0x08005f0e   0x000002b2   Code   RO         2384    i.HAL_SPI_TransmitReceive  stm32l1xx_hal_spi.o
    0x080061c0   0x00000056   Code   RO         2071    i.HAL_SRAM_Init     stm32l1xx_hal_sram.o
    0x08006216   0x00000002   Code   RO         2073    i.HAL_SRAM_MspInit  stm32l1xx_hal_sram.o
    0x08006218   0x00000036   Code   RO         2074    i.HAL_SRAM_Read_16b  stm32l1xx_hal_sram.o
    0x0800624e   0x00000042   Code   RO         2080    i.HAL_SRAM_Write_16b  stm32l1xx_hal_sram.o
    0x08006290   0x00000028   Code   RO         1534    i.HAL_SYSTICK_Config  stm32l1xx_hal_cortex.o
    0x080062b8   0x00000050   Code   RO         2965    i.HAL_TIMEx_MasterConfigSynchronization  stm32l1xx_hal_tim_ex.o
    0x08006308   0x00000036   Code   RO         3063    i.HAL_TIM_Base_Init  stm32l1xx_hal_tim.o
    0x0800633e   0x00000002   Code   RO         3065    i.HAL_TIM_Base_MspInit  stm32l1xx_hal_tim.o
    0x08006340   0x0000001a   Code   RO         3066    i.HAL_TIM_Base_Start  stm32l1xx_hal_tim.o
    0x0800635a   0x00000024   Code   RO         3069    i.HAL_TIM_Base_Stop  stm32l1xx_hal_tim.o
    0x0800637e   0x00000002   Code   RO           19    i.HardFault_Handler  stm32l1xx_it.o
    0x08006380   0x00000028   Code   RO         3737    i.I2C_IsAcknowledgeFailed  stm32l1xx_hal_i2c.o
    0x080063a8   0x000000f0   Code   RO         3746    i.I2C_RequestMemoryRead  stm32l1xx_hal_i2c.o
    0x08006498   0x000000a0   Code   RO         3747    i.I2C_RequestMemoryWrite  stm32l1xx_hal_i2c.o
    0x08006538   0x0000004e   Code   RO         3750    i.I2C_WaitOnBTFFlagUntilTimeout  stm32l1xx_hal_i2c.o
    0x08006586   0x00000060   Code   RO         3751    i.I2C_WaitOnFlagUntilTimeout  stm32l1xx_hal_i2c.o
    0x080065e6   0x00000002   PAD
    0x080065e8   0x00000088   Code   RO         3752    i.I2C_WaitOnMasterAddressFlagUntilTimeout  stm32l1xx_hal_i2c.o
    0x08006670   0x00000062   Code   RO         3753    i.I2C_WaitOnRXNEFlagUntilTimeout  stm32l1xx_hal_i2c.o
    0x080066d2   0x0000004e   Code   RO         3754    i.I2C_WaitOnTXEFlagUntilTimeout  stm32l1xx_hal_i2c.o
    0x08006720   0x00000014   Code   RO         5549    i.I2Cx_Error        stm32l152d_eval.o
    0x08006734   0x00000048   Code   RO         5550    i.I2Cx_Init         stm32l152d_eval.o
    0x0800677c   0x00000018   Code   RO         5551    i.I2Cx_IsDeviceReady  stm32l152d_eval.o
    0x08006794   0x000000bc   Code   RO         5552    i.I2Cx_MspInit      stm32l152d_eval.o
    0x08006850   0x0000002c   Code   RO         5553    i.I2Cx_ReadBuffer   stm32l152d_eval.o
    0x0800687c   0x0000002c   Code   RO         5554    i.I2Cx_WriteBuffer  stm32l152d_eval.o
    0x080068a8   0x00000040   Code   RO         4713    i.I2SOUT_Init       stm32l152d_eval_audio.o
    0x080068e8   0x00000100   Code   RO         4714    i.I2SOUT_MspInit    stm32l152d_eval_audio.o
    0x080069e8   0x00000028   Code   RO         2627    i.I2S_DMAError      stm32l1xx_hal_i2s.o
    0x08006a10   0x00000028   Code   RO         2630    i.I2S_DMATxCplt     stm32l1xx_hal_i2s.o
    0x08006a38   0x0000000a   Code   RO         2631    i.I2S_DMATxHalfCplt  stm32l1xx_hal_i2s.o
    0x08006a42   0x00000002   PAD
    0x08006a44   0x00000100   Code   RO          681    i.Joystick_SetHint  joystick.o
    0x08006b44   0x000000d0   Code   RO          682    i.Joystick_demo     joystick.o
    0x08006c14   0x00000004   Code   RO         5555    i.LCD_Delay         stm32l152d_eval.o
    0x08006c18   0x000000e0   Code   RO         5005    i.LCD_DrawChar      stm32l152d_eval_lcd.o
    0x08006cf8   0x00000024   Code   RO         5006    i.LCD_DrawPixel     stm32l152d_eval_lcd.o
    0x08006d1c   0x00000004   Code   RO         5556    i.LCD_IO_Init       stm32l152d_eval.o
    0x08006d20   0x0000000c   Code   RO         5557    i.LCD_IO_ReadData   stm32l152d_eval.o
    0x08006d2c   0x00000024   Code   RO         5559    i.LCD_IO_WriteMultipleData  stm32l152d_eval.o
    0x08006d50   0x00000008   Code   RO         5560    i.LCD_IO_WriteReg   stm32l152d_eval.o
    0x08006d58   0x0000001a   Code   RO         4606    i.LCD_LOG_ClearTextZone  lcd_log.o
    0x08006d72   0x00000002   PAD
    0x08006d74   0x00000024   Code   RO         4607    i.LCD_LOG_DeInit    lcd_log.o
    0x08006d98   0x00000012   Code   RO         4608    i.LCD_LOG_Init      lcd_log.o
    0x08006daa   0x00000002   PAD
    0x08006dac   0x00000080   Code   RO         4609    i.LCD_LOG_ScrollBack  lcd_log.o
    0x08006e2c   0x00000060   Code   RO         4610    i.LCD_LOG_ScrollForward  lcd_log.o
    0x08006e8c   0x00000070   Code   RO         4611    i.LCD_LOG_SetFooter  lcd_log.o
    0x08006efc   0x00000064   Code   RO         4612    i.LCD_LOG_SetHeader  lcd_log.o
    0x08006f60   0x00000088   Code   RO         4613    i.LCD_LOG_UpdateDisplay  lcd_log.o
    0x08006fe8   0x0000001c   Code   RO         5007    i.LCD_SetDisplayWindow  stm32l152d_eval_lcd.o
    0x08007004   0x0000010c   Code   RO          712    i.LCD_SetHint       lcd.o
    0x08007110   0x000002c8   Code   RO          713    i.LCD_Show_Feature  lcd.o
    0x080073d8   0x00000034   Code   RO          714    i.LCD_demo          lcd.o
    0x0800740c   0x000000c8   Code   RO          540    i.Log_demo          log.o
    0x080074d4   0x00000002   Code   RO           20    i.MemManage_Handler  stm32l1xx_it.o
    0x080074d6   0x00000002   Code   RO           21    i.NMI_Handler       stm32l1xx_it.o
    0x080074d8   0x000000c0   Code   RO         5354    i.NOR_MspInit       stm32l152d_eval_nor.o
    0x08007598   0x000000ec   Code   RO          306    i.NOR_SetHint       nor.o
    0x08007684   0x00000288   Code   RO          307    i.NOR_demo          nor.o
    0x0800790c   0x00000020   Code   RO         1536    i.NVIC_SetPriority  stm32l1xx_hal_cortex.o
    0x0800792c   0x00000002   Code   RO           22    i.PendSV_Handler    stm32l1xx_it.o
    0x0800792e   0x00000002   PAD
    0x08007930   0x00000078   Code   RO         2794    i.RCC_SetFlashLatencyFromMSIRange  stm32l1xx_hal_rcc.o
    0x080079a8   0x00000024   Code   RO         1905    i.SDIO_DataConfig   stm32l1xx_ll_sdmmc.o
    0x080079cc   0x00000006   Code   RO         1906    i.SDIO_GetCommandResponse  stm32l1xx_ll_sdmmc.o
    0x080079d2   0x00000008   Code   RO         1909    i.SDIO_GetPowerState  stm32l1xx_ll_sdmmc.o
    0x080079da   0x00000002   PAD
    0x080079dc   0x00000010   Code   RO         1910    i.SDIO_GetResponse  stm32l1xx_ll_sdmmc.o
    0x080079ec   0x00000024   Code   RO         1911    i.SDIO_Init         stm32l1xx_ll_sdmmc.o
    0x08007a10   0x00000008   Code   RO         1913    i.SDIO_PowerState_ON  stm32l1xx_ll_sdmmc.o
    0x08007a18   0x00000006   Code   RO         1914    i.SDIO_ReadFIFO     stm32l1xx_ll_sdmmc.o
    0x08007a1e   0x00000020   Code   RO         1915    i.SDIO_SendCommand  stm32l1xx_ll_sdmmc.o
    0x08007a3e   0x0000000a   Code   RO         1917    i.SDIO_WriteFIFO    stm32l1xx_ll_sdmmc.o
    0x08007a48   0x000000ec   Code   RO         1668    i.SD_CmdResp1Error  stm32l1xx_hal_sd.o
    0x08007b34   0x0000002e   Code   RO         1669    i.SD_CmdResp2Error  stm32l1xx_hal_sd.o
    0x08007b62   0x00000072   Code   RO         1670    i.SD_CmdResp6Error  stm32l1xx_hal_sd.o
    0x08007bd4   0x00000040   Code   RO         1671    i.SD_CmdResp7Error  stm32l1xx_hal_sd.o
    0x08007c14   0x0000010a   Code   RO         1676    i.SD_FindSCR        stm32l1xx_hal_sd.o
    0x08007d1e   0x000000dc   Code   RO         1677    i.SD_Initialize_Cards  stm32l1xx_hal_sd.o
    0x08007dfa   0x00000002   PAD
    0x08007dfc   0x0000013c   Code   RO         1678    i.SD_IsCardProgramming  stm32l1xx_hal_sd.o
    0x08007f38   0x000000c4   Code   RO         5234    i.SD_MspInit        stm32l152d_eval_sd.o
    0x08007ffc   0x00000174   Code   RO         1679    i.SD_PowerON        stm32l1xx_hal_sd.o
    0x08008170   0x00000130   Code   RO          615    i.SD_SetHint        sd.o
    0x080082a0   0x00000072   Code   RO         1680    i.SD_WideBus_Disable  stm32l1xx_hal_sd.o
    0x08008312   0x00000074   Code   RO         1681    i.SD_WideBus_Enable  stm32l1xx_hal_sd.o
    0x08008386   0x00000002   PAD
    0x08008388   0x00000310   Code   RO          616    i.SD_demo           sd.o
    0x08008698   0x0000009e   Code   RO         2405    i.SPI_WaitOnFlagUntilTimeout  stm32l1xx_hal_spi.o
    0x08008736   0x00000002   PAD
    0x08008738   0x00000014   Code   RO         5561    i.SPIx_Error        stm32l152d_eval.o
    0x0800874c   0x0000004c   Code   RO         5562    i.SPIx_Init         stm32l152d_eval.o
    0x08008798   0x00000078   Code   RO         5563    i.SPIx_MspInit      stm32l152d_eval.o
    0x08008810   0x00000030   Code   RO         5564    i.SPIx_Read         stm32l152d_eval.o
    0x08008840   0x00000024   Code   RO         5565    i.SPIx_Write        stm32l152d_eval.o
    0x08008864   0x00000118   Code   RO         5430    i.SRAM_MspInit      stm32l152d_eval_sram.o
    0x0800897c   0x000000f4   Code   RO          457    i.SRAM_SetHint      sram.o
    0x08008a70   0x000001e8   Code   RO          458    i.SRAM_demo         sram.o
    0x08008c58   0x00000054   Code   RO          966    i.STLM75_Init       stlm75.o
    0x08008cac   0x00000016   Code   RO          967    i.STLM75_IsReady    stlm75.o
    0x08008cc2   0x00000018   Code   RO          968    i.STLM75_ReadStatus  stlm75.o
    0x08008cda   0x00000024   Code   RO          969    i.STLM75_ReadTemp   stlm75.o
    0x08008cfe   0x00000002   Code   RO           23    i.SVC_Handler       stm32l1xx_it.o
    0x08008d00   0x0000000e   Code   RO           24    i.SysTick_Handler   stm32l1xx_it.o
    0x08008d0e   0x00000002   PAD
    0x08008d10   0x00000088   Code   RO          395    i.SystemClock_Config  main.o
    0x08008d98   0x00000050   Code   RO         1318    i.SystemInit        system_stm32l1xx.o
    0x08008de8   0x0000007c   Code   RO         3147    i.TIM_Base_SetConfig  stm32l1xx_hal_tim.o
    0x08008e64   0x000000d0   Code   RO          647    i.TSENSOR_Display_Temperature  temperature_sensor.o
    0x08008f34   0x00000004   Code   RO         5566    i.TSENSOR_IO_Init   stm32l152d_eval.o
    0x08008f38   0x00000004   Code   RO         5567    i.TSENSOR_IO_IsDeviceReady  stm32l152d_eval.o
    0x08008f3c   0x00000012   Code   RO         5568    i.TSENSOR_IO_Read   stm32l152d_eval.o
    0x08008f4e   0x00000012   Code   RO         5569    i.TSENSOR_IO_Write  stm32l152d_eval.o
    0x08008f60   0x000000e8   Code   RO          648    i.TSENSOR_SetHint   temperature_sensor.o
    0x08009048   0x000000e0   Code   RO          649    i.TSENSOR_demo      temperature_sensor.o
    0x08009128   0x00000020   Code   RO          396    i.Toggle_Leds       main.o
    0x08009148   0x00000002   Code   RO           25    i.UsageFault_Handler  stm32l1xx_it.o
    0x0800914a   0x00000002   PAD
    0x0800914c   0x00000020   Code   RO         5934    i.__0printf$4       mc_w.l(printf4.o)
    0x0800916c   0x00000028   Code   RO         5935    i.__0snprintf$4     mc_w.l(printf4.o)
    0x08009194   0x00000028   Code   RO         5936    i.__0sprintf$4      mc_w.l(printf4.o)
    0x080091bc   0x0000000e   Code   RO         6134    i.__scatterload_copy  mc_w.l(handlers.o)
    0x080091ca   0x00000002   Code   RO         6135    i.__scatterload_null  mc_w.l(handlers.o)
    0x080091cc   0x0000000e   Code   RO         6136    i.__scatterload_zeroinit  mc_w.l(handlers.o)
    0x080091da   0x00000002   PAD
    0x080091dc   0x0000022c   Code   RO         5941    i._printf_core      mc_w.l(printf4.o)
    0x08009408   0x00000016   Code   RO         5942    i._snputc           mc_w.l(printf4.o)
    0x0800941e   0x0000000a   Code   RO         5943    i._sputc            mc_w.l(printf4.o)
    0x08009428   0x00000004   Code   RO         1112    i.cs43l22_DeInit    cs43l22.o
    0x0800942c   0x000000e0   Code   RO         1113    i.cs43l22_Init      cs43l22.o
    0x0800950c   0x0000001a   Code   RO         1114    i.cs43l22_Pause     cs43l22.o
    0x08009526   0x00000002   PAD
    0x08009528   0x0000003c   Code   RO         1115    i.cs43l22_Play      cs43l22.o
    0x08009564   0x00000016   Code   RO         1116    i.cs43l22_ReadID    cs43l22.o
    0x0800957a   0x00000004   Code   RO         1117    i.cs43l22_Reset     cs43l22.o
    0x0800957e   0x00000002   PAD
    0x08009580   0x0000003c   Code   RO         1118    i.cs43l22_Resume    cs43l22.o
    0x080095bc   0x00000004   Code   RO         1119    i.cs43l22_SetFrequency  cs43l22.o
    0x080095c0   0x00000054   Code   RO         1120    i.cs43l22_SetMute   cs43l22.o
    0x08009614   0x00000050   Code   RO         1121    i.cs43l22_SetOutputMode  cs43l22.o
    0x08009664   0x0000003c   Code   RO         1122    i.cs43l22_SetVolume  cs43l22.o
    0x080096a0   0x00000030   Code   RO         1123    i.cs43l22_Stop      cs43l22.o
    0x080096d0   0x00000104   Code   RO         4614    i.fputc             lcd_log.o
    0x080097d4   0x0000004c   Code   RO         1005    i.hx8347d_DisplayOff  hx8347d.o
    0x08009820   0x00000052   Code   RO         1006    i.hx8347d_DisplayOn  hx8347d.o
    0x08009872   0x00000048   Code   RO         1007    i.hx8347d_DrawBitmap  hx8347d.o
    0x080098ba   0x00000002   PAD
    0x080098bc   0x00000038   Code   RO         1008    i.hx8347d_DrawHLine  hx8347d.o
    0x080098f4   0x00000038   Code   RO         1009    i.hx8347d_DrawVLine  hx8347d.o
    0x0800992c   0x00000004   Code   RO         1010    i.hx8347d_GetLcdPixelHeight  hx8347d.o
    0x08009930   0x00000006   Code   RO         1011    i.hx8347d_GetLcdPixelWidth  hx8347d.o
    0x08009936   0x00000002   PAD
    0x08009938   0x00000220   Code   RO         1012    i.hx8347d_Init      hx8347d.o
    0x08009b58   0x00000020   Code   RO         1013    i.hx8347d_ReadID    hx8347d.o
    0x08009b78   0x00000016   Code   RO         1014    i.hx8347d_ReadPixel  hx8347d.o
    0x08009b8e   0x0000002a   Code   RO         1016    i.hx8347d_SetCursor  hx8347d.o
    0x08009bb8   0x0000005c   Code   RO         1017    i.hx8347d_SetDisplayWindow  hx8347d.o
    0x08009c14   0x00000016   Code   RO         1018    i.hx8347d_WritePixel  hx8347d.o
    0x08009c2a   0x00000010   Code   RO         1019    i.hx8347d_WriteReg  hx8347d.o
    0x08009c3a   0x00000036   Code   RO          749    i.ili9320_DisplayOff  ili9320.o
    0x08009c70   0x00000060   Code   RO          750    i.ili9320_DisplayOn  ili9320.o
    0x08009cd0   0x0000004c   Code   RO          751    i.ili9320_DrawBitmap  ili9320.o
    0x08009d1c   0x00000038   Code   RO          752    i.ili9320_DrawHLine  ili9320.o
    0x08009d54   0x0000001e   Code   RO          753    i.ili9320_DrawRGBImage  ili9320.o
    0x08009d72   0x00000002   PAD
    0x08009d74   0x00000054   Code   RO          754    i.ili9320_DrawVLine  ili9320.o
    0x08009dc8   0x00000004   Code   RO          755    i.ili9320_GetLcdPixelHeight  ili9320.o
    0x08009dcc   0x00000006   Code   RO          756    i.ili9320_GetLcdPixelWidth  ili9320.o
    0x08009dd2   0x00000002   PAD
    0x08009dd4   0x000001fc   Code   RO          757    i.ili9320_Init      ili9320.o
    0x08009fd0   0x0000001c   Code   RO          758    i.ili9320_ReadID    ili9320.o
    0x08009fec   0x0000001c   Code   RO          759    i.ili9320_ReadPixel  ili9320.o
    0x0800a008   0x00000010   Code   RO          760    i.ili9320_ReadReg   ili9320.o
    0x0800a018   0x0000001c   Code   RO          761    i.ili9320_SetCursor  ili9320.o
    0x0800a034   0x0000003e   Code   RO          762    i.ili9320_SetDisplayWindow  ili9320.o
    0x0800a072   0x00000016   Code   RO          763    i.ili9320_WritePixel  ili9320.o
    0x0800a088   0x00000010   Code   RO          764    i.ili9320_WriteReg  ili9320.o
    0x0800a098   0x00000036   Code   RO         1204    i.ili9325_DisplayOff  ili9325.o
    0x0800a0ce   0x00000060   Code   RO         1205    i.ili9325_DisplayOn  ili9325.o
    0x0800a12e   0x0000004c   Code   RO         1206    i.ili9325_DrawBitmap  ili9325.o
    0x0800a17a   0x00000002   PAD
    0x0800a17c   0x00000038   Code   RO         1207    i.ili9325_DrawHLine  ili9325.o
    0x0800a1b4   0x0000001e   Code   RO         1208    i.ili9325_DrawRGBImage  ili9325.o
    0x0800a1d2   0x00000002   PAD
    0x0800a1d4   0x00000054   Code   RO         1209    i.ili9325_DrawVLine  ili9325.o
    0x0800a228   0x00000004   Code   RO         1210    i.ili9325_GetLcdPixelHeight  ili9325.o
    0x0800a22c   0x00000006   Code   RO         1211    i.ili9325_GetLcdPixelWidth  ili9325.o
    0x0800a232   0x000001ec   Code   RO         1212    i.ili9325_Init      ili9325.o
    0x0800a41e   0x00000010   Code   RO         1213    i.ili9325_ReadID    ili9325.o
    0x0800a42e   0x0000001c   Code   RO         1214    i.ili9325_ReadPixel  ili9325.o
    0x0800a44a   0x00000010   Code   RO         1215    i.ili9325_ReadReg   ili9325.o
    0x0800a45a   0x0000001c   Code   RO         1216    i.ili9325_SetCursor  ili9325.o
    0x0800a476   0x0000003e   Code   RO         1217    i.ili9325_SetDisplayWindow  ili9325.o
    0x0800a4b4   0x00000016   Code   RO         1218    i.ili9325_WritePixel  ili9325.o
    0x0800a4ca   0x00000010   Code   RO         1219    i.ili9325_WriteReg  ili9325.o
    0x0800a4da   0x00000002   PAD
    0x0800a4dc   0x00000074   Code   RO          397    i.main              main.o
    0x0800a550   0x0000004c   Code   RO          860    i.spfd5408_DisplayOff  spfd5408.o
    0x0800a59c   0x00000052   Code   RO          861    i.spfd5408_DisplayOn  spfd5408.o
    0x0800a5ee   0x0000004c   Code   RO          862    i.spfd5408_DrawBitmap  spfd5408.o
    0x0800a63a   0x00000002   PAD
    0x0800a63c   0x00000038   Code   RO          863    i.spfd5408_DrawHLine  spfd5408.o
    0x0800a674   0x00000054   Code   RO          864    i.spfd5408_DrawVLine  spfd5408.o
    0x0800a6c8   0x00000004   Code   RO          865    i.spfd5408_GetLcdPixelHeight  spfd5408.o
    0x0800a6cc   0x00000006   Code   RO          866    i.spfd5408_GetLcdPixelWidth  spfd5408.o
    0x0800a6d2   0x00000002   PAD
    0x0800a6d4   0x00000234   Code   RO          867    i.spfd5408_Init     spfd5408.o
    0x0800a908   0x00000010   Code   RO          868    i.spfd5408_ReadID   spfd5408.o
    0x0800a918   0x00000016   Code   RO          869    i.spfd5408_ReadPixel  spfd5408.o
    0x0800a92e   0x0000001e   Code   RO          871    i.spfd5408_SetCursor  spfd5408.o
    0x0800a94c   0x00000040   Code   RO          872    i.spfd5408_SetDisplayWindow  spfd5408.o
    0x0800a98c   0x00000016   Code   RO          873    i.spfd5408_WritePixel  spfd5408.o
    0x0800a9a2   0x00000010   Code   RO          874    i.spfd5408_WriteReg  spfd5408.o
    0x0800a9b2   0x000023d6   Data   RO          398    .constdata          main.o
    0x0800cd88   0x00000018   Data   RO          715    .constdata          lcd.o
    0x0800cda0   0x00000019   Data   RO         1319    .constdata          system_stm32l1xx.o
    0x0800cdb9   0x00000008   Data   RO         1320    .constdata          system_stm32l1xx.o
    0x0800cdc1   0x00001ab8   Data   RO         5009    .constdata          stm32l152d_eval_lcd.o
    0x0800e879   0x00000ed8   Data   RO         5010    .constdata          stm32l152d_eval_lcd.o
    0x0800f751   0x00000be0   Data   RO         5011    .constdata          stm32l152d_eval_lcd.o
    0x08010331   0x00000474   Data   RO         5012    .constdata          stm32l152d_eval_lcd.o
    0x080107a5   0x00000001   PAD
    0x080107a6   0x0000002a   Data   RO         5571    .constdata          stm32l152d_eval.o
    0x080107d0   0x00000020   Data   RO         6132    Region$$Table       anon$$obj.o


    Execution Region RW_IRAM1 (Base: 0x20000000, Size: 0x000077b8, Max: 0x0000c000, ABSOLUTE, COMPRESSED[0x000001e0])

    Base Addr    Size         Type   Attr      Idx    E Section Name        Object

    0x20000000   0x0000000e   Data   RW          309    .data               nor.o
    0x2000000e   0x00000002   PAD
    0x20000010   0x00000014   Data   RW          345    .data               audio_record.o
    0x20000024   0x00000268   Data   RW          399    .data               main.o
    0x2000028c   0x00000003   Data   RW          460    .data               sram.o
    0x2000028f   0x00000001   PAD
    0x20000290   0x00000010   Data   RW          495    .data               audio_play.o
    0x200002a0   0x00000005   Data   RW          575    .data               eeprom.o
    0x200002a5   0x00000001   PAD
    0x200002a6   0x0000000a   Data   RW          683    .data               joystick.o
    0x200002b0   0x00000001   Data   RW          716    .data               lcd.o
    0x200002b1   0x00000003   PAD
    0x200002b4   0x00000038   Data   RW          766    .data               ili9320.o
    0x200002ec   0x00000001   Data   RW          767    .data               ili9320.o
    0x200002ed   0x00000003   PAD
    0x200002f0   0x00000038   Data   RW          876    .data               spfd5408.o
    0x20000328   0x00000001   Data   RW          877    .data               spfd5408.o
    0x20000329   0x00000003   PAD
    0x2000032c   0x00000010   Data   RW          970    .data               stlm75.o
    0x2000033c   0x00000038   Data   RW         1021    .data               hx8347d.o
    0x20000374   0x00000001   Data   RW         1022    .data               hx8347d.o
    0x20000375   0x00000003   PAD
    0x20000378   0x00000030   Data   RW         1124    .data               cs43l22.o
    0x200003a8   0x00000002   Data   RW         1125    .data               cs43l22.o
    0x200003aa   0x00000002   PAD
    0x200003ac   0x00000038   Data   RW         1221    .data               ili9325.o
    0x200003e4   0x00000004   Data   RW         1321    .data               system_stm32l1xx.o
    0x200003e8   0x00000004   Data   RW         1404    .data               stm32l1xx_hal.o
    0x200003ec   0x00000004   Data   RW         4104    .data               stm32l1xx_hal_nor.o
    0x200003f0   0x00000014   Data   RW         4616    .data               lcd_log.o
    0x20000404   0x00000008   Data   RW         4716    .data               stm32l152d_eval_audio.o
    0x2000040c   0x00000020   Data   RW         4899    .data               stm32l152d_eval_eeprom.o
    0x2000042c   0x00000010   Data   RW         5014    .data               stm32l152d_eval_lcd.o
    0x2000043c   0x00000008   Data   RW         5015    .data               stm32l152d_eval_lcd.o
    0x20000444   0x00000008   Data   RW         5016    .data               stm32l152d_eval_lcd.o
    0x2000044c   0x00000008   Data   RW         5017    .data               stm32l152d_eval_lcd.o
    0x20000454   0x00000008   Data   RW         5488    .data               stm32l152d_eval_tsensor.o
    0x2000045c   0x00000044   Data   RW         5576    .data               stm32l152d_eval.o
    0x200004a0   0x00000004   Data   RW         6104    .data               mc_w.l(stdout.o)
    0x200004a4   0x00000400   Zero   RW          308    .bss                nor.o
    0x200008a4   0x00000600   Zero   RW          344    .bss                audio_record.o
    0x20000ea4   0x00000400   Zero   RW          459    .bss                sram.o
    0x200012a4   0x00000004   PAD
    0x200012a8   0x00001458   Zero   RW          617    .bss                sd.o
    0x20002700   0x00000280   Zero   RW          765    .bss                ili9320.o
    0x20002980   0x00000280   Zero   RW          875    .bss                spfd5408.o
    0x20002c00   0x00000280   Zero   RW         1020    .bss                hx8347d.o
    0x20002e80   0x00000280   Zero   RW         1220    .bss                ili9325.o
    0x20003100   0x00003ac8   Zero   RW         4615    .bss                lcd_log.o
    0x20006bc8   0x0000018c   Zero   RW         4715    .bss                stm32l152d_eval_audio.o
    0x20006d54   0x00000374   Zero   RW         5008    .bss                stm32l152d_eval_lcd.o
    0x200070c8   0x00000140   Zero   RW         5235    .bss                stm32l152d_eval_sd.o
    0x20007208   0x0000005c   Zero   RW         5355    .bss                stm32l152d_eval_nor.o
    0x20007264   0x000000a4   Zero   RW         5431    .bss                stm32l152d_eval_sram.o
    0x20007308   0x000000ac   Zero   RW         5570    .bss                stm32l152d_eval.o
    0x200073b4   0x00000004   PAD
    0x200073b8   0x00000400   Zero   RW            1    STACK               startup_stm32l152xd.o


==============================================================================

Image component sizes


      Code (inc. data)   RO Data    RW Data    ZI Data      Debug   Object Name

      1204        334          0         16          0       4602   audio_play.o
       672        160          0         20       1536       3695   audio_record.o
       686         28          0         50          0      10469   cs43l22.o
      1316        546          0          5          0       3706   eeprom.o
      1122         20          0         57        640      10996   hx8347d.o
      1114         20          0         57        640      12235   ili9320.o
      1086         10          0         56        640      12191   ili9325.o
       464         94          0         10          0       1468   joystick.o
      1032        208         24          1          0       3923   lcd.o
       912         44          0         20      15048       8070   lcd_log.o
       200         68          0          0          0        591   log.o
       802        166       9174        616          0       6134   main.o
       884        330          0         14       1024       2478   nor.o
      1088        422          0          0       5208       2441   sd.o
      1118         18          0         57        640      11075   spfd5408.o
       732        294          0          3       1024       2294   sram.o
        36          8        292          0       1024        848   startup_stm32l152xd.o
       166          0          0         16          0       3689   stlm75.o
      2330        276         42         68        172      30394   stm32l152d_eval.o
      1318        164          0          8        396      14563   stm32l152d_eval_audio.o
       632         40          0         32          0       8721   stm32l152d_eval_eeprom.o
      2754        170      14820         40        884      28470   stm32l152d_eval_lcd.o
       528         60          0          0         92       6311   stm32l152d_eval_nor.o
       432         56          0          0        320       7548   stm32l152d_eval_sd.o
       440         50          0          0        164       3757   stm32l152d_eval_sram.o
       112         16          0          8          0       2175   stm32l152d_eval_tsensor.o
       136         22          0          4          0       4633   stm32l1xx_hal.o
      1638         70          0          0          0      10083   stm32l1xx_hal_adc.o
       194         14          0          0          0      27503   stm32l1xx_hal_cortex.o
       618         24          0          0          0       4892   stm32l1xx_hal_dma.o
       484         46          0          0          0       4323   stm32l1xx_hal_gpio.o
      2546         34          0          0          0      15072   stm32l1xx_hal_i2c.o
       714         14          0          0          0       7340   stm32l1xx_hal_i2s.o
      1018         22          0          4          0       8239   stm32l1xx_hal_nor.o
      1012         16          0          0          0       4269   stm32l1xx_hal_opamp.o
        16          6          0          0          0        612   stm32l1xx_hal_pwr_ex.o
      2856         94          0          0          0       7048   stm32l1xx_hal_rcc.o
      4032         24          0          0          0      21791   stm32l1xx_hal_sd.o
      1214          0          0          0          0       5540   stm32l1xx_hal_spi.o
       132          0          0          0          0       1187   stm32l1xx_hal_spi_ex.o
       208          0          0          0          0       3432   stm32l1xx_hal_sram.o
       242         24          0          0          0       4512   stm32l1xx_hal_tim.o
        80          0          0          0          0       1256   stm32l1xx_hal_tim_ex.o
        84          8          0          0          0     512740   stm32l1xx_it.o
       370         10          0          0          0       3191   stm32l1xx_ll_fsmc.o
       158          4          0          0          0       6209   stm32l1xx_ll_sdmmc.o
        80         18         33          4          0       1347   system_stm32l1xx.o
       664        214          0          0          0       1883   temperature_sensor.o

    ----------------------------------------------------------------------
     41750       4266      24418       1184      29460     859946   Object Totals
         0          0         32          0          0          0   (incl. Generated)
        74          0          1         18          8          0   (incl. Padding)

    ----------------------------------------------------------------------

      Code (inc. data)   RO Data    RW Data    ZI Data      Debug   Library Member Name

        86          0          0          0          0          0   __dczerorl2.o
         0          0          0          0          0          0   entry.o
         0          0          0          0          0          0   entry10a.o
         0          0          0          0          0          0   entry11a.o
         8          4          0          0          0          0   entry2.o
         4          0          0          0          0          0   entry5.o
         0          0          0          0          0          0   entry7b.o
         0          0          0          0          0          0   entry8b.o
         8          4          0          0          0          0   entry9a.o
        30          0          0          0          0          0   handlers.o
        36          8          0          0          0         68   init.o
         0          0          0          0          0          0   iusefp.o
        30          0          0          0          0         68   llshl.o
        32          0          0          0          0         68   llushr.o
        36          0          0          0          0         68   memcpya.o
        36          0          0          0          0        108   memseta.o
       700         24          0          0          0        488   printf4.o
         0          0          0          4          0          0   stdout.o
        98          0          0          0          0         92   uldiv.o
       124          0          0          0          0         88   fdiv.o
       110          0          0          0          0        168   fepilogue.o
        40          0          0          0          0         68   ffixui.o
        18          0          0          0          0         68   fflti.o

    ----------------------------------------------------------------------
      1400         40          0          4          0       1352   Library Totals
         4          0          0          0          0          0   (incl. Padding)

    ----------------------------------------------------------------------

      Code (inc. data)   RO Data    RW Data    ZI Data      Debug   Library Name

      1104         40          0          4          0        960   mc_w.l
       292          0          0          0          0        392   mf_w.l

    ----------------------------------------------------------------------
      1400         40          0          4          0       1352   Library Totals

    ----------------------------------------------------------------------

==============================================================================


      Code (inc. data)   RO Data    RW Data    ZI Data      Debug   

     43150       4306      24418       1188      29460     840886   Grand Totals
     43150       4306      24418        480      29460     840886   ELF Image Totals (compressed)
     43150       4306      24418        480          0          0   ROM Totals

==============================================================================

    Total RO  Size (Code + RO Data)                67568 (  65.98kB)
    Total RW  Size (RW Data + ZI Data)             30648 (  29.93kB)
    Total ROM Size (Code + RO Data + RW Data)      68048 (  66.45kB)

==============================================================================

